Archive member included to satisfy reference by file (symbol)

C:/ST/STM32CubeIDE_1.19.0/STM32CubeIDE/plugins/com.st.stm32cube.ide.mcu.externaltools.gnu-tools-for-stm32.13.3.rel1.win32_1.0.0.202411081344/tools/bin/../lib/gcc/arm-none-eabi/13.3.1/../../../../arm-none-eabi/lib/thumb/v7-m/nofp\libc_nano.a(libc_a-exit.o)
                              C:/ST/STM32CubeIDE_1.19.0/STM32CubeIDE/plugins/com.st.stm32cube.ide.mcu.externaltools.gnu-tools-for-stm32.13.3.rel1.win32_1.0.0.202411081344/tools/bin/../lib/gcc/arm-none-eabi/13.3.1/../../../../arm-none-eabi/lib/thumb/v7-m/nofp/crt0.o (exit)
C:/ST/STM32CubeIDE_1.19.0/STM32CubeIDE/plugins/com.st.stm32cube.ide.mcu.externaltools.gnu-tools-for-stm32.13.3.rel1.win32_1.0.0.202411081344/tools/bin/../lib/gcc/arm-none-eabi/13.3.1/../../../../arm-none-eabi/lib/thumb/v7-m/nofp\libc_nano.a(libc_a-findfp.o)
                              C:/ST/STM32CubeIDE_1.19.0/STM32CubeIDE/plugins/com.st.stm32cube.ide.mcu.externaltools.gnu-tools-for-stm32.13.3.rel1.win32_1.0.0.202411081344/tools/bin/../lib/gcc/arm-none-eabi/13.3.1/../../../../arm-none-eabi/lib/thumb/v7-m/nofp\libc_nano.a(libc_a-exit.o) (__stdio_exit_handler)
C:/ST/STM32CubeIDE_1.19.0/STM32CubeIDE/plugins/com.st.stm32cube.ide.mcu.externaltools.gnu-tools-for-stm32.13.3.rel1.win32_1.0.0.202411081344/tools/bin/../lib/gcc/arm-none-eabi/13.3.1/../../../../arm-none-eabi/lib/thumb/v7-m/nofp\libc_nano.a(libc_a-fwalk.o)
                              C:/ST/STM32CubeIDE_1.19.0/STM32CubeIDE/plugins/com.st.stm32cube.ide.mcu.externaltools.gnu-tools-for-stm32.13.3.rel1.win32_1.0.0.202411081344/tools/bin/../lib/gcc/arm-none-eabi/13.3.1/../../../../arm-none-eabi/lib/thumb/v7-m/nofp\libc_nano.a(libc_a-findfp.o) (_fwalk_sglue)
C:/ST/STM32CubeIDE_1.19.0/STM32CubeIDE/plugins/com.st.stm32cube.ide.mcu.externaltools.gnu-tools-for-stm32.13.3.rel1.win32_1.0.0.202411081344/tools/bin/../lib/gcc/arm-none-eabi/13.3.1/../../../../arm-none-eabi/lib/thumb/v7-m/nofp\libc_nano.a(libc_a-sprintf.o)
                              ./Core/Src/logger.o (sprintf)
C:/ST/STM32CubeIDE_1.19.0/STM32CubeIDE/plugins/com.st.stm32cube.ide.mcu.externaltools.gnu-tools-for-stm32.13.3.rel1.win32_1.0.0.202411081344/tools/bin/../lib/gcc/arm-none-eabi/13.3.1/../../../../arm-none-eabi/lib/thumb/v7-m/nofp\libc_nano.a(libc_a-sscanf.o)
                              ./Core/Src/logger.o (sscanf)
C:/ST/STM32CubeIDE_1.19.0/STM32CubeIDE/plugins/com.st.stm32cube.ide.mcu.externaltools.gnu-tools-for-stm32.13.3.rel1.win32_1.0.0.202411081344/tools/bin/../lib/gcc/arm-none-eabi/13.3.1/../../../../arm-none-eabi/lib/thumb/v7-m/nofp\libc_nano.a(libc_a-stdio.o)
                              C:/ST/STM32CubeIDE_1.19.0/STM32CubeIDE/plugins/com.st.stm32cube.ide.mcu.externaltools.gnu-tools-for-stm32.13.3.rel1.win32_1.0.0.202411081344/tools/bin/../lib/gcc/arm-none-eabi/13.3.1/../../../../arm-none-eabi/lib/thumb/v7-m/nofp\libc_nano.a(libc_a-findfp.o) (__sread)
C:/ST/STM32CubeIDE_1.19.0/STM32CubeIDE/plugins/com.st.stm32cube.ide.mcu.externaltools.gnu-tools-for-stm32.13.3.rel1.win32_1.0.0.202411081344/tools/bin/../lib/gcc/arm-none-eabi/13.3.1/../../../../arm-none-eabi/lib/thumb/v7-m/nofp\libc_nano.a(libc_a-memset.o)
                              C:/ST/STM32CubeIDE_1.19.0/STM32CubeIDE/plugins/com.st.stm32cube.ide.mcu.externaltools.gnu-tools-for-stm32.13.3.rel1.win32_1.0.0.202411081344/tools/bin/../lib/gcc/arm-none-eabi/13.3.1/../../../../arm-none-eabi/lib/thumb/v7-m/nofp/crt0.o (memset)
C:/ST/STM32CubeIDE_1.19.0/STM32CubeIDE/plugins/com.st.stm32cube.ide.mcu.externaltools.gnu-tools-for-stm32.13.3.rel1.win32_1.0.0.202411081344/tools/bin/../lib/gcc/arm-none-eabi/13.3.1/../../../../arm-none-eabi/lib/thumb/v7-m/nofp\libc_nano.a(libc_a-strncmp.o)
                              ./Core/Src/logger.o (strncmp)
C:/ST/STM32CubeIDE_1.19.0/STM32CubeIDE/plugins/com.st.stm32cube.ide.mcu.externaltools.gnu-tools-for-stm32.13.3.rel1.win32_1.0.0.202411081344/tools/bin/../lib/gcc/arm-none-eabi/13.3.1/../../../../arm-none-eabi/lib/thumb/v7-m/nofp\libc_nano.a(libc_a-closer.o)
                              C:/ST/STM32CubeIDE_1.19.0/STM32CubeIDE/plugins/com.st.stm32cube.ide.mcu.externaltools.gnu-tools-for-stm32.13.3.rel1.win32_1.0.0.202411081344/tools/bin/../lib/gcc/arm-none-eabi/13.3.1/../../../../arm-none-eabi/lib/thumb/v7-m/nofp\libc_nano.a(libc_a-stdio.o) (_close_r)
C:/ST/STM32CubeIDE_1.19.0/STM32CubeIDE/plugins/com.st.stm32cube.ide.mcu.externaltools.gnu-tools-for-stm32.13.3.rel1.win32_1.0.0.202411081344/tools/bin/../lib/gcc/arm-none-eabi/13.3.1/../../../../arm-none-eabi/lib/thumb/v7-m/nofp\libc_nano.a(libc_a-reent.o)
                              C:/ST/STM32CubeIDE_1.19.0/STM32CubeIDE/plugins/com.st.stm32cube.ide.mcu.externaltools.gnu-tools-for-stm32.13.3.rel1.win32_1.0.0.202411081344/tools/bin/../lib/gcc/arm-none-eabi/13.3.1/../../../../arm-none-eabi/lib/thumb/v7-m/nofp\libc_nano.a(libc_a-closer.o) (errno)
[...]
Memory Configuration

Name             Origin             Length             Attributes
RAM              0x20000000         0x00005000         xrw
FLASH            0x08000000         0x00020000         xr
*default*        0x00000000         0xffffffff

Linker script and memory map

LOAD C:/ST/STM32CubeIDE_1.19.0/STM32CubeIDE/plugins/com.st.stm32cube.ide.mcu.externaltools.gnu-tools-for-stm32.13.3.rel1.win32_1.0.0.202411081344/tools/bin/../lib/gcc/arm-none-eabi/13.3.1/thumb/v7-m/nofp/crti.o
LOAD C:/ST/STM32CubeIDE_1.19.0/STM32CubeIDE/plugins/com.st.stm32cube.ide.mcu.externaltools.gnu-tools-for-stm32.13.3.rel1.win32_1.0.0.202411081344/tools/bin/../lib/gcc/arm-none-eabi/13.3.1/thumb/v7-m/nofp/crtbegin.o
LOAD C:/ST/STM32CubeIDE_1.19.0/STM32CubeIDE/plugins/com.st.stm32cube.ide.mcu.externaltools.gnu-tools-for-stm32.13.3.rel1.win32_1.0.0.202411081344/tools/bin/../lib/gcc/arm-none-eabi/13.3.1/../../../../arm-none-eabi/lib/thumb/v7-m/nofp/crt0.o
LOAD ./Core/Src/app.o
LOAD ./Core/Src/display.o
LOAD ./Core/Src/eeprom.o
LOAD ./Core/Src/logger.o
LOAD ./Core/Src/main.o
LOAD ./Core/Src/stm32f1xx_hal_msp.o
LOAD ./Core/Src/stm32f1xx_it.o
LOAD ./Core/Src/syscalls.o
LOAD ./Core/Src/system_stm32f1xx.o
LOAD ./Core/Src/task_actuator.o
LOAD ./Core/Src/task_actuator_interface.o
LOAD ./Core/Src/task_display.o
LOAD ./Core/Src/task_display_interface.o
LOAD ./Core/Src/task_sensor.o
LOAD ./Core/Src/task_sensor_interface.o
LOAD ./Core/Src/task_system.o
LOAD ./Core/Src/task_system_interface.o
LOAD ./Core/Startup/startup_stm32f103rbtx.o
LOAD ./Drivers/STM32F1xx_HAL_Driver/Src/stm32f1xx_hal.o
LOAD ./Drivers/STM32F1xx_HAL_Driver/Src/stm32f1xx_hal_adc.o
LOAD ./Drivers/STM32F1xx_HAL_Driver/Src/stm32f1xx_hal_adc_ex.o
LOAD ./Drivers/STM32F1xx_HAL_Driver/Src/stm32f1xx_hal_cortex.o
LOAD ./Drivers/STM32F1xx_HAL_Driver/Src/stm32f1xx_hal_dma.o
LOAD ./Drivers/STM32F1xx_HAL_Driver/Src/stm32f1xx_hal_exti.o
LOAD ./Drivers/STM32F1xx_HAL_Driver/Src/stm32f1xx_hal_flash.o
LOAD ./Drivers/STM32F1xx_HAL_Driver/Src/stm32f1xx_hal_flash_ex.o
LOAD ./Drivers/STM32F1xx_HAL_Driver/Src/stm32f1xx_hal_gpio.o
LOAD ./Drivers/STM32F1xx_HAL_Driver/Src/stm32f1xx_hal_gpio_ex.o
LOAD ./Drivers/STM32F1xx_HAL_Driver/Src/stm32f1xx_hal_i2c.o
LOAD ./Drivers/STM32F1xx_HAL_Driver/Src/stm32f1xx_hal_pwr.o
LOAD ./Drivers/STM32F1xx_HAL_Driver/Src/stm32f1xx_hal_rcc.o
LOAD ./Drivers/STM32F1xx_HAL_Driver/Src/stm32f1xx_hal_rcc_ex.o
LOAD ./Drivers/STM32F1xx_HAL_Driver/Src/stm32f1xx_hal_uart.o
START GROUP
LOAD C:/ST/STM32CubeIDE_1.19.0/STM32CubeIDE/plugins/com.st.stm32cube.ide.mcu.externaltools.gnu-tools-for-stm32.13.3.rel1.win32_1.0.0.202411081344/tools/bin/../lib/gcc/arm-none-eabi/13.3.1/../../../../arm-none-eabi/lib/thumb/v7-m/nofp\libc_nano.a
LOAD C:/ST/STM32CubeIDE_1.19.0/STM32CubeIDE/plugins/com.st.stm32cube.ide.mcu.externaltools.gnu-tools-for-stm32.13.3.rel1.win32_1.0.0.202411081344/tools/bin/../lib/gcc/arm-none-eabi/13.3.1/../../../../arm-none-eabi/lib/thumb/v7-m/nofp\libm.a
END GROUP
START GROUP
LOAD C:/ST/STM32CubeIDE_1.19.0/STM32CubeIDE/plugins/com.st.stm32cube.ide.mcu.externaltools.gnu-tools-for-stm32.13.3.rel1.win32_1.0.0.202411081344/tools/bin/../lib/gcc/arm-none-eabi/13.3.1/thumb/v7-m/nofp\libgcc.a
LOAD C:/ST/STM32CubeIDE_1.19.0/STM32CubeIDE/plugins/com.st.stm32cube.ide.mcu.externaltools.gnu-tools-for-stm32.13.3.rel1.win32_1.0.0.202411081344/tools/bin/../lib/gcc/arm-none-eabi/13.3.1/../../../../arm-none-eabi/lib/thumb/v7-m/nofp\libc_nano.a
END GROUP
START GROUP
LOAD C:/ST/STM32CubeIDE_1.19.0/STM32CubeIDE/plugins/com.st.stm32cube.ide.mcu.externaltools.gnu-tools-for-stm32.13.3.rel1.win32_1.0.0.202411081344/tools/bin/../lib/gcc/arm-none-eabi/13.3.1/thumb/v7-m/nofp\libgcc.a
LOAD C:/ST/STM32CubeIDE_1.19.0/STM32CubeIDE/plugins/com.st.stm32cube.ide.mcu.externaltools.gnu-tools-for-stm32.13.3.rel1.win32_1.0.0.202411081344/tools/bin/../lib/gcc/arm-none-eabi/13.3.1/../../../../arm-none-eabi/lib/thumb/v7-m/nofp\libc_nano.a
LOAD C:/ST/STM32CubeIDE_1.19.0/STM32CubeIDE/plugins/com.st.stm32cube.ide.mcu.externaltools.gnu-tools-for-stm32.13.3.rel1.win32_1.0.0.202411081344/tools/bin/../lib/gcc/arm-none-eabi/13.3.1/../../../../arm-none-eabi/lib/thumb/v7-m/nofp\libnosys.a
END GROUP
START GROUP
LOAD C:/ST/STM32CubeIDE_1.19.0/STM32CubeIDE/plugins/com.st.stm32cube.ide.mcu.externaltools.gnu-tools-for-stm32.13.3.rel1.win32_1.0.0.202411081344/tools/bin/../lib/gcc/arm-none-eabi/13.3.1/thumb/v7-m/nofp\libgcc.a
LOAD C:/ST/STM32CubeIDE_1.19.0/STM32CubeIDE/plugins/com.st.stm32cube.ide.mcu.externaltools.gnu-tools-for-stm32.13.3.rel1.win32_1.0.0.202411081344/tools/bin/../lib/gcc/arm-none-eabi/13.3.1/../../../../arm-none-eabi/lib/thumb/v7-m/nofp\libc_nano.a
LOAD C:/ST/STM32CubeIDE_1.19.0/STM32CubeIDE/plugins/com.st.stm32cube.ide.mcu.externaltools.gnu-tools-for-stm32.13.3.rel1.win32_1.0.0.202411081344/tools/bin/../lib/gcc/arm-none-eabi/13.3.1/../../../../arm-none-eabi/lib/thumb/v7-m/nofp\libnosys.a
END GROUP
LOAD C:/ST/STM32CubeIDE_1.19.0/STM32CubeIDE/plugins/com.st.stm32cube.ide.mcu.externaltools.gnu-tools-for-stm32.13.3.rel1.win32_1.0.0.202411081344/tools/bin/../lib/gcc/arm-none-eabi/13.3.1/thumb/v7-m/nofp/crtend.o
LOAD C:/ST/STM32CubeIDE_1.19.0/STM32CubeIDE/plugins/com.st.stm32cube.ide.mcu.externaltools.gnu-tools-for-stm32.13.3.rel1.win32_1.0.0.202411081344/tools/bin/../lib/gcc/arm-none-eabi/13.3.1/thumb/v7-m/nofp/crtn.o
                0x20005000                        _estack = (ORIGIN (RAM) + LENGTH (RAM))
                0x00000200                        _Min_Heap_Size = 0x200
                0x00000400                        _Min_Stack_Size = 0x400

.isr_vector     0x08000000      0x10c
                0x08000000                        . = ALIGN (0x4)
 *(.isr_vector)
 .isr_vector    0x08000000      0x10c ./Core/Startup/startup_stm32f103rbtx.o
                0x08000000                g_pfnVectors
                0x0800010c                        . = ALIGN (0x4)

.text           0x0800010c     0x6134
                0x0800010c                        . = ALIGN (0x4)
 *(.text)
 .text          0x0800010c       0x40 C:/ST/STM32CubeIDE_1.19.0/STM32CubeIDE/plugins/com.st.stm32cube.ide.mcu.externaltools.gnu-tools-for-stm32.13.3.rel1.win32_1.0.0.202411081344/tools/bin/../lib/gcc/arm-none-eabi/13.3.1/thumb/v7-m/nofp/crtbegin.o
 .text          0x0800014c       0x10 C:/ST/STM32CubeIDE_1.19.0/STM32CubeIDE/plugins/com.st.stm32cube.ide.mcu.externaltools.gnu-tools-for-stm32.13.3.rel1.win32_1.0.0.202411081344/tools/bin/../lib/gcc/arm-none-eabi/13.3.1/../../../../arm-none-eabi/lib/thumb/v7-m/nofp\libc_nano.a(libc_a-strlen.o)
                0x0800014c                strlen
 *(.text*)
 .text.app_init
                0x0800015c       0x58 ./Core/Src/app.o
                0x0800015c                app_init
 .text.app_update
                0x080001b4       0xa0 ./Core/Src/app.o
                0x080001b4                app_update
 .text.lcd_send_cmd
                0x08000254       0x60 ./Core/Src/display.o
                0x08000254                lcd_send_cmd
 .text.lcd_send_data
                0x080002b4       0x60 ./Core/Src/display.o
                0x080002b4                lcd_send_data
 .text.lcd_init
                0x08000314       0x7a ./Core/Src/display.o
                0x08000314                lcd_init
 .text.lcd_send_string
                0x0800038e       0x2a ./Core/Src/display.o
                0x0800038e                lcd_send_string
 .text.lcd_set_cursor
                0x080003b8       0x3e ./Core/Src/display.o
                0x080003b8                lcd_set_cursor
 .text.lcd_clear
                0x080003f6       0x14 ./Core/Src/display.o
                0x080003f6                lcd_clear
 *fill*         0x0800040a        0x2 
 .text.eeprom_read_settings
                0x0800040c       0x84 ./Core/Src/eeprom.o
                0x0800040c                eeprom_read_settings
 .text.eeprom_write_settings
                0x08000490       0x94 ./Core/Src/eeprom.o
                0x08000490                eeprom_write_settings
 .text.calculate_checksum
                0x08000524       0x3e ./Core/Src/eeprom.o
 *fill*         0x08000562        0x2 
 .text.logger_init
                0x08000564       0x3c ./Core/Src/logger.o
                0x08000564                logger_init
 .text.logger_update
                0x080005a0       0x44 ./Core/Src/logger.o
                0x080005a0                logger_update
 .text.process_bt_command
                0x080005e4       0x84 ./Core/Src/logger.o
 .text.send_telemetry
                0x08000668       0x80 ./Core/Src/logger.o
 .text.main     0x080006e8       0x2a ./Core/Src/main.o
                0x080006e8                main
 .text.SystemClock_Config
                0x08000712       0xac ./Core/Src/main.o
                0x08000712                SystemClock_Config
 *fill*         0x080007be        0x2 
 .text.MX_ADC1_Init
                0x080007c0       0x7c ./Core/Src/main.o
 .text.MX_I2C1_Init
                0x0800083c       0x5c ./Core/Src/main.o
 .text.MX_USART2_UART_Init
                0x08000898       0x54 ./Core/Src/main.o
 .text.MX_DMA_Init
                0x080008ec       0x3c ./Core/Src/main.o
 .text.MX_GPIO_Init
                0x08000928       0xd0 ./Core/Src/main.o
 .text.Error_Handler
                0x080009f8        0xc ./Core/Src/main.o
                0x080009f8                Error_Handler
 .text.HAL_MspInit
                0x08000a04       0x64 ./Core/Src/stm32f1xx_hal_msp.o
                0x08000a04                HAL_MspInit
 .text.HAL_ADC_MspInit
                0x08000a68       0xd0 ./Core/Src/stm32f1xx_hal_msp.o
                0x08000a68                HAL_ADC_MspInit
 .text.HAL_I2C_MspInit
                0x08000b38       0x7c ./Core/Src/stm32f1xx_hal_msp.o
                0x08000b38                HAL_I2C_MspInit
 .text.HAL_UART_MspInit
                0x08000bb4       0x7c ./Core/Src/stm32f1xx_hal_msp.o
                0x08000bb4                HAL_UART_MspInit
 .text.NMI_Handler
                0x08000c30        0x8 ./Core/Src/stm32f1xx_it.o
                0x08000c30                NMI_Handler
 .text.HardFault_Handler
                0x08000c38        0x8 ./Core/Src/stm32f1xx_it.o
                0x08000c38                HardFault_Handler
 .text.MemManage_Handler
                0x08000c40        0x8 ./Core/Src/stm32f1xx_it.o
                0x08000c40                MemManage_Handler
 .text.BusFault_Handler
                0x08000c48        0x8 ./Core/Src/stm32f1xx_it.o
                0x08000c48                BusFault_Handler
 .text.UsageFault_Handler
                0x08000c50        0x8 ./Core/Src/stm32f1xx_it.o
                0x08000c50                UsageFault_Handler
 .text.SVC_Handler
                0x08000c58        0xc ./Core/Src/stm32f1xx_it.o
                0x08000c58                SVC_Handler
 .text.DebugMon_Handler
                0x08000c64        0xc ./Core/Src/stm32f1xx_it.o
                0x08000c64                DebugMon_Handler
 .text.PendSV_Handler
                0x08000c70        0xc ./Core/Src/stm32f1xx_it.o
                0x08000c70                PendSV_Handler
 .text.SysTick_Handler
                0x08000c7c        0xc ./Core/Src/stm32f1xx_it.o
                0x08000c7c                SysTick_Handler
 .text.DMA1_Channel1_IRQHandler
                0x08000c88       0x14 ./Core/Src/stm32f1xx_it.o
                0x08000c88                DMA1_Channel1_IRQHandler
 .text.EXTI15_10_IRQHandler
                0x08000c9c       0x10 ./Core/Src/stm32f1xx_it.o
                0x08000c9c                EXTI15_10_IRQHandler
 .text._sbrk    0x08000cac       0x3c ./Core/Src/syscalls.o
                0x08000cac                _sbrk
 .text.SystemInit
                0x08000ce8        0xc ./Core/Src/system_stm32f1xx.o
                0x08000ce8                SystemInit
 .text.task_actuator_init
                0x08000cf4       0x88 ./Core/Src/task_actuator.o
                0x08000cf4                task_actuator_init
 .text.task_actuator_update
                0x08000d7c      0x148 ./Core/Src/task_actuator.o
                0x08000d7c                task_actuator_update
 .text.put_actuator_sector
                0x08000ec4       0x2c ./Core/Src/task_actuator_interface.o
                0x08000ec4                put_actuator_sector
 .text.put_actuator_status_led
                0x08000ef0       0x2c ./Core/Src/task_actuator_interface.o
                0x08000ef0                put_actuator_status_led
 .text.put_actuator_buzzer
                0x08000f1c       0x20 ./Core/Src/task_actuator_interface.o
                0x08000f1c                put_actuator_buzzer
 .text.get_actuator_sector_state
                0x08000f3c       0x2c ./Core/Src/task_actuator_interface.o
                0x08000f3c                get_actuator_sector_state
 .text.task_display_init
                0x08000f68       0x68 ./Core/Src/task_display.o
                0x08000f68                task_display_init
 .text.task_display_update
                0x08000fd0      0x140 ./Core/Src/task_display.o
                0x08000fd0                task_display_update
 .text.init_and_load_eeprom
                0x08001110       0x52 ./Core/Src/task_display.o
 *fill*         0x08001162        0x2 
 .text.render_normal_mode
                0x08001164       0xd4 ./Core/Src/task_display.o
 .text.handle_setup_navigation
                0x08001238       0xb0 ./Core/Src/task_display.o
 .text.render_setup_mode
                0x080012e8       0x74 ./Core/Src/task_display.o
 .text.render_falla_mode
                0x0800135c       0x4c ./Core/Src/task_display.o
 .text.task_sensor_init
                0x080013a8       0xd0 ./Core/Src/task_sensor.o
                0x080013a8                task_sensor_init
 .text.task_sensor_update
                0x08001478       0x28 ./Core/Src/task_sensor.o
                0x08001478                task_sensor_update
 .text.task_sensor_adc_cplt_callback
                0x080014a0        0xc ./Core/Src/task_sensor.o
                0x080014a0                task_sensor_adc_cplt_callback
 .text.HAL_ADC_ConvCpltCallback
                0x080014ac       0x24 ./Core/Src/task_sensor.o
                0x080014ac                HAL_ADC_ConvCpltCallback
 .text.process_adc_data
                0x080014d0      0x120 ./Core/Src/task_sensor.o
 .text.button_debounce_update
                0x080015f0      0x178 ./Core/Src/task_sensor.o
 .text.update_dip_switches
                0x08001768       0x78 ./Core/Src/task_sensor.o
 .text.get_sensor_wind_speed
                0x080017e0       0x14 ./Core/Src/task_sensor_interface.o
                0x080017e0                get_sensor_wind_speed
 .text.get_sensor_wind_dir
                0x080017f4       0x14 ./Core/Src/task_sensor_interface.o
                0x080017f4                get_sensor_wind_dir
 .text.get_sensor_light
                0x08001808       0x14 ./Core/Src/task_sensor_interface.o
                0x08001808                get_sensor_light
 .text.get_sensor_adc_error
                0x0800181c       0x18 ./Core/Src/task_sensor_interface.o
                0x0800181c                get_sensor_adc_error
 .text.get_sensor_btn_enter_pressed
                0x08001834       0x24 ./Core/Src/task_sensor_interface.o
                0x08001834                get_sensor_btn_enter_pressed
 .text.get_sensor_btn_up_pressed
                0x08001858       0x24 ./Core/Src/task_sensor_interface.o
                0x08001858                get_sensor_btn_up_pressed
 .text.get_sensor_btn_down_pressed
                0x0800187c       0x24 ./Core/Src/task_sensor_interface.o
                0x0800187c                get_sensor_btn_down_pressed
 .text.task_system_init
                0x080018a0       0x2c ./Core/Src/task_system.o
                0x080018a0                task_system_init
 .text.task_system_update
                0x080018cc      0x158 ./Core/Src/task_system.o
                0x080018cc                task_system_update
 .text.evaluate_irrigation_logic
                0x08001a24      0x114 ./Core/Src/task_system.o
 .text.suspend_irrigation
                0x08001b38       0x28 ./Core/Src/task_system.o
 .text.init_event_task_system
                0x08001b60       0x20 ./Core/Src/task_system_interface.o
                0x08001b60                init_event_task_system
 .text.put_event_task_system
                0x08001b80       0x28 ./Core/Src/task_system_interface.o
                0x08001b80                put_event_task_system
 .text.get_event_task_system
                0x08001ba8       0x20 ./Core/Src/task_system_interface.o
                0x08001ba8                get_event_task_system
 .text.any_event_task_system
                0x08001bc8       0x14 ./Core/Src/task_system_interface.o
                0x08001bc8                any_event_task_system
 .text.get_sys_wind_critical_th
                0x08001bdc       0x14 ./Core/Src/task_system_interface.o
                0x08001bdc                get_sys_wind_critical_th
 .text.get_sys_wind_moderate_th
                0x08001bf0       0x14 ./Core/Src/task_system_interface.o
                0x08001bf0                get_sys_wind_moderate_th
 .text.is_night_irrigation_inhibited
                0x08001c04       0x14 ./Core/Src/task_system_interface.o
                0x08001c04                is_night_irrigation_inhibited
 .text.get_system_mode
                0x08001c18       0x14 ./Core/Src/task_system_interface.o
                0x08001c18                get_system_mode
 .text.set_sys_wind_critical_th
                0x08001c2c       0x1c ./Core/Src/task_system_interface.o
                0x08001c2c                set_sys_wind_critical_th
 .text.set_sys_wind_moderate_th
                0x08001c48       0x1c ./Core/Src/task_system_interface.o
                0x08001c48                set_sys_wind_moderate_th
 .text.Reset_Handler
                0x08001c64       0x48 ./Core/Startup/startup_stm32f103rbtx.o
                0x08001c64                Reset_Handler
 .text.Default_Handler
                0x08001cac        0x2 ./Core/Startup/startup_stm32f103rbtx.o
                0x08001cac                RTC_Alarm_IRQHandler
                0x08001cac                EXTI2_IRQHandler
                0x08001cac                TIM1_CC_IRQHandler
                0x08001cac                PVD_IRQHandler
                0x08001cac                EXTI3_IRQHandler
                0x08001cac                EXTI0_IRQHandler
                0x08001cac                I2C2_EV_IRQHandler
                0x08001cac                ADC1_2_IRQHandler
                0x08001cac                SPI1_IRQHandler
                0x08001cac                TAMPER_IRQHandler
                0x08001cac                DMA1_Channel4_IRQHandler
                0x08001cac                USART3_IRQHandler
                0x08001cac                RTC_IRQHandler
                0x08001cac                DMA1_Channel7_IRQHandler
                0x08001cac                CAN1_RX1_IRQHandler
                0x08001cac                TIM4_IRQHandler
                0x08001cac                I2C1_EV_IRQHandler
                0x08001cac                DMA1_Channel6_IRQHandler
                0x08001cac                TIM3_IRQHandler
                0x08001cac                RCC_IRQHandler
                0x08001cac                TIM1_TRG_COM_IRQHandler
                0x08001cac                Default_Handler
                0x08001cac                EXTI9_5_IRQHandler
                0x08001cac                SPI2_IRQHandler
                0x08001cac                DMA1_Channel5_IRQHandler
                0x08001cac                EXTI4_IRQHandler
                0x08001cac                USB_LP_CAN1_RX0_IRQHandler
                0x08001cac                USB_HP_CAN1_TX_IRQHandler
                0x08001cac                DMA1_Channel3_IRQHandler
                0x08001cac                TIM1_UP_IRQHandler
                0x08001cac                WWDG_IRQHandler
                0x08001cac                TIM2_IRQHandler
                0x08001cac                TIM1_BRK_IRQHandler
                0x08001cac                EXTI1_IRQHandler
                0x08001cac                USART2_IRQHandler
                0x08001cac                I2C2_ER_IRQHandler
                0x08001cac                DMA1_Channel2_IRQHandler
                0x08001cac                CAN1_SCE_IRQHandler
                0x08001cac                FLASH_IRQHandler
                0x08001cac                USART1_IRQHandler
                0x08001cac                I2C1_ER_IRQHandler
                0x08001cac                USBWakeUp_IRQHandler
 *fill*         0x08001cae        0x2 
 .text.HAL_Init
                0x08001cb0       0x2c ./Drivers/STM32F1xx_HAL_Driver/Src/stm32f1xx_hal.o
                0x08001cb0                HAL_Init
 .text.HAL_InitTick
                0x08001cdc       0x60 ./Drivers/STM32F1xx_HAL_Driver/Src/stm32f1xx_hal.o
                0x08001cdc                HAL_InitTick
 .text.HAL_IncTick
                0x08001d3c       0x24 ./Drivers/STM32F1xx_HAL_Driver/Src/stm32f1xx_hal.o
                0x08001d3c                HAL_IncTick
 .text.HAL_GetTick
                0x08001d60       0x14 ./Drivers/STM32F1xx_HAL_Driver/Src/stm32f1xx_hal.o
                0x08001d60                HAL_GetTick
 .text.HAL_Delay
                0x08001d74       0x48 ./Drivers/STM32F1xx_HAL_Driver/Src/stm32f1xx_hal.o
                0x08001d74                HAL_Delay
 .text.HAL_ADC_Init
                0x08001dbc      0x1b0 ./Drivers/STM32F1xx_HAL_Driver/Src/stm32f1xx_hal_adc.o
                0x08001dbc                HAL_ADC_Init
 .text.HAL_ADC_Start_DMA
                0x08001f6c      0x1bc ./Drivers/STM32F1xx_HAL_Driver/Src/stm32f1xx_hal_adc.o
                0x08001f6c                HAL_ADC_Start_DMA
 .text.HAL_ADC_ConvHalfCpltCallback
                0x08002128       0x12 ./Drivers/STM32F1xx_HAL_Driver/Src/stm32f1xx_hal_adc.o
                0x08002128                HAL_ADC_ConvHalfCpltCallback
 .text.HAL_ADC_ErrorCallback
                0x0800213a       0x12 ./Drivers/STM32F1xx_HAL_Driver/Src/stm32f1xx_hal_adc.o
                0x0800213a                HAL_ADC_ErrorCallback
 .text.HAL_ADC_ConfigChannel
                0x0800214c      0x1f0 ./Drivers/STM32F1xx_HAL_Driver/Src/stm32f1xx_hal_adc.o
                0x0800214c                HAL_ADC_ConfigChannel
 .text.ADC_Enable
                0x0800233c       0xb4 ./Drivers/STM32F1xx_HAL_Driver/Src/stm32f1xx_hal_adc.o
                0x0800233c                ADC_Enable
 .text.ADC_ConversionStop_Disable
                0x080023f0       0x82 ./Drivers/STM32F1xx_HAL_Driver/Src/stm32f1xx_hal_adc.o
                0x080023f0                ADC_ConversionStop_Disable
 .text.ADC_DMAConvCplt
                0x08002472       0x7c ./Drivers/STM32F1xx_HAL_Driver/Src/stm32f1xx_hal_adc.o
                0x08002472                ADC_DMAConvCplt
 .text.ADC_DMAHalfConvCplt
                0x080024ee       0x1c ./Drivers/STM32F1xx_HAL_Driver/Src/stm32f1xx_hal_adc.o
                0x080024ee                ADC_DMAHalfConvCplt
 .text.ADC_DMAError
                0x0800250a       0x34 ./Drivers/STM32F1xx_HAL_Driver/Src/stm32f1xx_hal_adc.o
                0x0800250a                ADC_DMAError
 *fill*         0x0800253e        0x2 
 .text.__NVIC_SetPriorityGrouping
                0x08002540       0x48 ./Drivers/STM32F1xx_HAL_Driver/Src/stm32f1xx_hal_cortex.o
 .text.__NVIC_GetPriorityGrouping
                0x08002588       0x1c ./Drivers/STM32F1xx_HAL_Driver/Src/stm32f1xx_hal_cortex.o
 .text.__NVIC_EnableIRQ
                0x080025a4       0x38 ./Drivers/STM32F1xx_HAL_Driver/Src/stm32f1xx_hal_cortex.o
 .text.__NVIC_SetPriority
                0x080025dc       0x54 ./Drivers/STM32F1xx_HAL_Driver/Src/stm32f1xx_hal_cortex.o
 .text.NVIC_EncodePriority
                0x08002630       0x64 ./Drivers/STM32F1xx_HAL_Driver/Src/stm32f1xx_hal_cortex.o
 .text.SysTick_Config
                0x08002694       0x44 ./Drivers/STM32F1xx_HAL_Driver/Src/stm32f1xx_hal_cortex.o
 .text.HAL_NVIC_SetPriorityGrouping
                0x080026d8       0x16 ./Drivers/STM32F1xx_HAL_Driver/Src/stm32f1xx_hal_cortex.o
                0x080026d8                HAL_NVIC_SetPriorityGrouping
 .text.HAL_NVIC_SetPriority
                0x080026ee       0x38 ./Drivers/STM32F1xx_HAL_Driver/Src/stm32f1xx_hal_cortex.o
                0x080026ee                HAL_NVIC_SetPriority
 .text.HAL_NVIC_EnableIRQ
                0x08002726       0x1c ./Drivers/STM32F1xx_HAL_Driver/Src/stm32f1xx_hal_cortex.o
                0x08002726                HAL_NVIC_EnableIRQ
 .text.HAL_SYSTICK_Config
                0x08002742       0x18 ./Drivers/STM32F1xx_HAL_Driver/Src/stm32f1xx_hal_cortex.o
                0x08002742                HAL_SYSTICK_Config
 *fill*         0x0800275a        0x2 
 .text.HAL_DMA_Init
                0x0800275c       0xb4 ./Drivers/STM32F1xx_HAL_Driver/Src/stm32f1xx_hal_dma.o
                0x0800275c                HAL_DMA_Init
 .text.HAL_DMA_Start_IT
                0x08002810       0xc0 ./Drivers/STM32F1xx_HAL_Driver/Src/stm32f1xx_hal_dma.o
                0x08002810                HAL_DMA_Start_IT
 .text.HAL_DMA_IRQHandler
                0x080028d0      0x20c ./Drivers/STM32F1xx_HAL_Driver/Src/stm32f1xx_hal_dma.o
                0x080028d0                HAL_DMA_IRQHandler
 .text.DMA_SetConfig
                0x08002adc       0x5a ./Drivers/STM32F1xx_HAL_Driver/Src/stm32f1xx_hal_dma.o
 *fill*         0x08002b36        0x2 
 .text.HAL_GPIO_Init
                0x08002b38      0x308 ./Drivers/STM32F1xx_HAL_Driver/Src/stm32f1xx_hal_gpio.o
                0x08002b38                HAL_GPIO_Init
 .text.HAL_GPIO_ReadPin
                0x08002e40       0x2e ./Drivers/STM32F1xx_HAL_Driver/Src/stm32f1xx_hal_gpio.o
                0x08002e40                HAL_GPIO_ReadPin
 .text.HAL_GPIO_WritePin
                0x08002e6e       0x30 ./Drivers/STM32F1xx_HAL_Driver/Src/stm32f1xx_hal_gpio.o
                0x08002e6e                HAL_GPIO_WritePin
 *fill*         0x08002e9e        0x2 
 .text.HAL_GPIO_EXTI_IRQHandler
                0x08002ea0       0x30 ./Drivers/STM32F1xx_HAL_Driver/Src/stm32f1xx_hal_gpio.o
                0x08002ea0                HAL_GPIO_EXTI_IRQHandler
 .text.HAL_GPIO_EXTI_Callback
                0x08002ed0       0x14 ./Drivers/STM32F1xx_HAL_Driver/Src/stm32f1xx_hal_gpio.o
                0x08002ed0                HAL_GPIO_EXTI_Callback
 .text.HAL_I2C_Init
                0x08002ee4      0x288 ./Drivers/STM32F1xx_HAL_Driver/Src/stm32f1xx_hal_i2c.o
                0x08002ee4                HAL_I2C_Init
 .text.HAL_I2C_Master_Transmit
                0x0800316c      0x1fc ./Drivers/STM32F1xx_HAL_Driver/Src/stm32f1xx_hal_i2c.o
                0x0800316c                HAL_I2C_Master_Transmit
 .text.HAL_I2C_Mem_Write
                0x08003368      0x1f4 ./Drivers/STM32F1xx_HAL_Driver/Src/stm32f1xx_hal_i2c.o
                0x08003368                HAL_I2C_Mem_Write
 .text.HAL_I2C_Mem_Read
                0x0800355c      0x4e8 ./Drivers/STM32F1xx_HAL_Driver/Src/stm32f1xx_hal_i2c.o
                0x0800355c                HAL_I2C_Mem_Read
 .text.I2C_MasterRequestWrite
                0x08003a44      0x104 ./Drivers/STM32F1xx_HAL_Driver/Src/stm32f1xx_hal_i2c.o
 .text.I2C_RequestMemoryWrite
                0x08003b48      0x12c ./Drivers/STM32F1xx_HAL_Driver/Src/stm32f1xx_hal_i2c.o
 .text.I2C_RequestMemoryRead
                0x08003c74      0x1d0 ./Drivers/STM32F1xx_HAL_Driver/Src/stm32f1xx_hal_i2c.o
 .text.I2C_WaitOnFlagUntilTimeout
                0x08003e44       0xf4 ./Drivers/STM32F1xx_HAL_Driver/Src/stm32f1xx_hal_i2c.o
 .text.I2C_WaitOnMasterAddressFlagUntilTimeout
                0x08003f38      0x140 ./Drivers/STM32F1xx_HAL_Driver/Src/stm32f1xx_hal_i2c.o
 .text.I2C_WaitOnTXEFlagUntilTimeout
                0x08004078       0x90 ./Drivers/STM32F1xx_HAL_Driver/Src/stm32f1xx_hal_i2c.o
 .text.I2C_WaitOnBTFFlagUntilTimeout
                0x08004108       0x90 ./Drivers/STM32F1xx_HAL_Driver/Src/stm32f1xx_hal_i2c.o
 .text.I2C_WaitOnRXNEFlagUntilTimeout
                0x08004198       0xba ./Drivers/STM32F1xx_HAL_Driver/Src/stm32f1xx_hal_i2c.o
 .text.I2C_IsAcknowledgeFailed
                0x08004252       0x5c ./Drivers/STM32F1xx_HAL_Driver/Src/stm32f1xx_hal_i2c.o
 *fill*         0x080042ae        0x2 
 .text.HAL_PWR_EnterSLEEPMode
                0x080042b0       0x38 ./Drivers/STM32F1xx_HAL_Driver/Src/stm32f1xx_hal_pwr.o
                0x080042b0                HAL_PWR_EnterSLEEPMode
 .text.HAL_RCC_OscConfig
                0x080042e8      0x504 ./Drivers/STM32F1xx_HAL_Driver/Src/stm32f1xx_hal_rcc.o
                0x080042e8                HAL_RCC_OscConfig
 .text.HAL_RCC_ClockConfig
                0x080047ec      0x1d4 ./Drivers/STM32F1xx_HAL_Driver/Src/stm32f1xx_hal_rcc.o
                0x080047ec                HAL_RCC_ClockConfig
 .text.HAL_RCC_GetSysClockFreq
                0x080049c0       0xa8 ./Drivers/STM32F1xx_HAL_Driver/Src/stm32f1xx_hal_rcc.o
                0x080049c0                HAL_RCC_GetSysClockFreq
 .text.HAL_RCC_GetHCLKFreq
                0x08004a68       0x14 ./Drivers/STM32F1xx_HAL_Driver/Src/stm32f1xx_hal_rcc.o
                0x08004a68                HAL_RCC_GetHCLKFreq
 .text.HAL_RCC_GetPCLK1Freq
                0x08004a7c       0x28 ./Drivers/STM32F1xx_HAL_Driver/Src/stm32f1xx_hal_rcc.o
                0x08004a7c                HAL_RCC_GetPCLK1Freq
 .text.HAL_RCC_GetPCLK2Freq
                0x08004aa4       0x28 ./Drivers/STM32F1xx_HAL_Driver/Src/stm32f1xx_hal_rcc.o
                0x08004aa4                HAL_RCC_GetPCLK2Freq
 .text.RCC_Delay
                0x08004acc       0x3c ./Drivers/STM32F1xx_HAL_Driver/Src/stm32f1xx_hal_rcc.o
 .text.HAL_RCCEx_PeriphCLKConfig
                0x08004b08      0x16c ./Drivers/STM32F1xx_HAL_Driver/Src/stm32f1xx_hal_rcc_ex.o
                0x08004b08                HAL_RCCEx_PeriphCLKConfig
 .text.HAL_UART_Init
                0x08004c74       0xa0 ./Drivers/STM32F1xx_HAL_Driver/Src/stm32f1xx_hal_uart.o
                0x08004c74                HAL_UART_Init
 .text.HAL_UART_Transmit_IT
                0x08004d14       0x6a ./Drivers/STM32F1xx_HAL_Driver/Src/stm32f1xx_hal_uart.o
                0x08004d14                HAL_UART_Transmit_IT
 .text.HAL_UART_Receive_IT
                0x08004d7e       0x4a ./Drivers/STM32F1xx_HAL_Driver/Src/stm32f1xx_hal_uart.o
                0x08004d7e                HAL_UART_Receive_IT
 .text.UART_Start_Receive_IT
                0x08004dc8       0x72 ./Drivers/STM32F1xx_HAL_Driver/Src/stm32f1xx_hal_uart.o
                0x08004dc8                UART_Start_Receive_IT
 *fill*         0x08004e3a        0x2 
 .text.UART_SetConfig
                0x08004e3c      0x11c ./Drivers/STM32F1xx_HAL_Driver/Src/stm32f1xx_hal_uart.o
 .text.sprintf  0x08004f58       0x44 C:/ST/STM32CubeIDE_1.19.0/STM32CubeIDE/plugins/com.st.stm32cube.ide.mcu.externaltools.gnu-tools-for-stm32.13.3.rel1.win32_1.0.0.202411081344/tools/bin/../lib/gcc/arm-none-eabi/13.3.1/../../../../arm-none-eabi/lib/thumb/v7-m/nofp\libc_nano.a(libc_a-sprintf.o)
                0x08004f58                siprintf
                0x08004f58                sprintf
 .text.sscanf   0x08004f9c       0x58 C:/ST/STM32CubeIDE_1.19.0/STM32CubeIDE/plugins/com.st.stm32cube.ide.mcu.externaltools.gnu-tools-for-stm32.13.3.rel1.win32_1.0.0.202411081344/tools/bin/../lib/gcc/arm-none-eabi/13.3.1/../../../../arm-none-eabi/lib/thumb/v7-m/nofp\libc_nano.a(libc_a-sscanf.o)
                0x08004f9c                siscanf
                0x08004f9c                sscanf
 .text.__seofread
                0x08004ff4        0x4 C:/ST/STM32CubeIDE_1.19.0/STM32CubeIDE/plugins/com.st.stm32cube.ide.mcu.externaltools.gnu-tools-for-stm32.13.3.rel1.win32_1.0.0.202411081344/tools/bin/../lib/gcc/arm-none-eabi/13.3.1/../../../../arm-none-eabi/lib/thumb/v7-m/nofp\libc_nano.a(libc_a-stdio.o)
                0x08004ff4                __seofread
 .text.memset   0x08004ff8       0x10 C:/ST/STM32CubeIDE_1.19.0/STM32CubeIDE/plugins/com.st.stm32cube.ide.mcu.externaltools.gnu-tools-for-stm32.13.3.rel1.win32_1.0.0.202411081344/tools/bin/../lib/gcc/arm-none-eabi/13.3.1/../../../../arm-none-eabi/lib/thumb/v7-m/nofp\libc_nano.a(libc_a-memset.o)
                0x08004ff8                memset
 .text.strncmp  0x08005008       0x24 C:/ST/STM32CubeIDE_1.19.0/STM32CubeIDE/plugins/com.st.stm32cube.ide.mcu.externaltools.gnu-tools-for-stm32.13.3.rel1.win32_1.0.0.202411081344/tools/bin/../lib/gcc/arm-none-eabi/13.3.1/../../../../arm-none-eabi/lib/thumb/v7-m/nofp\libc_nano.a(libc_a-strncmp.o)
                0x08005008                strncmp
 .text.__errno  0x0800502c        0xc C:/ST/STM32CubeIDE_1.19.0/STM32CubeIDE/plugins/com.st.stm32cube.ide.mcu.externaltools.gnu-tools-for-stm32.13.3.rel1.win32_1.0.0.202411081344/tools/bin/../lib/gcc/arm-none-eabi/13.3.1/../../../../arm-none-eabi/lib/thumb/v7-m/nofp\libc_nano.a(libc_a-errno.o)
                0x0800502c                __errno
 .text.__libc_init_array
                0x08005038       0x48 C:/ST/STM32CubeIDE_1.19.0/STM32CubeIDE/plugins/com.st.stm32cube.ide.mcu.externaltools.gnu-tools-for-stm32.13.3.rel1.win32_1.0.0.202411081344/tools/bin/../lib/gcc/arm-none-eabi/13.3.1/../../../../arm-none-eabi/lib/thumb/v7-m/nofp\libc_nano.a(libc_a-init.o)
                0x08005038                __libc_init_array
 .text.__retarget_lock_acquire_recursive
                0x08005080        0x2 C:/ST/STM32CubeIDE_1.19.0/STM32CubeIDE/plugins/com.st.stm32cube.ide.mcu.externaltools.gnu-tools-for-stm32.13.3.rel1.win32_1.0.0.202411081344/tools/bin/../lib/gcc/arm-none-eabi/13.3.1/../../../../arm-none-eabi/lib/thumb/v7-m/nofp\libc_nano.a(libc_a-lock.o)
                0x08005080                __retarget_lock_acquire_recursive
 .text.__retarget_lock_release_recursive
                0x08005082        0x2 C:/ST/STM32CubeIDE_1.19.0/STM32CubeIDE/plugins/com.st.stm32cube.ide.mcu.externaltools.gnu-tools-for-stm32.13.3.rel1.win32_1.0.0.202411081344/tools/bin/../lib/gcc/arm-none-eabi/13.3.1/../../../../arm-none-eabi/lib/thumb/v7-m/nofp\libc_nano.a(libc_a-lock.o)
                0x08005082                __retarget_lock_release_recursive
 .text._free_r  0x08005084       0x90 C:/ST/STM32CubeIDE_1.19.0/STM32CubeIDE/plugins/com.st.stm32cube.ide.mcu.externaltools.gnu-tools-for-stm32.13.3.rel1.win32_1.0.0.202411081344/tools/bin/../lib/gcc/arm-none-eabi/13.3.1/../../../../arm-none-eabi/lib/thumb/v7-m/nofp\libc_nano.a(libc_a-freer.o)
                0x08005084                _free_r
 .text.sbrk_aligned
                0x08005114       0x44 C:/ST/STM32CubeIDE_1.19.0/STM32CubeIDE/plugins/com.st.stm32cube.ide.mcu.externaltools.gnu-tools-for-stm32.13.3.rel1.win32_1.0.0.202411081344/tools/bin/../lib/gcc/arm-none-eabi/13.3.1/../../../../arm-none-eabi/lib/thumb/v7-m/nofp\libc_nano.a(libc_a-mallocr.o)
 .text._malloc_r
                0x08005158      0x100 C:/ST/STM32CubeIDE_1.19.0/STM32CubeIDE/plugins/com.st.stm32cube.ide.mcu.externaltools.gnu-tools-for-stm32.13.3.rel1.win32_1.0.0.202411081344/tools/bin/../lib/gcc/arm-none-eabi/13.3.1/../../../../arm-none-eabi/lib/thumb/v7-m/nofp\libc_nano.a(libc_a-mallocr.o)
                0x08005158                _malloc_r
 .text.__malloc_lock
                0x08005258        0xc C:/ST/STM32CubeIDE_1.19.0/STM32CubeIDE/plugins/com.st.stm32cube.ide.mcu.externaltools.gnu-tools-for-stm32.13.3.rel1.win32_1.0.0.202411081344/tools/bin/../lib/gcc/arm-none-eabi/13.3.1/../../../../arm-none-eabi/lib/thumb/v7-m/nofp\libc_nano.a(libc_a-mlock.o)
                0x08005258                __malloc_lock
 .text.__malloc_unlock
                0x08005264        0xc C:/ST/STM32CubeIDE_1.19.0/STM32CubeIDE/plugins/com.st.stm32cube.ide.mcu.externaltools.gnu-tools-for-stm32.13.3.rel1.win32_1.0.0.202411081344/tools/bin/../lib/gcc/arm-none-eabi/13.3.1/../../../../arm-none-eabi/lib/thumb/v7-m/nofp\libc_nano.a(libc_a-mlock.o)
                0x08005264                __malloc_unlock
 .text.__ssputs_r
                0x08005270       0xb6 C:/ST/STM32CubeIDE_1.19.0/STM32CubeIDE/plugins/com.st.stm32cube.ide.mcu.externaltools.gnu-tools-for-stm32.13.3.rel1.win32_1.0.0.202411081344/tools/bin/../lib/gcc/arm-none-eabi/13.3.1/../../../../arm-none-eabi/lib/thumb/v7-m/nofp\libc_nano.a(libc_a-nano-svfprintf.o)
                0x08005270                __ssputs_r
 *fill*         0x08005326        0x2 
 .text._svfprintf_r
                0x08005328      0x1f8 C:/ST/STM32CubeIDE_1.19.0/STM32CubeIDE/plugins/com.st.stm32cube.ide.mcu.externaltools.gnu-tools-for-stm32.13.3.rel1.win32_1.0.0.202411081344/tools/bin/../lib/gcc/arm-none-eabi/13.3.1/../../../../arm-none-eabi/lib/thumb/v7-m/nofp\libc_nano.a(libc_a-nano-svfprintf.o)
                0x08005328                _svfiprintf_r
                0x08005328                _svfprintf_r
 .text._sungetc_r
                0x08005520       0x7a C:/ST/STM32CubeIDE_1.19.0/STM32CubeIDE/plugins/com.st.stm32cube.ide.mcu.externaltools.gnu-tools-for-stm32.13.3.rel1.win32_1.0.0.202411081344/tools/bin/../lib/gcc/arm-none-eabi/13.3.1/../../../../arm-none-eabi/lib/thumb/v7-m/nofp\libc_nano.a(libc_a-nano-svfscanf.o)
                0x08005520                _sungetc_r
 .text.__ssrefill_r
                0x0800559a       0x3a C:/ST/STM32CubeIDE_1.19.0/STM32CubeIDE/plugins/com.st.stm32cube.ide.mcu.externaltools.gnu-tools-for-stm32.13.3.rel1.win32_1.0.0.202411081344/tools/bin/../lib/gcc/arm-none-eabi/13.3.1/../../../../arm-none-eabi/lib/thumb/v7-m/nofp\libc_nano.a(libc_a-nano-svfscanf.o)
                0x0800559a                __ssrefill_r
 .text.__ssvfscanf_r
                0x080055d4      0x2e8 C:/ST/STM32CubeIDE_1.19.0/STM32CubeIDE/plugins/com.st.stm32cube.ide.mcu.externaltools.gnu-tools-for-stm32.13.3.rel1.win32_1.0.0.202411081344/tools/bin/../lib/gcc/arm-none-eabi/13.3.1/../../../../arm-none-eabi/lib/thumb/v7-m/nofp\libc_nano.a(libc_a-nano-svfscanf.o)
                0x080055d4                __ssvfiscanf_r
                0x080055d4                __ssvfscanf_r
 .text._printf_common
                0x080058bc       0xe4 C:/ST/STM32CubeIDE_1.19.0/STM32CubeIDE/plugins/com.st.stm32cube.ide.mcu.externaltools.gnu-tools-for-stm32.13.3.rel1.win32_1.0.0.202411081344/tools/bin/../lib/gcc/arm-none-eabi/13.3.1/../../../../arm-none-eabi/lib/thumb/v7-m/nofp\libc_nano.a(libc_a-nano-vfprintf_i.o)
                0x080058bc                _printf_common
 .text._printf_i
                0x080059a0      0x23c C:/ST/STM32CubeIDE_1.19.0/STM32CubeIDE/plugins/com.st.stm32cube.ide.mcu.externaltools.gnu-tools-for-stm32.13.3.rel1.win32_1.0.0.202411081344/tools/bin/../lib/gcc/arm-none-eabi/13.3.1/../../../../arm-none-eabi/lib/thumb/v7-m/nofp\libc_nano.a(libc_a-nano-vfprintf_i.o)
                0x080059a0                _printf_i
 .text._scanf_chars
                0x08005bdc       0xb4 C:/ST/STM32CubeIDE_1.19.0/STM32CubeIDE/plugins/com.st.stm32cube.ide.mcu.externaltools.gnu-tools-for-stm32.13.3.rel1.win32_1.0.0.202411081344/tools/bin/../lib/gcc/arm-none-eabi/13.3.1/../../../../arm-none-eabi/lib/thumb/v7-m/nofp\libc_nano.a(libc_a-nano-vfscanf_i.o)
                0x08005bdc                _scanf_chars
 .text._scanf_i
                0x08005c90      0x1e4 C:/ST/STM32CubeIDE_1.19.0/STM32CubeIDE/plugins/com.st.stm32cube.ide.mcu.externaltools.gnu-tools-for-stm32.13.3.rel1.win32_1.0.0.202411081344/tools/bin/../lib/gcc/arm-none-eabi/13.3.1/../../../../arm-none-eabi/lib/thumb/v7-m/nofp\libc_nano.a(libc_a-nano-vfscanf_i.o)
                0x08005c90                _scanf_i
 .text.__sccl   0x08005e74       0x72 C:/ST/STM32CubeIDE_1.19.0/STM32CubeIDE/plugins/com.st.stm32cube.ide.mcu.externaltools.gnu-tools-for-stm32.13.3.rel1.win32_1.0.0.202411081344/tools/bin/../lib/gcc/arm-none-eabi/13.3.1/../../../../arm-none-eabi/lib/thumb/v7-m/nofp\libc_nano.a(libc_a-sccl.o)
                0x08005e74                __sccl
 .text.__submore
                0x08005ee6       0x70 C:/ST/STM32CubeIDE_1.19.0/STM32CubeIDE/plugins/com.st.stm32cube.ide.mcu.externaltools.gnu-tools-for-stm32.13.3.rel1.win32_1.0.0.202411081344/tools/bin/../lib/gcc/arm-none-eabi/13.3.1/../../../../arm-none-eabi/lib/thumb/v7-m/nofp\libc_nano.a(libc_a-ungetc.o)
                0x08005ee6                __submore
 .text.memmove  0x08005f56       0x34 C:/ST/STM32CubeIDE_1.19.0/STM32CubeIDE/plugins/com.st.stm32cube.ide.mcu.externaltools.gnu-tools-for-stm32.13.3.rel1.win32_1.0.0.202411081344/tools/bin/../lib/gcc/arm-none-eabi/13.3.1/../../../../arm-none-eabi/lib/thumb/v7-m/nofp\libc_nano.a(libc_a-memmove.o)
                0x08005f56                memmove
 *fill*         0x08005f8a        0x2 
 .text._sbrk_r  0x08005f8c       0x20 C:/ST/STM32CubeIDE_1.19.0/STM32CubeIDE/plugins/com.st.stm32cube.ide.mcu.externaltools.gnu-tools-for-stm32.13.3.rel1.win32_1.0.0.202411081344/tools/bin/../lib/gcc/arm-none-eabi/13.3.1/../../../../arm-none-eabi/lib/thumb/v7-m/nofp\libc_nano.a(libc_a-sbrkr.o)
                0x08005f8c                _sbrk_r
 .text.memchr   0x08005fac       0x1c C:/ST/STM32CubeIDE_1.19.0/STM32CubeIDE/plugins/com.st.stm32cube.ide.mcu.externaltools.gnu-tools-for-stm32.13.3.rel1.win32_1.0.0.202411081344/tools/bin/../lib/gcc/arm-none-eabi/13.3.1/../../../../arm-none-eabi/lib/thumb/v7-m/nofp\libc_nano.a(libc_a-memchr-stub.o)
                0x08005fac                memchr
 .text.memcpy   0x08005fc8       0x1c C:/ST/STM32CubeIDE_1.19.0/STM32CubeIDE/plugins/com.st.stm32cube.ide.mcu.externaltools.gnu-tools-for-stm32.13.3.rel1.win32_1.0.0.202411081344/tools/bin/../lib/gcc/arm-none-eabi/13.3.1/../../../../arm-none-eabi/lib/thumb/v7-m/nofp\libc_nano.a(libc_a-memcpy-stub.o)
                0x08005fc8                memcpy
 .text._realloc_r
                0x08005fe4       0x5c C:/ST/STM32CubeIDE_1.19.0/STM32CubeIDE/plugins/com.st.stm32cube.ide.mcu.externaltools.gnu-tools-for-stm32.13.3.rel1.win32_1.0.0.202411081344/tools/bin/../lib/gcc/arm-none-eabi/13.3.1/../../../../arm-none-eabi/lib/thumb/v7-m/nofp\libc_nano.a(libc_a-reallocr.o)
                0x08005fe4                _realloc_r
 .text._strtol_l.isra.0
                0x08006040       0xf4 C:/ST/STM32CubeIDE_1.19.0/STM32CubeIDE/plugins/com.st.stm32cube.ide.mcu.externaltools.gnu-tools-for-stm32.13.3.rel1.win32_1.0.0.202411081344/tools/bin/../lib/gcc/arm-none-eabi/13.3.1/../../../../arm-none-eabi/lib/thumb/v7-m/nofp\libc_nano.a(libc_a-strtol.o)
 .text._strtol_r
                0x08006134        0x4 C:/ST/STM32CubeIDE_1.19.0/STM32CubeIDE/plugins/com.st.stm32cube.ide.mcu.externaltools.gnu-tools-for-stm32.13.3.rel1.win32_1.0.0.202411081344/tools/bin/../lib/gcc/arm-none-eabi/13.3.1/../../../../arm-none-eabi/lib/thumb/v7-m/nofp\libc_nano.a(libc_a-strtol.o)
                0x08006134                _strtol_r
 .text._strtoul_l.isra.0
                0x08006138       0xdc C:/ST/STM32CubeIDE_1.19.0/STM32CubeIDE/plugins/com.st.stm32cube.ide.mcu.externaltools.gnu-tools-for-stm32.13.3.rel1.win32_1.0.0.202411081344/tools/bin/../lib/gcc/arm-none-eabi/13.3.1/../../../../arm-none-eabi/lib/thumb/v7-m/nofp\libc_nano.a(libc_a-strtoul.o)
 .text._strtoul_r
                0x08006214        0x4 C:/ST/STM32CubeIDE_1.19.0/STM32CubeIDE/plugins/com.st.stm32cube.ide.mcu.externaltools.gnu-tools-for-stm32.13.3.rel1.win32_1.0.0.202411081344/tools/bin/../lib/gcc/arm-none-eabi/13.3.1/../../../../arm-none-eabi/lib/thumb/v7-m/nofp\libc_nano.a(libc_a-strtoul.o)
                0x08006214                _strtoul_r
 .text._malloc_usable_size_r
                0x08006218       0x10 C:/ST/STM32CubeIDE_1.19.0/STM32CubeIDE/plugins/com.st.stm32cube.ide.mcu.externaltools.gnu-tools-for-stm32.13.3.rel1.win32_1.0.0.202411081344/tools/bin/../lib/gcc/arm-none-eabi/13.3.1/../../../../arm-none-eabi/lib/thumb/v7-m/nofp\libc_nano.a(libc_a-msizer.o)
                0x08006218                _malloc_usable_size_r
 *(.glue_7)
 .glue_7        0x08006228        0x0 linker stubs
 *(.glue_7t)
 .glue_7t       0x08006228        0x0 linker stubs
 *(.eh_frame)
 .eh_frame      0x08006228        0x0 C:/ST/STM32CubeIDE_1.19.0/STM32CubeIDE/plugins/com.st.stm32cube.ide.mcu.externaltools.gnu-tools-for-stm32.13.3.rel1.win32_1.0.0.202411081344/tools/bin/../lib/gcc/arm-none-eabi/13.3.1/thumb/v7-m/nofp/crtbegin.o
 *(.init)
 .init          0x08006228        0x4 C:/ST/STM32CubeIDE_1.19.0/STM32CubeIDE/plugins/com.st.stm32cube.ide.mcu.externaltools.gnu-tools-for-stm32.13.3.rel1.win32_1.0.0.202411081344/tools/bin/../lib/gcc/arm-none-eabi/13.3.1/thumb/v7-m/nofp/crti.o
                0x08006228                _init
 .init          0x0800622c        0x8 C:/ST/STM32CubeIDE_1.19.0/STM32CubeIDE/plugins/com.st.stm32cube.ide.mcu.externaltools.gnu-tools-for-stm32.13.3.rel1.win32_1.0.0.202411081344/tools/bin/../lib/gcc/arm-none-eabi/13.3.1/thumb/v7-m/nofp/crtn.o
 *(.fini)
 .fini          0x08006234        0x4 C:/ST/STM32CubeIDE_1.19.0/STM32CubeIDE/plugins/com.st.stm32cube.ide.mcu.externaltools.gnu-tools-for-stm32.13.3.rel1.win32_1.0.0.202411081344/tools/bin/../lib/gcc/arm-none-eabi/13.3.1/thumb/v7-m/nofp/crti.o
                0x08006234                _fini
 .fini          0x08006238        0x8 C:/ST/STM32CubeIDE_1.19.0/STM32CubeIDE/plugins/com.st.stm32cube.ide.mcu.externaltools.gnu-tools-for-stm32.13.3.rel1.win32_1.0.0.202411081344/tools/bin/../lib/gcc/arm-none-eabi/13.3.1/thumb/v7-m/nofp/crtn.o
                0x08006240                        . = ALIGN (0x4)
                0x08006240                        _etext = .

.vfp11_veneer   0x08006240        0x0
 .vfp11_veneer  0x08006240        0x0 linker stubs

.v4_bx          0x08006240        0x0
 .v4_bx         0x08006240        0x0 linker stubs

.iplt           0x08006240        0x0
 .iplt          0x08006240        0x0 C:/ST/STM32CubeIDE_1.19.0/STM32CubeIDE/plugins/com.st.stm32cube.ide.mcu.externaltools.gnu-tools-for-stm32.13.3.rel1.win32_1.0.0.202411081344/tools/bin/../lib/gcc/arm-none-eabi/13.3.1/thumb/v7-m/nofp/crtbegin.o

.rodata         0x08006240      0x31c
                0x08006240                        . = ALIGN (0x4)
 *(.rodata)
 .rodata        0x08006240       0x5f ./Core/Src/logger.o
 *fill*         0x0800629f        0x1 
 .rodata        0x080062a0       0xf5 ./Core/Src/task_display.o
 *fill*         0x08006395        0x3 
 .rodata        0x08006398        0xc C:/ST/STM32CubeIDE_1.19.0/STM32CubeIDE/plugins/com.st.stm32cube.ide.mcu.externaltools.gnu-tools-for-stm32.13.3.rel1.win32_1.0.0.202411081344/tools/bin/../lib/gcc/arm-none-eabi/13.3.1/../../../../arm-none-eabi/lib/thumb/v7-m/nofp\libc_nano.a(libc_a-nano-vfscanf_i.o)
 *(.rodata*)
 .rodata.task_cfg_list
                0x080063a4       0x3c ./Core/Src/app.o
                0x080063a4                task_cfg_list
 .rodata.AHBPrescTable
                0x080063e0       0x10 ./Core/Src/system_stm32f1xx.o
                0x080063e0                AHBPrescTable
 .rodata.APBPrescTable
                0x080063f0        0x8 ./Core/Src/system_stm32f1xx.o
                0x080063f0                APBPrescTable
 .rodata.aPLLMULFactorTable.1
                0x080063f8       0x10 ./Drivers/STM32F1xx_HAL_Driver/Src/stm32f1xx_hal_rcc.o
 .rodata.aPredivFactorTable.0
                0x08006408        0x2 ./Drivers/STM32F1xx_HAL_Driver/Src/stm32f1xx_hal_rcc.o
 .rodata._svfprintf_r.str1.1
                0x0800640a       0x4e C:/ST/STM32CubeIDE_1.19.0/STM32CubeIDE/plugins/com.st.stm32cube.ide.mcu.externaltools.gnu-tools-for-stm32.13.3.rel1.win32_1.0.0.202411081344/tools/bin/../lib/gcc/arm-none-eabi/13.3.1/../../../../arm-none-eabi/lib/thumb/v7-m/nofp\libc_nano.a(libc_a-nano-svfprintf.o)
                                 0x11 (size before relaxing)
 .rodata.__ssvfscanf_r.str1.1
                0x08006458        0x4 C:/ST/STM32CubeIDE_1.19.0/STM32CubeIDE/plugins/com.st.stm32cube.ide.mcu.externaltools.gnu-tools-for-stm32.13.3.rel1.win32_1.0.0.202411081344/tools/bin/../lib/gcc/arm-none-eabi/13.3.1/../../../../arm-none-eabi/lib/thumb/v7-m/nofp\libc_nano.a(libc_a-nano-svfscanf.o)
 .rodata._printf_i.str1.1
                0x08006458       0x22 C:/ST/STM32CubeIDE_1.19.0/STM32CubeIDE/plugins/com.st.stm32cube.ide.mcu.externaltools.gnu-tools-for-stm32.13.3.rel1.win32_1.0.0.202411081344/tools/bin/../lib/gcc/arm-none-eabi/13.3.1/../../../../arm-none-eabi/lib/thumb/v7-m/nofp\libc_nano.a(libc_a-nano-vfprintf_i.o)
 .rodata._scanf_i.str1.1
                0x08006458       0x12 C:/ST/STM32CubeIDE_1.19.0/STM32CubeIDE/plugins/com.st.stm32cube.ide.mcu.externaltools.gnu-tools-for-stm32.13.3.rel1.win32_1.0.0.202411081344/tools/bin/../lib/gcc/arm-none-eabi/13.3.1/../../../../arm-none-eabi/lib/thumb/v7-m/nofp\libc_nano.a(libc_a-nano-vfscanf_i.o)
 .rodata.str1.1
                0x08006458        0x9 C:/ST/STM32CubeIDE_1.19.0/STM32CubeIDE/plugins/com.st.stm32cube.ide.mcu.externaltools.gnu-tools-for-stm32.13.3.rel1.win32_1.0.0.202411081344/tools/bin/../lib/gcc/arm-none-eabi/13.3.1/../../../../arm-none-eabi/lib/thumb/v7-m/nofp\libc_nano.a(libc_a-nano-vfscanf_i.o)
 .rodata._ctype_
                0x08006458      0x101 C:/ST/STM32CubeIDE_1.19.0/STM32CubeIDE/plugins/com.st.stm32cube.ide.mcu.externaltools.gnu-tools-for-stm32.13.3.rel1.win32_1.0.0.202411081344/tools/bin/../lib/gcc/arm-none-eabi/13.3.1/../../../../arm-none-eabi/lib/thumb/v7-m/nofp\libc_nano.a(libc_a-ctype_.o)
                0x08006458                _ctype_
                0x0800655c                        . = ALIGN (0x4)
 *fill*         0x08006559        0x3 

.ARM.extab      0x0800655c        0x0
                0x0800655c                        . = ALIGN (0x4)
 *(.ARM.extab* .gnu.linkonce.armextab.*)
                0x0800655c                        . = ALIGN (0x4)

.ARM            0x0800655c        0x8
                0x0800655c                        . = ALIGN (0x4)
                0x0800655c                        __exidx_start = .
 *(.ARM.exidx*)
 .ARM.exidx     0x0800655c        0x8 C:/ST/STM32CubeIDE_1.19.0/STM32CubeIDE/plugins/com.st.stm32cube.ide.mcu.externaltools.gnu-tools-for-stm32.13.3.rel1.win32_1.0.0.202411081344/tools/bin/../lib/gcc/arm-none-eabi/13.3.1/../../../../arm-none-eabi/lib/thumb/v7-m/nofp\libc_nano.a(libc_a-strlen.o)
                0x08006564                        __exidx_end = .
                0x08006564                        . = ALIGN (0x4)

.preinit_array  0x08006564        0x0
                0x08006564                        . = ALIGN (0x4)
                0x08006564                        PROVIDE (__preinit_array_start = .)
 *(.preinit_array*)
                0x08006564                        PROVIDE (__preinit_array_end = .)
                0x08006564                        . = ALIGN (0x4)

.init_array     0x08006564        0x4
                0x08006564                        . = ALIGN (0x4)
                0x08006564                        PROVIDE (__init_array_start = .)
 *(SORT_BY_NAME(.init_array.*))
 *(.init_array*)
 .init_array    0x08006564        0x4 C:/ST/STM32CubeIDE_1.19.0/STM32CubeIDE/plugins/com.st.stm32cube.ide.mcu.externaltools.gnu-tools-for-stm32.13.3.rel1.win32_1.0.0.202411081344/tools/bin/../lib/gcc/arm-none-eabi/13.3.1/thumb/v7-m/nofp/crtbegin.o
                0x08006568                        PROVIDE (__init_array_end = .)
                0x08006568                        . = ALIGN (0x4)

.fini_array     0x08006568        0x4
                0x08006568                        . = ALIGN (0x4)
                [!provide]                        PROVIDE (__fini_array_start = .)
 *(SORT_BY_NAME(.fini_array.*))
 *(.fini_array*)
 .fini_array    0x08006568        0x4 C:/ST/STM32CubeIDE_1.19.0/STM32CubeIDE/plugins/com.st.stm32cube.ide.mcu.externaltools.gnu-tools-for-stm32.13.3.rel1.win32_1.0.0.202411081344/tools/bin/../lib/gcc/arm-none-eabi/13.3.1/thumb/v7-m/nofp/crtbegin.o
                [!provide]                        PROVIDE (__fini_array_end = .)
                0x0800656c                        . = ALIGN (0x4)
                0x0800656c                        _sidata = LOADADDR (.data)

.rel.dyn        0x0800656c        0x0
 .rel.iplt      0x0800656c        0x0 C:/ST/STM32CubeIDE_1.19.0/STM32CubeIDE/plugins/com.st.stm32cube.ide.mcu.externaltools.gnu-tools-for-stm32.13.3.rel1.win32_1.0.0.202411081344/tools/bin/../lib/gcc/arm-none-eabi/13.3.1/thumb/v7-m/nofp/crtbegin.o

.data           0x20000000       0x70 load address 0x0800656c
                0x20000000                        . = ALIGN (0x4)
                0x20000000                        _sdata = .
 *(.data)
 *(.data*)
 .data.SystemCoreClock
                0x20000000        0x4 ./Core/Src/system_stm32f1xx.o
                0x20000000                SystemCoreClock
 .data.local_mod_th
                0x20000004        0x4 ./Core/Src/task_display.o
 .data.local_crit_th
                0x20000008        0x4 ./Core/Src/task_display.o
 .data.wind_critical_th
                0x2000000c        0x4 ./Core/Src/task_system_interface.o
 .data.wind_moderate_th
                0x20000010        0x4 ./Core/Src/task_system_interface.o
 .data.night_irrigation_inhibited
                0x20000014        0x1 ./Core/Src/task_system_interface.o
 *fill*         0x20000015        0x3 
 .data.uwTickPrio
                0x20000018        0x4 ./Drivers/STM32F1xx_HAL_Driver/Src/stm32f1xx_hal.o
                0x20000018                uwTickPrio
 .data.uwTickFreq
                0x2000001c        0x1 ./Drivers/STM32F1xx_HAL_Driver/Src/stm32f1xx_hal.o
                0x2000001c                uwTickFreq
 *fill*         0x2000001d        0x3 
 .data._impure_ptr
                0x20000020        0x4 C:/ST/STM32CubeIDE_1.19.0/STM32CubeIDE/plugins/com.st.stm32cube.ide.mcu.externaltools.gnu-tools-for-stm32.13.3.rel1.win32_1.0.0.202411081344/tools/bin/../lib/gcc/arm-none-eabi/13.3.1/../../../../arm-none-eabi/lib/thumb/v7-m/nofp\libc_nano.a(libc_a-impure.o)
                0x20000020                _impure_ptr
 .data._impure_data
                0x20000024       0x4c C:/ST/STM32CubeIDE_1.19.0/STM32CubeIDE/plugins/com.st.stm32cube.ide.mcu.externaltools.gnu-tools-for-stm32.13.3.rel1.win32_1.0.0.202411081344/tools/bin/../lib/gcc/arm-none-eabi/13.3.1/../../../../arm-none-eabi/lib/thumb/v7-m/nofp\libc_nano.a(libc_a-impure.o)
                0x20000024                _impure_data
 *(.RamFunc)
 *(.RamFunc*)
                0x20000070                        . = ALIGN (0x4)
                0x20000070                        _edata = .

.igot.plt       0x20000070        0x0 load address 0x080065dc
 .igot.plt      0x20000070        0x0 C:/ST/STM32CubeIDE_1.19.0/STM32CubeIDE/plugins/com.st.stm32cube.ide.mcu.externaltools.gnu-tools-for-stm32.13.3.rel1.win32_1.0.0.202411081344/tools/bin/../lib/gcc/arm-none-eabi/13.3.1/thumb/v7-m/nofp/crtbegin.o
                0x20000070                        . = ALIGN (0x4)

.bss            0x20000070      0x388 load address 0x080065dc
                0x20000070                        _sbss = .
                0x20000070                        __bss_start__ = _sbss
 *(.bss)
 .bss           0x20000070       0x1c C:/ST/STM32CubeIDE_1.19.0/STM32CubeIDE/plugins/com.st.stm32cube.ide.mcu.externaltools.gnu-tools-for-stm32.13.3.rel1.win32_1.0.0.202411081344/tools/bin/../lib/gcc/arm-none-eabi/13.3.1/thumb/v7-m/nofp/crtbegin.o
 *(.bss*)
 .bss.g_app_tick_cnt
                0x2000008c        0x4 ./Core/Src/app.o
                0x2000008c                g_app_tick_cnt
 .bss.rx_char   0x20000090        0x1 ./Core/Src/logger.o
 *fill*         0x20000091        0x3 
 .bss.rx_buffer
                0x20000094       0x20 ./Core/Src/logger.o
 .bss.rx_index  0x200000b4        0x1 ./Core/Src/logger.o
 .bss.msg_received
                0x200000b5        0x1 ./Core/Src/logger.o
 *fill*         0x200000b6        0x2 
 .bss.tx_buffer
                0x200000b8       0x40 ./Core/Src/logger.o
 .bss.telemetry_tick_stamp
                0x200000f8        0x4 ./Core/Src/logger.o
 .bss.hadc1     0x200000fc       0x30 ./Core/Src/main.o
                0x200000fc                hadc1
 .bss.hdma_adc1
                0x2000012c       0x44 ./Core/Src/main.o
                0x2000012c                hdma_adc1
 .bss.hi2c1     0x20000170       0x54 ./Core/Src/main.o
                0x20000170                hi2c1
 .bss.huart2    0x200001c4       0x48 ./Core/Src/main.o
                0x200001c4                huart2
 .bss.heap_end.0
                0x2000020c        0x4 ./Core/Src/syscalls.o
 .bss.blink_tick_stamp
                0x20000210        0x4 ./Core/Src/task_actuator.o
 .bss.blink_state
                0x20000214        0x1 ./Core/Src/task_actuator.o
 *fill*         0x20000215        0x3 
 .bss.actuator_sectors
                0x20000218        0x4 ./Core/Src/task_actuator_interface.o
                0x20000218                actuator_sectors
 .bss.actuator_status_leds
                0x2000021c        0x3 ./Core/Src/task_actuator_interface.o
                0x2000021c                actuator_status_leds
 .bss.actuator_buzzer
                0x2000021f        0x1 ./Core/Src/task_actuator_interface.o
                0x2000021f                actuator_buzzer
 .bss.prev_sys_state
                0x20000220        0x1 ./Core/Src/task_display.o
 *fill*         0x20000221        0x3 
 .bss.last_update_tick
                0x20000224        0x4 ./Core/Src/task_display.o
 .bss.current_menu
                0x20000228        0x1 ./Core/Src/task_display.o
 .bss.menu_dirty
                0x20000229        0x1 ./Core/Src/task_display.o
 *fill*         0x2000022a        0x2 
 .bss.adc_raw_buffer
                0x2000022c        0x6 ./Core/Src/task_sensor.o
 *fill*         0x20000232        0x2 
 .bss.wind_filter_buffer
                0x20000234       0x20 ./Core/Src/task_sensor.o
 .bss.wind_filter_index
                0x20000254        0x4 ./Core/Src/task_sensor.o
 .bss.wind_filter_sum
                0x20000258        0x4 ./Core/Src/task_sensor.o
 .bss.filter_initialized
                0x2000025c        0x1 ./Core/Src/task_sensor.o
 *fill*         0x2000025d        0x3 
 .bss.buttons   0x20000260       0x30 ./Core/Src/task_sensor.o
 .bss.sensor_wind_speed
                0x20000290        0x4 ./Core/Src/task_sensor_interface.o
                0x20000290                sensor_wind_speed
 .bss.sensor_wind_dir
                0x20000294        0x4 ./Core/Src/task_sensor_interface.o
                0x20000294                sensor_wind_dir
 .bss.sensor_light
                0x20000298        0x4 ./Core/Src/task_sensor_interface.o
                0x20000298                sensor_light
 .bss.sensor_adc_error
                0x2000029c        0x1 ./Core/Src/task_sensor_interface.o
                0x2000029c                sensor_adc_error
 .bss.sensor_dip_switches
                0x2000029d        0x1 ./Core/Src/task_sensor_interface.o
                0x2000029d                sensor_dip_switches
 .bss.flag_btn_enter
                0x2000029e        0x1 ./Core/Src/task_sensor_interface.o
                0x2000029e                flag_btn_enter
 .bss.flag_btn_up
                0x2000029f        0x1 ./Core/Src/task_sensor_interface.o
                0x2000029f                flag_btn_up
 .bss.flag_btn_down
                0x200002a0        0x1 ./Core/Src/task_sensor_interface.o
                0x200002a0                flag_btn_down
 *fill*         0x200002a1        0x3 
 .bss.task_system_dta
                0x200002a4        0x3 ./Core/Src/task_system.o
 .bss.current_sys_state
                0x200002a7        0x1 ./Core/Src/task_system.o
                0x200002a7                current_sys_state
 .bss.task_system_event
                0x200002a8        0x1 ./Core/Src/task_system_interface.o
 .bss.b_task_system_event
                0x200002a9        0x1 ./Core/Src/task_system_interface.o
 *fill*         0x200002aa        0x2 
 .bss.uwTick    0x200002ac        0x4 ./Drivers/STM32F1xx_HAL_Driver/Src/stm32f1xx_hal.o
                0x200002ac                uwTick
 .bss.__sf      0x200002b0      0x138 C:/ST/STM32CubeIDE_1.19.0/STM32CubeIDE/plugins/com.st.stm32cube.ide.mcu.externaltools.gnu-tools-for-stm32.13.3.rel1.win32_1.0.0.202411081344/tools/bin/../lib/gcc/arm-none-eabi/13.3.1/../../../../arm-none-eabi/lib/thumb/v7-m/nofp\libc_nano.a(libc_a-findfp.o)
                0x200002b0                __sf
 .bss.errno     0x200003e8        0x4 C:/ST/STM32CubeIDE_1.19.0/STM32CubeIDE/plugins/com.st.stm32cube.ide.mcu.externaltools.gnu-tools-for-stm32.13.3.rel1.win32_1.0.0.202411081344/tools/bin/../lib/gcc/arm-none-eabi/13.3.1/../../../../arm-none-eabi/lib/thumb/v7-m/nofp\libc_nano.a(libc_a-reent.o)
                0x200003e8                errno
 .bss.__lock___malloc_recursive_mutex
                0x200003ec        0x1 C:/ST/STM32CubeIDE_1.19.0/STM32CubeIDE/plugins/com.st.stm32cube.ide.mcu.externaltools.gnu-tools-for-stm32.13.3.rel1.win32_1.0.0.202411081344/tools/bin/../lib/gcc/arm-none-eabi/13.3.1/../../../../arm-none-eabi/lib/thumb/v7-m/nofp\libc_nano.a(libc_a-lock.o)
                0x200003ec                __lock___malloc_recursive_mutex
 *fill*         0x200003ed        0x3 
 .bss.__malloc_sbrk_start
                0x200003f0        0x4 C:/ST/STM32CubeIDE_1.19.0/STM32CubeIDE/plugins/com.st.stm32cube.ide.mcu.externaltools.gnu-tools-for-stm32.13.3.rel1.win32_1.0.0.202411081344/tools/bin/../lib/gcc/arm-none-eabi/13.3.1/../../../../arm-none-eabi/lib/thumb/v7-m/nofp\libc_nano.a(libc_a-mallocr.o)
                0x200003f0                __malloc_sbrk_start
 .bss.__malloc_free_list
                0x200003f4        0x4 C:/ST/STM32CubeIDE_1.19.0/STM32CubeIDE/plugins/com.st.stm32cube.ide.mcu.externaltools.gnu-tools-for-stm32.13.3.rel1.win32_1.0.0.202411081344/tools/bin/../lib/gcc/arm-none-eabi/13.3.1/../../../../arm-none-eabi/lib/thumb/v7-m/nofp\libc_nano.a(libc_a-mallocr.o)
                0x200003f4                __malloc_free_list
 *(COMMON)
                0x200003f8                        . = ALIGN (0x4)
                0x200003f8                        _ebss = .
                0x200003f8                        __bss_end__ = _ebss

._user_heap_stack
                0x200003f8      0x600 load address 0x080065dc
                0x200003f8                        . = ALIGN (0x8)
                [!provide]                        PROVIDE (end = .)
                0x200003f8                        PROVIDE (_end = .)
                0x200005f8                        . = (. + _Min_Heap_Size)
 *fill*         0x200003f8      0x200 
                0x200009f8                        . = (. + _Min_Stack_Size)
 *fill*         0x200005f8      0x400 
                0x200009f8                        . = ALIGN (0x8)

/DISCARD/
 libc.a(*)
 libm.a(*)
 libgcc.a(*)

.ARM.attributes
                0x00000000       0x29
 *(.ARM.attributes)
 .ARM.attributes
                0x00000000       0x1d C:/ST/STM32CubeIDE_1.19.0/STM32CubeIDE/plugins/com.st.stm32cube.ide.mcu.externaltools.gnu-tools-for-stm32.13.3.rel1.win32_1.0.0.202411081344/tools/bin/../lib/gcc/arm-none-eabi/13.3.1/thumb/v7-m/nofp/crti.o
 .ARM.attributes
                0x0000001d       0x2d C:/ST/STM32CubeIDE_1.19.0/STM32CubeIDE/plugins/com.st.stm32cube.ide.mcu.externaltools.gnu-tools-for-stm32.13.3.rel1.win32_1.0.0.202411081344/tools/bin/../lib/gcc/arm-none-eabi/13.3.1/thumb/v7-m/nofp/crtbegin.o
 .ARM.attributes
                0x0000004a       0x2d ./Core/Src/app.o
 .ARM.attributes
                0x00000077       0x2d ./Core/Src/display.o
 .ARM.attributes
                0x000000a4       0x2d ./Core/Src/eeprom.o
 .ARM.attributes
                0x000000d1       0x2d ./Core/Src/logger.o
 .ARM.attributes
                0x000000fe       0x2d ./Core/Src/main.o
 .ARM.attributes
                0x0000012b       0x2d ./Core/Src/stm32f1xx_hal_msp.o
 .ARM.attributes
                0x00000158       0x2d ./Core/Src/stm32f1xx_it.o
 .ARM.attributes
                0x00000185       0x2d ./Core/Src/syscalls.o
 .ARM.attributes
                0x000001b2       0x2d ./Core/Src/system_stm32f1xx.o
 .ARM.attributes
                0x000001df       0x2d ./Core/Src/task_actuator.o
 .ARM.attributes
                0x0000020c       0x2d ./Core/Src/task_actuator_interface.o
 .ARM.attributes
                0x00000239       0x2d ./Core/Src/task_display.o
 .ARM.attributes
                0x00000266       0x2d ./Core/Src/task_sensor.o
 .ARM.attributes
                0x00000293       0x2d ./Core/Src/task_sensor_interface.o
 .ARM.attributes
                0x000002c0       0x2d ./Core/Src/task_system.o
 .ARM.attributes
                0x000002ed       0x2d ./Core/Src/task_system_interface.o
 .ARM.attributes
                0x0000031a       0x21 ./Core/Startup/startup_stm32f103rbtx.o
 .ARM.attributes
                0x0000033b       0x2d ./Drivers/STM32F1xx_HAL_Driver/Src/stm32f1xx_hal.o
 .ARM.attributes
                0x00000368       0x2d ./Drivers/STM32F1xx_HAL_Driver/Src/stm32f1xx_hal_adc.o
 .ARM.attributes
                0x00000395       0x2d ./Drivers/STM32F1xx_HAL_Driver/Src/stm32f1xx_hal_cortex.o
 .ARM.attributes
                0x000003c2       0x2d ./Drivers/STM32F1xx_HAL_Driver/Src/stm32f1xx_hal_dma.o
 .ARM.attributes
                0x000003ef       0x2d ./Drivers/STM32F1xx_HAL_Driver/Src/stm32f1xx_hal_gpio.o
 .ARM.attributes
                0x0000041c       0x2d ./Drivers/STM32F1xx_HAL_Driver/Src/stm32f1xx_hal_i2c.o
 .ARM.attributes
                0x00000449       0x2d ./Drivers/STM32F1xx_HAL_Driver/Src/stm32f1xx_hal_pwr.o
 .ARM.attributes
                0x00000476       0x2d ./Drivers/STM32F1xx_HAL_Driver/Src/stm32f1xx_hal_rcc.o
 .ARM.attributes
                0x000004a3       0x2d ./Drivers/STM32F1xx_HAL_Driver/Src/stm32f1xx_hal_rcc_ex.o
 .ARM.attributes
                0x000004d0       0x2d ./Drivers/STM32F1xx_HAL_Driver/Src/stm32f1xx_hal_uart.o
 .ARM.attributes
                0x000004fd       0x2d C:/ST/STM32CubeIDE_1.19.0/STM32CubeIDE/plugins/com.st.stm32cube.ide.mcu.externaltools.gnu-tools-for-stm32.13.3.rel1.win32_1.0.0.202411081344/tools/bin/../lib/gcc/arm-none-eabi/13.3.1/../../../../arm-none-eabi/lib/thumb/v7-m/nofp\libc_nano.a(libc_a-findfp.o)
 .ARM.attributes
                0x0000052a       0x2d C:/ST/STM32CubeIDE_1.19.0/STM32CubeIDE/plugins/com.st.stm32cube.ide.mcu.externaltools.gnu-tools-for-stm32.13.3.rel1.win32_1.0.0.202411081344/tools/bin/../lib/gcc/arm-none-eabi/13.3.1/../../../../arm-none-eabi/lib/thumb/v7-m/nofp\libc_nano.a(libc_a-sprintf.o)
 .ARM.attributes
                0x00000557       0x2d C:/ST/STM32CubeIDE_1.19.0/STM32CubeIDE/plugins/com.st.stm32cube.ide.mcu.externaltools.gnu-tools-for-stm32.13.3.rel1.win32_1.0.0.202411081344/tools/bin/../lib/gcc/arm-none-eabi/13.3.1/../../../../arm-none-eabi/lib/thumb/v7-m/nofp\libc_nano.a(libc_a-sscanf.o)
 .ARM.attributes
                0x00000584       0x2d C:/ST/STM32CubeIDE_1.19.0/STM32CubeIDE/plugins/com.st.stm32cube.ide.mcu.externaltools.gnu-tools-for-stm32.13.3.rel1.win32_1.0.0.202411081344/tools/bin/../lib/gcc/arm-none-eabi/13.3.1/../../../../arm-none-eabi/lib/thumb/v7-m/nofp\libc_nano.a(libc_a-stdio.o)
 .ARM.attributes
                0x000005b1       0x2d C:/ST/STM32CubeIDE_1.19.0/STM32CubeIDE/plugins/com.st.stm32cube.ide.mcu.externaltools.gnu-tools-for-stm32.13.3.rel1.win32_1.0.0.202411081344/tools/bin/../lib/gcc/arm-none-eabi/13.3.1/../../../../arm-none-eabi/lib/thumb/v7-m/nofp\libc_nano.a(libc_a-memset.o)
 .ARM.attributes
                0x000005de       0x2d C:/ST/STM32CubeIDE_1.19.0/STM32CubeIDE/plugins/com.st.stm32cube.ide.mcu.externaltools.gnu-tools-for-stm32.13.3.rel1.win32_1.0.0.202411081344/tools/bin/../lib/gcc/arm-none-eabi/13.3.1/../../../../arm-none-eabi/lib/thumb/v7-m/nofp\libc_nano.a(libc_a-strncmp.o)
 .ARM.attributes
                0x0000060b       0x2d C:/ST/STM32CubeIDE_1.19.0/STM32CubeIDE/plugins/com.st.stm32cube.ide.mcu.externaltools.gnu-tools-for-stm32.13.3.rel1.win32_1.0.0.202411081344/tools/bin/../lib/gcc/arm-none-eabi/13.3.1/../../../../arm-none-eabi/lib/thumb/v7-m/nofp\libc_nano.a(libc_a-reent.o)
 .ARM.attributes
                0x00000638       0x2d C:/ST/STM32CubeIDE_1.19.0/STM32CubeIDE/plugins/com.st.stm32cube.ide.mcu.externaltools.gnu-tools-for-stm32.13.3.rel1.win32_1.0.0.202411081344/tools/bin/../lib/gcc/arm-none-eabi/13.3.1/../../../../arm-none-eabi/lib/thumb/v7-m/nofp\libc_nano.a(libc_a-impure.o)
 .ARM.attributes
                0x00000665       0x2d C:/ST/STM32CubeIDE_1.19.0/STM32CubeIDE/plugins/com.st.stm32cube.ide.mcu.externaltools.gnu-tools-for-stm32.13.3.rel1.win32_1.0.0.202411081344/tools/bin/../lib/gcc/arm-none-eabi/13.3.1/../../../../arm-none-eabi/lib/thumb/v7-m/nofp\libc_nano.a(libc_a-errno.o)
 .ARM.attributes
                0x00000692       0x2d C:/ST/STM32CubeIDE_1.19.0/STM32CubeIDE/plugins/com.st.stm32cube.ide.mcu.externaltools.gnu-tools-for-stm32.13.3.rel1.win32_1.0.0.202411081344/tools/bin/../lib/gcc/arm-none-eabi/13.3.1/../../../../arm-none-eabi/lib/thumb/v7-m/nofp\libc_nano.a(libc_a-init.o)
 .ARM.attributes
                0x000006bf       0x2d C:/ST/STM32CubeIDE_1.19.0/STM32CubeIDE/plugins/com.st.stm32cube.ide.mcu.externaltools.gnu-tools-for-stm32.13.3.rel1.win32_1.0.0.202411081344/tools/bin/../lib/gcc/arm-none-eabi/13.3.1/../../../../arm-none-eabi/lib/thumb/v7-m/nofp\libc_nano.a(libc_a-lock.o)
 .ARM.attributes
                0x000006ec       0x17 C:/ST/STM32CubeIDE_1.19.0/STM32CubeIDE/plugins/com.st.stm32cube.ide.mcu.externaltools.gnu-tools-for-stm32.13.3.rel1.win32_1.0.0.202411081344/tools/bin/../lib/gcc/arm-none-eabi/13.3.1/../../../../arm-none-eabi/lib/thumb/v7-m/nofp\libc_nano.a(libc_a-strlen.o)
 .ARM.attributes
                0x00000703       0x2d C:/ST/STM32CubeIDE_1.19.0/STM32CubeIDE/plugins/com.st.stm32cube.ide.mcu.externaltools.gnu-tools-for-stm32.13.3.rel1.win32_1.0.0.202411081344/tools/bin/../lib/gcc/arm-none-eabi/13.3.1/../../../../arm-none-eabi/lib/thumb/v7-m/nofp\libc_nano.a(libc_a-freer.o)
 .ARM.attributes
                0x00000730       0x2d C:/ST/STM32CubeIDE_1.19.0/STM32CubeIDE/plugins/com.st.stm32cube.ide.mcu.externaltools.gnu-tools-for-stm32.13.3.rel1.win32_1.0.0.202411081344/tools/bin/../lib/gcc/arm-none-eabi/13.3.1/../../../../arm-none-eabi/lib/thumb/v7-m/nofp\libc_nano.a(libc_a-mallocr.o)
 .ARM.attributes
                0x0000075d       0x2d C:/ST/STM32CubeIDE_1.19.0/STM32CubeIDE/plugins/com.st.stm32cube.ide.mcu.externaltools.gnu-tools-for-stm32.13.3.rel1.win32_1.0.0.202411081344/tools/bin/../lib/gcc/arm-none-eabi/13.3.1/../../../../arm-none-eabi/lib/thumb/v7-m/nofp\libc_nano.a(libc_a-mlock.o)
 .ARM.attributes
                0x0000078a       0x2d C:/ST/STM32CubeIDE_1.19.0/STM32CubeIDE/plugins/com.st.stm32cube.ide.mcu.externaltools.gnu-tools-for-stm32.13.3.rel1.win32_1.0.0.202411081344/tools/bin/../lib/gcc/arm-none-eabi/13.3.1/../../../../arm-none-eabi/lib/thumb/v7-m/nofp\libc_nano.a(libc_a-nano-svfprintf.o)
 .ARM.attributes
                0x000007b7       0x2d C:/ST/STM32CubeIDE_1.19.0/STM32CubeIDE/plugins/com.st.stm32cube.ide.mcu.externaltools.gnu-tools-for-stm32.13.3.rel1.win32_1.0.0.202411081344/tools/bin/../lib/gcc/arm-none-eabi/13.3.1/../../../../arm-none-eabi/lib/thumb/v7-m/nofp\libc_nano.a(libc_a-nano-svfscanf.o)
 .ARM.attributes
                0x000007e4       0x2d C:/ST/STM32CubeIDE_1.19.0/STM32CubeIDE/plugins/com.st.stm32cube.ide.mcu.externaltools.gnu-tools-for-stm32.13.3.rel1.win32_1.0.0.202411081344/tools/bin/../lib/gcc/arm-none-eabi/13.3.1/../../../../arm-none-eabi/lib/thumb/v7-m/nofp\libc_nano.a(libc_a-nano-vfprintf_i.o)
 .ARM.attributes
                0x00000811       0x2d C:/ST/STM32CubeIDE_1.19.0/STM32CubeIDE/plugins/com.st.stm32cube.ide.mcu.externaltools.gnu-tools-for-stm32.13.3.rel1.win32_1.0.0.202411081344/tools/bin/../lib/gcc/arm-none-eabi/13.3.1/../../../../arm-none-eabi/lib/thumb/v7-m/nofp\libc_nano.a(libc_a-nano-vfscanf_i.o)
 .ARM.attributes
                0x0000083e       0x2d C:/ST/STM32CubeIDE_1.19.0/STM32CubeIDE/plugins/com.st.stm32cube.ide.mcu.externaltools.gnu-tools-for-stm32.13.3.rel1.win32_1.0.0.202411081344/tools/bin/../lib/gcc/arm-none-eabi/13.3.1/../../../../arm-none-eabi/lib/thumb/v7-m/nofp\libc_nano.a(libc_a-sccl.o)
 .ARM.attributes
                0x0000086b       0x2d C:/ST/STM32CubeIDE_1.19.0/STM32CubeIDE/plugins/com.st.stm32cube.ide.mcu.externaltools.gnu-tools-for-stm32.13.3.rel1.win32_1.0.0.202411081344/tools/bin/../lib/gcc/arm-none-eabi/13.3.1/../../../../arm-none-eabi/lib/thumb/v7-m/nofp\libc_nano.a(libc_a-ungetc.o)
 .ARM.attributes
                0x00000898       0x2d C:/ST/STM32CubeIDE_1.19.0/STM32CubeIDE/plugins/com.st.stm32cube.ide.mcu.externaltools.gnu-tools-for-stm32.13.3.rel1.win32_1.0.0.202411081344/tools/bin/../lib/gcc/arm-none-eabi/13.3.1/../../../../arm-none-eabi/lib/thumb/v7-m/nofp\libc_nano.a(libc_a-memmove.o)
 .ARM.attributes
                0x000008c5       0x2d C:/ST/STM32CubeIDE_1.19.0/STM32CubeIDE/plugins/com.st.stm32cube.ide.mcu.externaltools.gnu-tools-for-stm32.13.3.rel1.win32_1.0.0.202411081344/tools/bin/../lib/gcc/arm-none-eabi/13.3.1/../../../../arm-none-eabi/lib/thumb/v7-m/nofp\libc_nano.a(libc_a-sbrkr.o)
 .ARM.attributes
                0x000008f2       0x2d C:/ST/STM32CubeIDE_1.19.0/STM32CubeIDE/plugins/com.st.stm32cube.ide.mcu.externaltools.gnu-tools-for-stm32.13.3.rel1.win32_1.0.0.202411081344/tools/bin/../lib/gcc/arm-none-eabi/13.3.1/../../../../arm-none-eabi/lib/thumb/v7-m/nofp\libc_nano.a(libc_a-memchr-stub.o)
 .ARM.attributes
                0x0000091f       0x2d C:/ST/STM32CubeIDE_1.19.0/STM32CubeIDE/plugins/com.st.stm32cube.ide.mcu.externaltools.gnu-tools-for-stm32.13.3.rel1.win32_1.0.0.202411081344/tools/bin/../lib/gcc/arm-none-eabi/13.3.1/../../../../arm-none-eabi/lib/thumb/v7-m/nofp\libc_nano.a(libc_a-memcpy-stub.o)
 .ARM.attributes
                0x0000094c       0x2d C:/ST/STM32CubeIDE_1.19.0/STM32CubeIDE/plugins/com.st.stm32cube.ide.mcu.externaltools.gnu-tools-for-stm32.13.3.rel1.win32_1.0.0.202411081344/tools/bin/../lib/gcc/arm-none-eabi/13.3.1/../../../../arm-none-eabi/lib/thumb/v7-m/nofp\libc_nano.a(libc_a-reallocr.o)
 .ARM.attributes
                0x00000979       0x2d C:/ST/STM32CubeIDE_1.19.0/STM32CubeIDE/plugins/com.st.stm32cube.ide.mcu.externaltools.gnu-tools-for-stm32.13.3.rel1.win32_1.0.0.202411081344/tools/bin/../lib/gcc/arm-none-eabi/13.3.1/../../../../arm-none-eabi/lib/thumb/v7-m/nofp\libc_nano.a(libc_a-strtol.o)
 .ARM.attributes
                0x000009a6       0x2d C:/ST/STM32CubeIDE_1.19.0/STM32CubeIDE/plugins/com.st.stm32cube.ide.mcu.externaltools.gnu-tools-for-stm32.13.3.rel1.win32_1.0.0.202411081344/tools/bin/../lib/gcc/arm-none-eabi/13.3.1/../../../../arm-none-eabi/lib/thumb/v7-m/nofp\libc_nano.a(libc_a-strtoul.o)
 .ARM.attributes
                0x000009d3       0x2d C:/ST/STM32CubeIDE_1.19.0/STM32CubeIDE/plugins/com.st.stm32cube.ide.mcu.externaltools.gnu-tools-for-stm32.13.3.rel1.win32_1.0.0.202411081344/tools/bin/../lib/gcc/arm-none-eabi/13.3.1/../../../../arm-none-eabi/lib/thumb/v7-m/nofp\libc_nano.a(libc_a-ctype_.o)
 .ARM.attributes
                0x00000a00       0x2d C:/ST/STM32CubeIDE_1.19.0/STM32CubeIDE/plugins/com.st.stm32cube.ide.mcu.externaltools.gnu-tools-for-stm32.13.3.rel1.win32_1.0.0.202411081344/tools/bin/../lib/gcc/arm-none-eabi/13.3.1/../../../../arm-none-eabi/lib/thumb/v7-m/nofp\libc_nano.a(libc_a-msizer.o)
 .ARM.attributes
                0x00000a2d       0x1d C:/ST/STM32CubeIDE_1.19.0/STM32CubeIDE/plugins/com.st.stm32cube.ide.mcu.externaltools.gnu-tools-for-stm32.13.3.rel1.win32_1.0.0.202411081344/tools/bin/../lib/gcc/arm-none-eabi/13.3.1/thumb/v7-m/nofp/crtn.o
OUTPUT(Trabajo-FINAL_tdse.elf elf32-littlearm)
LOAD linker stubs
LOAD C:/ST/STM32CubeIDE_1.19.0/STM32CubeIDE/plugins/com.st.stm32cube.ide.mcu.externaltools.gnu-tools-for-stm32.13.3.rel1.win32_1.0.0.202411081344/tools/bin/../lib/gcc/arm-none-eabi/13.3.1/../../../../arm-none-eabi/lib/thumb/v7-m/nofp\libc.a
LOAD C:/ST/STM32CubeIDE_1.19.0/STM32CubeIDE/plugins/com.st.stm32cube.ide.mcu.externaltools.gnu-tools-for-stm32.13.3.rel1.win32_1.0.0.202411081344/tools/bin/../lib/gcc/arm-none-eabi/13.3.1/../../../../arm-none-eabi/lib/thumb/v7-m/nofp\libm.a
LOAD C:/ST/STM32CubeIDE_1.19.0/STM32CubeIDE/plugins/com.st.stm32cube.ide.mcu.externaltools.gnu-tools-for-stm32.13.3.rel1.win32_1.0.0.202411081344/tools/bin/../lib/gcc/arm-none-eabi/13.3.1/thumb/v7-m/nofp\libgcc.a

.debug_info     0x00000000     0xef1d
 .debug_info    0x00000000      0x24f ./Core/Src/app.o
 .debug_info    0x0000024f      0x713 ./Core/Src/display.o
 .debug_info    0x00000962      0x78f ./Core/Src/eeprom.o
 .debug_info    0x000010f1      0x7d4 ./Core/Src/logger.o
 .debug_info    0x000018c5     0x1155 ./Core/Src/main.o
 .debug_info    0x00002a1a      0xe26 ./Core/Src/stm32f1xx_hal_msp.o
 .debug_info    0x00003840      0x398 ./Core/Src/stm32f1xx_it.o
 .debug_info    0x00003bd8      0x6ff ./Core/Src/syscalls.o
 .debug_info    0x000042d7      0x222 ./Core/Src/system_stm32f1xx.o
 .debug_info    0x000044f9      0x24f ./Core/Src/task_actuator.o
 .debug_info    0x00004748      0x1c7 ./Core/Src/task_actuator_interface.o
 .debug_info    0x0000490f      0x4ca ./Core/Src/task_display.o
 .debug_info    0x00004dd9      0x96a ./Core/Src/task_sensor.o
 .debug_info    0x00005743      0x221 ./Core/Src/task_sensor_interface.o
 .debug_info    0x00005964      0x315 ./Core/Src/task_system.o
 .debug_info    0x00005c79      0x24e ./Core/Src/task_system_interface.o
 .debug_info    0x00005ec7       0x30 ./Core/Startup/startup_stm32f103rbtx.o
 .debug_info    0x00005ef7      0x704 ./Drivers/STM32F1xx_HAL_Driver/Src/stm32f1xx_hal.o
 .debug_info    0x000065fb      0xc50 ./Drivers/STM32F1xx_HAL_Driver/Src/stm32f1xx_hal_adc.o
 .debug_info    0x0000724b      0xa87 ./Drivers/STM32F1xx_HAL_Driver/Src/stm32f1xx_hal_cortex.o
 .debug_info    0x00007cd2      0x6d2 ./Drivers/STM32F1xx_HAL_Driver/Src/stm32f1xx_hal_dma.o
 .debug_info    0x000083a4      0x5ab ./Drivers/STM32F1xx_HAL_Driver/Src/stm32f1xx_hal_gpio.o
 .debug_info    0x0000894f     0x2524 ./Drivers/STM32F1xx_HAL_Driver/Src/stm32f1xx_hal_i2c.o
 .debug_info    0x0000ae73      0x628 ./Drivers/STM32F1xx_HAL_Driver/Src/stm32f1xx_hal_pwr.o
 .debug_info    0x0000b49b      0x7d5 ./Drivers/STM32F1xx_HAL_Driver/Src/stm32f1xx_hal_rcc.o
 .debug_info    0x0000bc70      0x3c0 ./Drivers/STM32F1xx_HAL_Driver/Src/stm32f1xx_hal_rcc_ex.o
 .debug_info    0x0000c030     0x2eed ./Drivers/STM32F1xx_HAL_Driver/Src/stm32f1xx_hal_uart.o

.debug_abbrev   0x00000000     0x3158
 .debug_abbrev  0x00000000      0x14f ./Core/Src/app.o
 .debug_abbrev  0x0000014f      0x1d3 ./Core/Src/display.o
 .debug_abbrev  0x00000322      0x1e2 ./Core/Src/eeprom.o
 .debug_abbrev  0x00000504      0x21b ./Core/Src/logger.o
 .debug_abbrev  0x0000071f      0x292 ./Core/Src/main.o
 .debug_abbrev  0x000009b1      0x216 ./Core/Src/stm32f1xx_hal_msp.o
 .debug_abbrev  0x00000bc7      0x183 ./Core/Src/stm32f1xx_it.o
 .debug_abbrev  0x00000d4a      0x1cf ./Core/Src/syscalls.o
 .debug_abbrev  0x00000f19      0x13f ./Core/Src/system_stm32f1xx.o
 .debug_abbrev  0x00001058      0x17d ./Core/Src/task_actuator.o
 .debug_abbrev  0x000011d5       0xd0 ./Core/Src/task_actuator_interface.o
 .debug_abbrev  0x000012a5      0x200 ./Core/Src/task_display.o
 .debug_abbrev  0x000014a5      0x2a4 ./Core/Src/task_sensor.o
 .debug_abbrev  0x00001749       0xa4 ./Core/Src/task_sensor_interface.o
 .debug_abbrev  0x000017ed      0x175 ./Core/Src/task_system.o
 .debug_abbrev  0x00001962      0x113 ./Core/Src/task_system_interface.o
 .debug_abbrev  0x00001a75       0x24 ./Core/Startup/startup_stm32f103rbtx.o
 .debug_abbrev  0x00001a99      0x201 ./Drivers/STM32F1xx_HAL_Driver/Src/stm32f1xx_hal.o
 .debug_abbrev  0x00001c9a      0x225 ./Drivers/STM32F1xx_HAL_Driver/Src/stm32f1xx_hal_adc.o
 .debug_abbrev  0x00001ebf      0x2f8 ./Drivers/STM32F1xx_HAL_Driver/Src/stm32f1xx_hal_cortex.o
 .debug_abbrev  0x000021b7      0x20b ./Drivers/STM32F1xx_HAL_Driver/Src/stm32f1xx_hal_dma.o
 .debug_abbrev  0x000023c2      0x1ca ./Drivers/STM32F1xx_HAL_Driver/Src/stm32f1xx_hal_gpio.o
 .debug_abbrev  0x0000258c      0x2a3 ./Drivers/STM32F1xx_HAL_Driver/Src/stm32f1xx_hal_i2c.o
 .debug_abbrev  0x0000282f      0x1f6 ./Drivers/STM32F1xx_HAL_Driver/Src/stm32f1xx_hal_pwr.o
 .debug_abbrev  0x00002a25      0x2b3 ./Drivers/STM32F1xx_HAL_Driver/Src/stm32f1xx_hal_rcc.o
 .debug_abbrev  0x00002cd8      0x188 ./Drivers/STM32F1xx_HAL_Driver/Src/stm32f1xx_hal_rcc_ex.o
 .debug_abbrev  0x00002e60      0x2f8 ./Drivers/STM32F1xx_HAL_Driver/Src/stm32f1xx_hal_uart.o

.debug_aranges  0x00000000      0xed0
 .debug_aranges
                0x00000000       0x30 ./Core/Src/app.o
 .debug_aranges
                0x00000030       0x48 ./Core/Src/display.o
 .debug_aranges
                0x00000078       0x38 ./Core/Src/eeprom.o
 .debug_aranges
                0x000000b0       0x48 ./Core/Src/logger.o
 .debug_aranges
                0x000000f8       0x58 ./Core/Src/main.o
 .debug_aranges
                0x00000150       0x50 ./Core/Src/stm32f1xx_hal_msp.o
 .debug_aranges
                0x000001a0       0x70 ./Core/Src/stm32f1xx_it.o
 .debug_aranges
                0x00000210       0xb0 ./Core/Src/syscalls.o
 .debug_aranges
                0x000002c0       0x28 ./Core/Src/system_stm32f1xx.o
 .debug_aranges
                0x000002e8       0x28 ./Core/Src/task_actuator.o
 .debug_aranges
                0x00000310       0x40 ./Core/Src/task_actuator_interface.o
 .debug_aranges
                0x00000350       0x50 ./Core/Src/task_display.o
 .debug_aranges
                0x000003a0       0x50 ./Core/Src/task_sensor.o
 .debug_aranges
                0x000003f0       0x58 ./Core/Src/task_sensor_interface.o
 .debug_aranges
                0x00000448       0x38 ./Core/Src/task_system.o
 .debug_aranges
                0x00000480       0x68 ./Core/Src/task_system_interface.o
 .debug_aranges
                0x000004e8       0x28 ./Core/Startup/startup_stm32f103rbtx.o
 .debug_aranges
                0x00000510       0xe0 ./Drivers/STM32F1xx_HAL_Driver/Src/stm32f1xx_hal.o
 .debug_aranges
                0x000005f0       0xf0 ./Drivers/STM32F1xx_HAL_Driver/Src/stm32f1xx_hal_adc.o
 .debug_aranges
                0x000006e0      0x100 ./Drivers/STM32F1xx_HAL_Driver/Src/stm32f1xx_hal_cortex.o
 .debug_aranges
                0x000007e0       0x80 ./Drivers/STM32F1xx_HAL_Driver/Src/stm32f1xx_hal_dma.o
 .debug_aranges
                0x00000860       0x58 ./Drivers/STM32F1xx_HAL_Driver/Src/stm32f1xx_hal_gpio.o
 .debug_aranges
                0x000008b8      0x2a8 ./Drivers/STM32F1xx_HAL_Driver/Src/stm32f1xx_hal_i2c.o
 .debug_aranges
                0x00000b60       0xa8 ./Drivers/STM32F1xx_HAL_Driver/Src/stm32f1xx_hal_pwr.o
 .debug_aranges
                0x00000c08       0x90 ./Drivers/STM32F1xx_HAL_Driver/Src/stm32f1xx_hal_rcc.o
 .debug_aranges
                0x00000c98       0x30 ./Drivers/STM32F1xx_HAL_Driver/Src/stm32f1xx_hal_rcc_ex.o
 .debug_aranges
                0x00000cc8      0x208 ./Drivers/STM32F1xx_HAL_Driver/Src/stm32f1xx_hal_uart.o

.debug_rnglists
                0x00000000      0xb46
 .debug_rnglists
                0x00000000       0x20 ./Core/Src/app.o
 .debug_rnglists
                0x00000020       0x31 ./Core/Src/display.o
 .debug_rnglists
                0x00000051       0x27 ./Core/Src/eeprom.o
 .debug_rnglists
                0x00000078       0x33 ./Core/Src/logger.o
 .debug_rnglists
                0x000000ab       0x3f ./Core/Src/main.o
 .debug_rnglists
                0x000000ea       0x38 ./Core/Src/stm32f1xx_hal_msp.o
 .debug_rnglists
                0x00000122       0x4f ./Core/Src/stm32f1xx_it.o
 .debug_rnglists
                0x00000171       0x7f ./Core/Src/syscalls.o
 .debug_rnglists
                0x000001f0       0x1a ./Core/Src/system_stm32f1xx.o
 .debug_rnglists
                0x0000020a       0x1b ./Core/Src/task_actuator.o
 .debug_rnglists
                0x00000225       0x2b ./Core/Src/task_actuator_interface.o
 .debug_rnglists
                0x00000250       0x3a ./Core/Src/task_display.o
 .debug_rnglists
                0x0000028a       0x3a ./Core/Src/task_sensor.o
 .debug_rnglists
                0x000002c4       0x3d ./Core/Src/task_sensor_interface.o
 .debug_rnglists
                0x00000301       0x27 ./Core/Src/task_system.o
 .debug_rnglists
                0x00000328       0x49 ./Core/Src/task_system_interface.o
 .debug_rnglists
                0x00000371       0x19 ./Core/Startup/startup_stm32f103rbtx.o
 .debug_rnglists
                0x0000038a       0xa3 ./Drivers/STM32F1xx_HAL_Driver/Src/stm32f1xx_hal.o
 .debug_rnglists
                0x0000042d       0xbc ./Drivers/STM32F1xx_HAL_Driver/Src/stm32f1xx_hal_adc.o
 .debug_rnglists
                0x000004e9       0xbb ./Drivers/STM32F1xx_HAL_Driver/Src/stm32f1xx_hal_cortex.o
 .debug_rnglists
                0x000005a4       0x64 ./Drivers/STM32F1xx_HAL_Driver/Src/stm32f1xx_hal_dma.o
 .debug_rnglists
                0x00000608       0x3f ./Drivers/STM32F1xx_HAL_Driver/Src/stm32f1xx_hal_gpio.o
 .debug_rnglists
                0x00000647      0x23c ./Drivers/STM32F1xx_HAL_Driver/Src/stm32f1xx_hal_i2c.o
 .debug_rnglists
                0x00000883       0x7a ./Drivers/STM32F1xx_HAL_Driver/Src/stm32f1xx_hal_pwr.o
 .debug_rnglists
                0x000008fd       0x6c ./Drivers/STM32F1xx_HAL_Driver/Src/stm32f1xx_hal_rcc.o
 .debug_rnglists
                0x00000969       0x21 ./Drivers/STM32F1xx_HAL_Driver/Src/stm32f1xx_hal_rcc_ex.o
 .debug_rnglists
                0x0000098a      0x1bc ./Drivers/STM32F1xx_HAL_Driver/Src/stm32f1xx_hal_uart.o

.debug_macro    0x00000000    0x1a076
 .debug_macro   0x00000000      0x203 ./Core/Src/app.o
 .debug_macro   0x00000203      0xacc ./Core/Src/app.o
 .debug_macro   0x00000ccf      0x227 ./Core/Src/app.o
 .debug_macro   0x00000ef6       0x2e ./Core/Src/app.o
 .debug_macro   0x00000f24       0x22 ./Core/Src/app.o
 .debug_macro   0x00000f46       0x22 ./Core/Src/app.o
 .debug_macro   0x00000f68       0x8e ./Core/Src/app.o
 .debug_macro   0x00000ff6       0x51 ./Core/Src/app.o
 .debug_macro   0x00001047      0x103 ./Core/Src/app.o
 .debug_macro   0x0000114a       0x6a ./Core/Src/app.o
 .debug_macro   0x000011b4      0x1df ./Core/Src/app.o
 .debug_macro   0x00001393       0x1c ./Core/Src/app.o
 .debug_macro   0x000013af       0x22 ./Core/Src/app.o
 .debug_macro   0x000013d1       0xbd ./Core/Src/app.o
 .debug_macro   0x0000148e      0xd23 ./Core/Src/app.o
 .debug_macro   0x000021b1     0xe09e ./Core/Src/app.o
 .debug_macro   0x0001024f       0x6d ./Core/Src/app.o
 .debug_macro   0x000102bc     0x34a2 ./Core/Src/app.o
 .debug_macro   0x0001375e      0x190 ./Core/Src/app.o
 .debug_macro   0x000138ee       0x5c ./Core/Src/app.o
 .debug_macro   0x0001394a      0x5bc ./Core/Src/app.o
 .debug_macro   0x00013f06      0x289 ./Core/Src/app.o
 .debug_macro   0x0001418f      0x1cb ./Core/Src/app.o
 .debug_macro   0x0001435a      0x114 ./Core/Src/app.o
 .debug_macro   0x0001446e      0x1b2 ./Core/Src/app.o
 .debug_macro   0x00014620       0x27 ./Core/Src/app.o
 .debug_macro   0x00014647      0x136 ./Core/Src/app.o
 .debug_macro   0x0001477d      0x1bc ./Core/Src/app.o
 .debug_macro   0x00014939       0x34 ./Core/Src/app.o
 .debug_macro   0x0001496d       0x3c ./Core/Src/app.o
 .debug_macro   0x000149a9       0x57 ./Core/Src/app.o
 .debug_macro   0x00014a00      0x46a ./Core/Src/app.o
 .debug_macro   0x00014e6a      0x1b5 ./Core/Src/app.o
 .debug_macro   0x0001501f       0x87 ./Core/Src/app.o
 .debug_macro   0x000150a6      0x240 ./Core/Src/app.o
 .debug_macro   0x000152e6      0x287 ./Core/Src/app.o
 .debug_macro   0x0001556d      0x140 ./Core/Src/app.o
 .debug_macro   0x000156ad      0x28e ./Core/Src/app.o
 .debug_macro   0x0001593b       0x83 ./Core/Src/app.o
 .debug_macro   0x000159be       0x52 ./Core/Src/app.o
 .debug_macro   0x00015a10       0x22 ./Core/Src/app.o
 .debug_macro   0x00015a32       0x10 ./Core/Src/app.o
 .debug_macro   0x00015a42       0x16 ./Core/Src/app.o
 .debug_macro   0x00015a58       0x3a ./Core/Src/app.o
 .debug_macro   0x00015a92      0x1d4 ./Core/Src/display.o
 .debug_macro   0x00015c66      0x1da ./Core/Src/eeprom.o
 .debug_macro   0x00015e40      0x2fa ./Core/Src/logger.o
 .debug_macro   0x0001613a       0x61 ./Core/Src/logger.o
 .debug_macro   0x0001619b       0x24 ./Core/Src/logger.o
 .debug_macro   0x000161bf       0x43 ./Core/Src/logger.o
 .debug_macro   0x00016202       0x34 ./Core/Src/logger.o
 .debug_macro   0x00016236       0x16 ./Core/Src/logger.o
 .debug_macro   0x0001624c       0x3c ./Core/Src/logger.o
 .debug_macro   0x00016288      0x370 ./Core/Src/logger.o
 .debug_macro   0x000165f8       0x10 ./Core/Src/logger.o
 .debug_macro   0x00016608       0x16 ./Core/Src/logger.o
 .debug_macro   0x0001661e       0x4a ./Core/Src/logger.o
 .debug_macro   0x00016668       0x34 ./Core/Src/logger.o
 .debug_macro   0x0001669c       0x10 ./Core/Src/logger.o
 .debug_macro   0x000166ac       0x58 ./Core/Src/logger.o
 .debug_macro   0x00016704       0x8e ./Core/Src/logger.o
 .debug_macro   0x00016792       0x1c ./Core/Src/logger.o
 .debug_macro   0x000167ae      0x185 ./Core/Src/logger.o
 .debug_macro   0x00016933       0x16 ./Core/Src/logger.o
 .debug_macro   0x00016949       0x16 ./Core/Src/logger.o
 .debug_macro   0x0001695f      0x146 ./Core/Src/logger.o
 .debug_macro   0x00016aa5       0x16 ./Core/Src/logger.o
 .debug_macro   0x00016abb       0x20 ./Core/Src/logger.o
 .debug_macro   0x00016adb       0x1c ./Core/Src/logger.o
 .debug_macro   0x00016af7      0x1c5 ./Core/Src/main.o
 .debug_macro   0x00016cbc      0x1bb ./Core/Src/stm32f1xx_hal_msp.o
 .debug_macro   0x00016e77      0x1c5 ./Core/Src/stm32f1xx_it.o
 .debug_macro   0x0001703c      0x274 ./Core/Src/syscalls.o
 .debug_macro   0x000172b0       0x5b ./Core/Src/syscalls.o
 .debug_macro   0x0001730b       0x94 ./Core/Src/syscalls.o
 .debug_macro   0x0001739f       0x57 ./Core/Src/syscalls.o
 .debug_macro   0x000173f6       0x10 ./Core/Src/syscalls.o
 .debug_macro   0x00017406       0x10 ./Core/Src/syscalls.o
 .debug_macro   0x00017416       0x10 ./Core/Src/syscalls.o
 .debug_macro   0x00017426       0x10 ./Core/Src/syscalls.o
 .debug_macro   0x00017436       0x1c ./Core/Src/syscalls.o
 .debug_macro   0x00017452       0x52 ./Core/Src/syscalls.o
 .debug_macro   0x000174a4       0x22 ./Core/Src/syscalls.o
 .debug_macro   0x000174c6       0x10 ./Core/Src/syscalls.o
 .debug_macro   0x000174d6       0x52 ./Core/Src/syscalls.o
 .debug_macro   0x00017528       0xcf ./Core/Src/syscalls.o
 .debug_macro   0x000175f7       0x1c ./Core/Src/syscalls.o
 .debug_macro   0x00017613       0x3d ./Core/Src/syscalls.o
 .debug_macro   0x00017650       0x35 ./Core/Src/syscalls.o
 .debug_macro   0x00017685      0x12c ./Core/Src/syscalls.o
 .debug_macro   0x000177b1       0x16 ./Core/Src/syscalls.o
 .debug_macro   0x000177c7       0x16 ./Core/Src/syscalls.o
 .debug_macro   0x000177dd       0x29 ./Core/Src/syscalls.o
 .debug_macro   0x00017806       0x10 ./Core/Src/syscalls.o
 .debug_macro   0x00017816      0x242 ./Core/Src/syscalls.o
 .debug_macro   0x00017a58       0x1c ./Core/Src/syscalls.o
 .debug_macro   0x00017a74       0x10 ./Core/Src/syscalls.o
 .debug_macro   0x00017a84      0x18a ./Core/Src/syscalls.o
 .debug_macro   0x00017c0e       0x16 ./Core/Src/syscalls.o
 .debug_macro   0x00017c24       0xce ./Core/Src/syscalls.o
 .debug_macro   0x00017cf2      0x1ac ./Core/Src/system_stm32f1xx.o
 .debug_macro   0x00017e9e      0x1fc ./Core/Src/task_actuator.o
 .debug_macro   0x0001809a      0x11e ./Core/Src/task_actuator.o
 .debug_macro   0x000181b8       0x16 ./Core/Src/task_actuator.o
 .debug_macro   0x000181ce      0x1d3 ./Core/Src/task_actuator_interface.o
 .debug_macro   0x000183a1      0x302 ./Core/Src/task_display.o
 .debug_macro   0x000186a3       0x10 ./Core/Src/task_display.o
 .debug_macro   0x000186b3      0x207 ./Core/Src/task_sensor.o
 .debug_macro   0x000188ba      0x1ce ./Core/Src/task_sensor_interface.o
 .debug_macro   0x00018a88      0x1ee ./Core/Src/task_system.o
 .debug_macro   0x00018c76      0x1db ./Core/Src/task_system_interface.o
 .debug_macro   0x00018e51      0x1d0 ./Drivers/STM32F1xx_HAL_Driver/Src/stm32f1xx_hal.o
 .debug_macro   0x00019021      0x1c9 ./Drivers/STM32F1xx_HAL_Driver/Src/stm32f1xx_hal_adc.o
 .debug_macro   0x000191ea      0x1ac ./Drivers/STM32F1xx_HAL_Driver/Src/stm32f1xx_hal_cortex.o
 .debug_macro   0x00019396      0x1ac ./Drivers/STM32F1xx_HAL_Driver/Src/stm32f1xx_hal_dma.o
 .debug_macro   0x00019542      0x217 ./Drivers/STM32F1xx_HAL_Driver/Src/stm32f1xx_hal_gpio.o
 .debug_macro   0x00019759      0x1fa ./Drivers/STM32F1xx_HAL_Driver/Src/stm32f1xx_hal_i2c.o
 .debug_macro   0x00019953      0x20c ./Drivers/STM32F1xx_HAL_Driver/Src/stm32f1xx_hal_pwr.o
 .debug_macro   0x00019b5f      0x1be ./Drivers/STM32F1xx_HAL_Driver/Src/stm32f1xx_hal_rcc.o
 .debug_macro   0x00019d1d      0x1ac ./Drivers/STM32F1xx_HAL_Driver/Src/stm32f1xx_hal_rcc_ex.o
 .debug_macro   0x00019ec9      0x1ad ./Drivers/STM32F1xx_HAL_Driver/Src/stm32f1xx_hal_uart.o

.debug_line     0x00000000    0x148a8
 .debug_line    0x00000000      0x80c ./Core/Src/app.o
 .debug_line    0x0000080c      0x7d9 ./Core/Src/display.o
 .debug_line    0x00000fe5      0x80c ./Core/Src/eeprom.o
 .debug_line    0x000017f1      0xa11 ./Core/Src/logger.o
 .debug_line    0x00002202      0x8c4 ./Core/Src/main.o
 .debug_line    0x00002ac6      0x815 ./Core/Src/stm32f1xx_hal_msp.o
 .debug_line    0x000032db      0x7f2 ./Core/Src/stm32f1xx_it.o
 .debug_line    0x00003acd      0x8d1 ./Core/Src/syscalls.o
 .debug_line    0x0000439e      0x792 ./Core/Src/system_stm32f1xx.o
 .debug_line    0x00004b30      0x807 ./Core/Src/task_actuator.o
 .debug_line    0x00005337      0x7c7 ./Core/Src/task_actuator_interface.o
 .debug_line    0x00005afe      0xb39 ./Core/Src/task_display.o
 .debug_line    0x00006637      0x9ef ./Core/Src/task_sensor.o
 .debug_line    0x00007026      0x7f9 ./Core/Src/task_sensor_interface.o
 .debug_line    0x0000781f      0x90d ./Core/Src/task_system.o
 .debug_line    0x0000812c      0x830 ./Core/Src/task_system_interface.o
 .debug_line    0x0000895c       0x78 ./Core/Startup/startup_stm32f103rbtx.o
 .debug_line    0x000089d4      0x9c3 ./Drivers/STM32F1xx_HAL_Driver/Src/stm32f1xx_hal.o
 .debug_line    0x00009397      0xfe8 ./Drivers/STM32F1xx_HAL_Driver/Src/stm32f1xx_hal_adc.o
 .debug_line    0x0000a37f      0xb8d ./Drivers/STM32F1xx_HAL_Driver/Src/stm32f1xx_hal_cortex.o
 .debug_line    0x0000af0c      0xdcd ./Drivers/STM32F1xx_HAL_Driver/Src/stm32f1xx_hal_dma.o
 .debug_line    0x0000bcd9      0xa20 ./Drivers/STM32F1xx_HAL_Driver/Src/stm32f1xx_hal_gpio.o
 .debug_line    0x0000c6f9     0x3bc0 ./Drivers/STM32F1xx_HAL_Driver/Src/stm32f1xx_hal_i2c.o
 .debug_line    0x000102b9      0x967 ./Drivers/STM32F1xx_HAL_Driver/Src/stm32f1xx_hal_pwr.o
 .debug_line    0x00010c20      0xe7c ./Drivers/STM32F1xx_HAL_Driver/Src/stm32f1xx_hal_rcc.o
 .debug_line    0x00011a9c      0x92d ./Drivers/STM32F1xx_HAL_Driver/Src/stm32f1xx_hal_rcc_ex.o
 .debug_line    0x000123c9     0x24df ./Drivers/STM32F1xx_HAL_Driver/Src/stm32f1xx_hal_uart.o

.debug_str      0x00000000    0x8cbe6
 .debug_str     0x00000000    0x8cbe6 ./Core/Src/app.o