Archive member included to satisfy reference by file (symbol)

C:/ST/STM32CubeIDE_1.19.0/STM32CubeIDE/plugins/com.st.stm32cube.ide.mcu.externaltools.gnu-tools-for-stm32.13.3.rel1.win32_1.0.0.202411081344/tools/bin/../lib/gcc/arm-none-eabi/13.3.1/../../../../arm-none-eabi/lib/thumb/v7-m/nofp\libc_nano.a(libc_a-exit.o)
                              C:/ST/STM32CubeIDE_1.19.0/STM32CubeIDE/plugins/com.st.stm32cube.ide.mcu.externaltools.gnu-tools-for-stm32.13.3.rel1.win32_1.0.0.202411081344/tools/bin/../lib/gcc/arm-none-eabi/13.3.1/../../../../arm-none-eabi/lib/thumb/v7-m/nofp/crt0.o (exit)
C:/ST/STM32CubeIDE_1.19.0/STM32CubeIDE/plugins/com.st.stm32cube.ide.mcu.externaltools.gnu-tools-for-stm32.13.3.rel1.win32_1.0.0.202411081344/tools/bin/../lib/gcc/arm-none-eabi/13.3.1/../../../../arm-none-eabi/lib/thumb/v7-m/nofp\libc_nano.a(libc_a-findfp.o)
                              C:/ST/STM32CubeIDE_1.19.0/STM32CubeIDE/plugins/com.st.stm32cube.ide.mcu.externaltools.gnu-tools-for-stm32.13.3.rel1.win32_1.0.0.202411081344/tools/bin/../lib/gcc/arm-none-eabi/13.3.1/../../../../arm-none-eabi/lib/thumb/v7-m/nofp\libc_nano.a(libc_a-exit.o) (__stdio_exit_handler)
C:/ST/STM32CubeIDE_1.19.0/STM32CubeIDE/plugins/com.st.stm32cube.ide.mcu.externaltools.gnu-tools-for-stm32.13.3.rel1.win32_1.0.0.202411081344/tools/bin/../lib/gcc/arm-none-eabi/13.3.1/../../../../arm-none-eabi/lib/thumb/v7-m/nofp\libc_nano.a(libc_a-fwalk.o)
                              C:/ST/STM32CubeIDE_1.19.0/STM32CubeIDE/plugins/com.st.stm32cube.ide.mcu.externaltools.gnu-tools-for-stm32.13.3.rel1.win32_1.0.0.202411081344/tools/bin/../lib/gcc/arm-none-eabi/13.3.1/../../../../arm-none-eabi/lib/thumb/v7-m/nofp\libc_nano.a(libc_a-findfp.o) (_fwalk_sglue)
C:/ST/STM32CubeIDE_1.19.0/STM32CubeIDE/plugins/com.st.stm32cube.ide.mcu.externaltools.gnu-tools-for-stm32.13.3.rel1.win32_1.0.0.202411081344/tools/bin/../lib/gcc/arm-none-eabi/13.3.1/../../../../arm-none-eabi/lib/thumb/v7-m/nofp\libc_nano.a(libc_a-sprintf.o)
                              ./app/src/logger.o (sprintf)
C:/ST/STM32CubeIDE_1.19.0/STM32CubeIDE/plugins/com.st.stm32cube.ide.mcu.externaltools.gnu-tools-for-stm32.13.3.rel1.win32_1.0.0.202411081344/tools/bin/../lib/gcc/arm-none-eabi/13.3.1/../../../../arm-none-eabi/lib/thumb/v7-m/nofp\libc_nano.a(libc_a-sscanf.o)
                              ./app/src/logger.o (sscanf)
C:/ST/STM32CubeIDE_1.19.0/STM32CubeIDE/plugins/com.st.stm32cube.ide.mcu.externaltools.gnu-tools-for-stm32.13.3.rel1.win32_1.0.0.202411081344/tools/bin/../lib/gcc/arm-none-eabi/13.3.1/../../../../arm-none-eabi/lib/thumb/v7-m/nofp\libc_nano.a(libc_a-stdio.o)
                              C:/ST/STM32CubeIDE_1.19.0/STM32CubeIDE/plugins/com.st.stm32cube.ide.mcu.externaltools.gnu-tools-for-stm32.13.3.rel1.win32_1.0.0.202411081344/tools/bin/../lib/gcc/arm-none-eabi/13.3.1/../../../../arm-none-eabi/lib/thumb/v7-m/nofp\libc_nano.a(libc_a-findfp.o) (__sread)
C:/ST/STM32CubeIDE_1.19.0/STM32CubeIDE/plugins/com.st.stm32cube.ide.mcu.externaltools.gnu-tools-for-stm32.13.3.rel1.win32_1.0.0.202411081344/tools/bin/../lib/gcc/arm-none-eabi/13.3.1/../../../../arm-none-eabi/lib/thumb/v7-m/nofp\libc_nano.a(libc_a-memset.o)
                              C:/ST/STM32CubeIDE_1.19.0/STM32CubeIDE/plugins/com.st.stm32cube.ide.mcu.externaltools.gnu-tools-for-stm32.13.3.rel1.win32_1.0.0.202411081344/tools/bin/../lib/gcc/arm-none-eabi/13.3.1/../../../../arm-none-eabi/lib/thumb/v7-m/nofp/crt0.o (memset)
C:/ST/STM32CubeIDE_1.19.0/STM32CubeIDE/plugins/com.st.stm32cube.ide.mcu.externaltools.gnu-tools-for-stm32.13.3.rel1.win32_1.0.0.202411081344/tools/bin/../lib/gcc/arm-none-eabi/13.3.1/../../../../arm-none-eabi/lib/thumb/v7-m/nofp\libc_nano.a(libc_a-strncmp.o)
                              ./app/src/logger.o (strncmp)
C:/ST/STM32CubeIDE_1.19.0/STM32CubeIDE/plugins/com.st.stm32cube.ide.mcu.externaltools.gnu-tools-for-stm32.13.3.rel1.win32_1.0.0.202411081344/tools/bin/../lib/gcc/arm-none-eabi/13.3.1/../../../../arm-none-eabi/lib/thumb/v7-m/nofp\libc_nano.a(libc_a-closer.o)
                              C:/ST/STM32CubeIDE_1.19.0/STM32CubeIDE/plugins/com.st.stm32cube.ide.mcu.externaltools.gnu-tools-for-stm32.13.3.rel1.win32_1.0.0.202411081344/tools/bin/../lib/gcc/arm-none-eabi/13.3.1/../../../../arm-none-eabi/lib/thumb/v7-m/nofp\libc_nano.a(libc_a-stdio.o) (_close_r)
C:/ST/STM32CubeIDE_1.19.0/STM32CubeIDE/plugins/com.st.stm32cube.ide.mcu.externaltools.gnu-tools-for-stm32.13.3.rel1.win32_1.0.0.202411081344/tools/bin/../lib/gcc/arm-none-eabi/13.3.1/../../../../arm-none-eabi/lib/thumb/v7-m/nofp\libc_nano.a(libc_a-reent.o)
                              C:/ST/STM32CubeIDE_1.19.0/STM32CubeIDE/plugins/com.st.stm32cube.ide.mcu.externaltools.gnu-tools-for-stm32.13.3.rel1.win32_1.0.0.202411081344/tools/bin/../lib/gcc/arm-none-eabi/13.3.1/../../../../arm-none-eabi/lib/thumb/v7-m/nofp\libc_nano.a(libc_a-closer.o) (errno)
[...]
Memory Configuration

Name             Origin             Length             Attributes
RAM              0x20000000         0x00005000         xrw
FLASH            0x08000000         0x00020000         xr
*default*        0x00000000         0xffffffff

Linker script and memory map

LOAD C:/ST/STM32CubeIDE_1.19.0/STM32CubeIDE/plugins/com.st.stm32cube.ide.mcu.externaltools.gnu-tools-for-stm32.13.3.rel1.win32_1.0.0.202411081344/tools/bin/../lib/gcc/arm-none-eabi/13.3.1/thumb/v7-m/nofp/crti.o
LOAD C:/ST/STM32CubeIDE_1.19.0/STM32CubeIDE/plugins/com.st.stm32cube.ide.mcu.externaltools.gnu-tools-for-stm32.13.3.rel1.win32_1.0.0.202411081344/tools/bin/../lib/gcc/arm-none-eabi/13.3.1/thumb/v7-m/nofp/crtbegin.o
LOAD C:/ST/STM32CubeIDE_1.19.0/STM32CubeIDE/plugins/com.st.stm32cube.ide.mcu.externaltools.gnu-tools-for-stm32.13.3.rel1.win32_1.0.0.202411081344/tools/bin/../lib/gcc/arm-none-eabi/13.3.1/../../../../arm-none-eabi/lib/thumb/v7-m/nofp/crt0.o
LOAD ./Core/Src/main.o
LOAD ./Core/Src/stm32f1xx_hal_msp.o
LOAD ./Core/Src/stm32f1xx_it.o
LOAD ./Core/Src/syscalls.o
LOAD ./Core/Src/system_stm32f1xx.o
LOAD ./Core/Startup/startup_stm32f103rbtx.o
LOAD ./Drivers/STM32F1xx_HAL_Driver/Src/stm32f1xx_hal.o
LOAD ./Drivers/STM32F1xx_HAL_Driver/Src/stm32f1xx_hal_adc.o
LOAD ./Drivers/STM32F1xx_HAL_Driver/Src/stm32f1xx_hal_adc_ex.o
LOAD ./Drivers/STM32F1xx_HAL_Driver/Src/stm32f1xx_hal_cortex.o
LOAD ./Drivers/STM32F1xx_HAL_Driver/Src/stm32f1xx_hal_dma.o
LOAD ./Drivers/STM32F1xx_HAL_Driver/Src/stm32f1xx_hal_exti.o
LOAD ./Drivers/STM32F1xx_HAL_Driver/Src/stm32f1xx_hal_flash.o
LOAD ./Drivers/STM32F1xx_HAL_Driver/Src/stm32f1xx_hal_flash_ex.o
LOAD ./Drivers/STM32F1xx_HAL_Driver/Src/stm32f1xx_hal_gpio.o
LOAD ./Drivers/STM32F1xx_HAL_Driver/Src/stm32f1xx_hal_gpio_ex.o
LOAD ./Drivers/STM32F1xx_HAL_Driver/Src/stm32f1xx_hal_i2c.o
LOAD ./Drivers/STM32F1xx_HAL_Driver/Src/stm32f1xx_hal_pwr.o
LOAD ./Drivers/STM32F1xx_HAL_Driver/Src/stm32f1xx_hal_rcc.o
LOAD ./Drivers/STM32F1xx_HAL_Driver/Src/stm32f1xx_hal_rcc_ex.o
LOAD ./Drivers/STM32F1xx_HAL_Driver/Src/stm32f1xx_hal_uart.o
LOAD ./app/src/app.o
LOAD ./app/src/display.o
LOAD ./app/src/eeprom.o
LOAD ./app/src/logger.o
LOAD ./app/src/task_actuator.o
LOAD ./app/src/task_actuator_interface.o
LOAD ./app/src/task_display.o
LOAD ./app/src/task_display_interface.o
LOAD ./app/src/task_sensor.o
LOAD ./app/src/task_sensor_interface.o
LOAD ./app/src/task_system.o
LOAD ./app/src/task_system_interface.o
START GROUP
LOAD C:/ST/STM32CubeIDE_1.19.0/STM32CubeIDE/plugins/com.st.stm32cube.ide.mcu.externaltools.gnu-tools-for-stm32.13.3.rel1.win32_1.0.0.202411081344/tools/bin/../lib/gcc/arm-none-eabi/13.3.1/../../../../arm-none-eabi/lib/thumb/v7-m/nofp\libc_nano.a
LOAD C:/ST/STM32CubeIDE_1.19.0/STM32CubeIDE/plugins/com.st.stm32cube.ide.mcu.externaltools.gnu-tools-for-stm32.13.3.rel1.win32_1.0.0.202411081344/tools/bin/../lib/gcc/arm-none-eabi/13.3.1/../../../../arm-none-eabi/lib/thumb/v7-m/nofp\libm.a
END GROUP
START GROUP
LOAD C:/ST/STM32CubeIDE_1.19.0/STM32CubeIDE/plugins/com.st.stm32cube.ide.mcu.externaltools.gnu-tools-for-stm32.13.3.rel1.win32_1.0.0.202411081344/tools/bin/../lib/gcc/arm-none-eabi/13.3.1/thumb/v7-m/nofp\libgcc.a
LOAD C:/ST/STM32CubeIDE_1.19.0/STM32CubeIDE/plugins/com.st.stm32cube.ide.mcu.externaltools.gnu-tools-for-stm32.13.3.rel1.win32_1.0.0.202411081344/tools/bin/../lib/gcc/arm-none-eabi/13.3.1/../../../../arm-none-eabi/lib/thumb/v7-m/nofp\libc_nano.a
END GROUP
START GROUP
LOAD C:/ST/STM32CubeIDE_1.19.0/STM32CubeIDE/plugins/com.st.stm32cube.ide.mcu.externaltools.gnu-tools-for-stm32.13.3.rel1.win32_1.0.0.202411081344/tools/bin/../lib/gcc/arm-none-eabi/13.3.1/thumb/v7-m/nofp\libgcc.a
LOAD C:/ST/STM32CubeIDE_1.19.0/STM32CubeIDE/plugins/com.st.stm32cube.ide.mcu.externaltools.gnu-tools-for-stm32.13.3.rel1.win32_1.0.0.202411081344/tools/bin/../lib/gcc/arm-none-eabi/13.3.1/../../../../arm-none-eabi/lib/thumb/v7-m/nofp\libc_nano.a
LOAD C:/ST/STM32CubeIDE_1.19.0/STM32CubeIDE/plugins/com.st.stm32cube.ide.mcu.externaltools.gnu-tools-for-stm32.13.3.rel1.win32_1.0.0.202411081344/tools/bin/../lib/gcc/arm-none-eabi/13.3.1/../../../../arm-none-eabi/lib/thumb/v7-m/nofp\libnosys.a
END GROUP
START GROUP
LOAD C:/ST/STM32CubeIDE_1.19.0/STM32CubeIDE/plugins/com.st.stm32cube.ide.mcu.externaltools.gnu-tools-for-stm32.13.3.rel1.win32_1.0.0.202411081344/tools/bin/../lib/gcc/arm-none-eabi/13.3.1/thumb/v7-m/nofp\libgcc.a
LOAD C:/ST/STM32CubeIDE_1.19.0/STM32CubeIDE/plugins/com.st.stm32cube.ide.mcu.externaltools.gnu-tools-for-stm32.13.3.rel1.win32_1.0.0.202411081344/tools/bin/../lib/gcc/arm-none-eabi/13.3.1/../../../../arm-none-eabi/lib/thumb/v7-m/nofp\libc_nano.a
LOAD C:/ST/STM32CubeIDE_1.19.0/STM32CubeIDE/plugins/com.st.stm32cube.ide.mcu.externaltools.gnu-tools-for-stm32.13.3.rel1.win32_1.0.0.202411081344/tools/bin/../lib/gcc/arm-none-eabi/13.3.1/../../../../arm-none-eabi/lib/thumb/v7-m/nofp\libnosys.a
END GROUP
LOAD C:/ST/STM32CubeIDE_1.19.0/STM32CubeIDE/plugins/com.st.stm32cube.ide.mcu.externaltools.gnu-tools-for-stm32.13.3.rel1.win32_1.0.0.202411081344/tools/bin/../lib/gcc/arm-none-eabi/13.3.1/thumb/v7-m/nofp/crtend.o
LOAD C:/ST/STM32CubeIDE_1.19.0/STM32CubeIDE/plugins/com.st.stm32cube.ide.mcu.externaltools.gnu-tools-for-stm32.13.3.rel1.win32_1.0.0.202411081344/tools/bin/../lib/gcc/arm-none-eabi/13.3.1/thumb/v7-m/nofp/crtn.o
                0x20005000                        _estack = (ORIGIN (RAM) + LENGTH (RAM))
                0x00000200                        _Min_Heap_Size = 0x200
                0x00000400                        _Min_Stack_Size = 0x400

.isr_vector     0x08000000      0x10c
                0x08000000                        . = ALIGN (0x4)
 *(.isr_vector)
 .isr_vector    0x08000000      0x10c ./Core/Startup/startup_stm32f103rbtx.o
                0x08000000                g_pfnVectors
                0x0800010c                        . = ALIGN (0x4)

.text           0x0800010c     0x5eb0
                0x0800010c                        . = ALIGN (0x4)
 *(.text)
 .text          0x0800010c       0x40 C:/ST/STM32CubeIDE_1.19.0/STM32CubeIDE/plugins/com.st.stm32cube.ide.mcu.externaltools.gnu-tools-for-stm32.13.3.rel1.win32_1.0.0.202411081344/tools/bin/../lib/gcc/arm-none-eabi/13.3.1/thumb/v7-m/nofp/crtbegin.o
 .text          0x0800014c       0x10 C:/ST/STM32CubeIDE_1.19.0/STM32CubeIDE/plugins/com.st.stm32cube.ide.mcu.externaltools.gnu-tools-for-stm32.13.3.rel1.win32_1.0.0.202411081344/tools/bin/../lib/gcc/arm-none-eabi/13.3.1/../../../../arm-none-eabi/lib/thumb/v7-m/nofp\libc_nano.a(libc_a-strlen.o)
                0x0800014c                strlen
 *(.text*)
 .text.main     0x0800015c       0x2a ./Core/Src/main.o
                0x0800015c                main
 .text.SystemClock_Config
                0x08000186       0xac ./Core/Src/main.o
                0x08000186                SystemClock_Config
 *fill*         0x08000232        0x2 
 .text.MX_ADC1_Init
                0x08000234       0x7c ./Core/Src/main.o
 .text.MX_I2C1_Init
                0x080002b0       0x5c ./Core/Src/main.o
 .text.MX_USART2_UART_Init
                0x0800030c       0x54 ./Core/Src/main.o
 .text.MX_DMA_Init
                0x08000360       0x3c ./Core/Src/main.o
 .text.MX_GPIO_Init
                0x0800039c       0xd0 ./Core/Src/main.o
 .text.Error_Handler
                0x0800046c        0xc ./Core/Src/main.o
                0x0800046c                Error_Handler
 .text.HAL_MspInit
                0x08000478       0x64 ./Core/Src/stm32f1xx_hal_msp.o
                0x08000478                HAL_MspInit
 .text.HAL_ADC_MspInit
                0x080004dc       0xd0 ./Core/Src/stm32f1xx_hal_msp.o
                0x080004dc                HAL_ADC_MspInit
 .text.HAL_I2C_MspInit
                0x080005ac       0x7c ./Core/Src/stm32f1xx_hal_msp.o
                0x080005ac                HAL_I2C_MspInit
 .text.HAL_UART_MspInit
                0x08000628       0x7c ./Core/Src/stm32f1xx_hal_msp.o
                0x08000628                HAL_UART_MspInit
 .text.NMI_Handler
                0x080006a4        0x8 ./Core/Src/stm32f1xx_it.o
                0x080006a4                NMI_Handler
 .text.HardFault_Handler
                0x080006ac        0x8 ./Core/Src/stm32f1xx_it.o
                0x080006ac                HardFault_Handler
 .text.MemManage_Handler
                0x080006b4        0x8 ./Core/Src/stm32f1xx_it.o
                0x080006b4                MemManage_Handler
 .text.BusFault_Handler
                0x080006bc        0x8 ./Core/Src/stm32f1xx_it.o
                0x080006bc                BusFault_Handler
 .text.UsageFault_Handler
                0x080006c4        0x8 ./Core/Src/stm32f1xx_it.o
                0x080006c4                UsageFault_Handler
 .text.SVC_Handler
                0x080006cc        0xc ./Core/Src/stm32f1xx_it.o
                0x080006cc                SVC_Handler
 .text.DebugMon_Handler
                0x080006d8        0xc ./Core/Src/stm32f1xx_it.o
                0x080006d8                DebugMon_Handler
 .text.PendSV_Handler
                0x080006e4        0xc ./Core/Src/stm32f1xx_it.o
                0x080006e4                PendSV_Handler
 .text.SysTick_Handler
                0x080006f0        0xc ./Core/Src/stm32f1xx_it.o
                0x080006f0                SysTick_Handler
 .text.DMA1_Channel1_IRQHandler
                0x080006fc       0x14 ./Core/Src/stm32f1xx_it.o
                0x080006fc                DMA1_Channel1_IRQHandler
 .text.EXTI15_10_IRQHandler
                0x08000710       0x10 ./Core/Src/stm32f1xx_it.o
                0x08000710                EXTI15_10_IRQHandler
 .text._sbrk    0x08000720       0x3c ./Core/Src/syscalls.o
                0x08000720                _sbrk
 .text.SystemInit
                0x0800075c        0xc ./Core/Src/system_stm32f1xx.o
                0x0800075c                SystemInit
 .text.Reset_Handler
                0x08000768       0x48 ./Core/Startup/startup_stm32f103rbtx.o
                0x08000768                Reset_Handler
 .text.Default_Handler
                0x080007b0        0x2 ./Core/Startup/startup_stm32f103rbtx.o
                0x080007b0                RTC_Alarm_IRQHandler
                0x080007b0                EXTI2_IRQHandler
                0x080007b0                TIM1_CC_IRQHandler
                0x080007b0                PVD_IRQHandler
                0x080007b0                EXTI3_IRQHandler
                0x080007b0                EXTI0_IRQHandler
                0x080007b0                I2C2_EV_IRQHandler
                0x080007b0                ADC1_2_IRQHandler
                0x080007b0                SPI1_IRQHandler
                0x080007b0                TAMPER_IRQHandler
                0x080007b0                DMA1_Channel4_IRQHandler
                0x080007b0                USART3_IRQHandler
                0x080007b0                RTC_IRQHandler
                0x080007b0                DMA1_Channel7_IRQHandler
                0x080007b0                CAN1_RX1_IRQHandler
                0x080007b0                TIM4_IRQHandler
                0x080007b0                I2C1_EV_IRQHandler
                0x080007b0                DMA1_Channel6_IRQHandler
                0x080007b0                TIM3_IRQHandler
                0x080007b0                RCC_IRQHandler
                0x080007b0                TIM1_TRG_COM_IRQHandler
                0x080007b0                Default_Handler
                0x080007b0                EXTI9_5_IRQHandler
                0x080007b0                SPI2_IRQHandler
                0x080007b0                DMA1_Channel5_IRQHandler
                0x080007b0                EXTI4_IRQHandler
                0x080007b0                USB_LP_CAN1_RX0_IRQHandler
                0x080007b0                USB_HP_CAN1_TX_IRQHandler
                0x080007b0                DMA1_Channel3_IRQHandler
                0x080007b0                TIM1_UP_IRQHandler
                0x080007b0                WWDG_IRQHandler
                0x080007b0                TIM2_IRQHandler
                0x080007b0                TIM1_BRK_IRQHandler
                0x080007b0                EXTI1_IRQHandler
                0x080007b0                USART2_IRQHandler
                0x080007b0                I2C2_ER_IRQHandler
                0x080007b0                DMA1_Channel2_IRQHandler
                0x080007b0                CAN1_SCE_IRQHandler
                0x080007b0                FLASH_IRQHandler
                0x080007b0                USART1_IRQHandler
                0x080007b0                I2C1_ER_IRQHandler
                0x080007b0                USBWakeUp_IRQHandler
 *fill*         0x080007b2        0x2 
 .text.HAL_Init
                0x080007b4       0x2c ./Drivers/STM32F1xx_HAL_Driver/Src/stm32f1xx_hal.o
                0x080007b4                HAL_Init
 .text.HAL_InitTick
                0x080007e0       0x60 ./Drivers/STM32F1xx_HAL_Driver/Src/stm32f1xx_hal.o
                0x080007e0                HAL_InitTick
 .text.HAL_IncTick
                0x08000840       0x24 ./Drivers/STM32F1xx_HAL_Driver/Src/stm32f1xx_hal.o
                0x08000840                HAL_IncTick
 .text.HAL_GetTick
                0x08000864       0x14 ./Drivers/STM32F1xx_HAL_Driver/Src/stm32f1xx_hal.o
                0x08000864                HAL_GetTick
 .text.HAL_Delay
                0x08000878       0x48 ./Drivers/STM32F1xx_HAL_Driver/Src/stm32f1xx_hal.o
                0x08000878                HAL_Delay
 .text.HAL_ADC_Init
                0x080008c0      0x1b0 ./Drivers/STM32F1xx_HAL_Driver/Src/stm32f1xx_hal_adc.o
                0x080008c0                HAL_ADC_Init
 .text.HAL_ADC_Start_DMA
                0x08000a70      0x1bc ./Drivers/STM32F1xx_HAL_Driver/Src/stm32f1xx_hal_adc.o
                0x08000a70                HAL_ADC_Start_DMA
 .text.HAL_ADC_ConvHalfCpltCallback
                0x08000c2c       0x12 ./Drivers/STM32F1xx_HAL_Driver/Src/stm32f1xx_hal_adc.o
                0x08000c2c                HAL_ADC_ConvHalfCpltCallback
 .text.HAL_ADC_ErrorCallback
                0x08000c3e       0x12 ./Drivers/STM32F1xx_HAL_Driver/Src/stm32f1xx_hal_adc.o
                0x08000c3e                HAL_ADC_ErrorCallback
 .text.HAL_ADC_ConfigChannel
                0x08000c50      0x1f0 ./Drivers/STM32F1xx_HAL_Driver/Src/stm32f1xx_hal_adc.o
                0x08000c50                HAL_ADC_ConfigChannel
 .text.ADC_Enable
                0x08000e40       0xb4 ./Drivers/STM32F1xx_HAL_Driver/Src/stm32f1xx_hal_adc.o
                0x08000e40                ADC_Enable
 .text.ADC_ConversionStop_Disable
                0x08000ef4       0x82 ./Drivers/STM32F1xx_HAL_Driver/Src/stm32f1xx_hal_adc.o
                0x08000ef4                ADC_ConversionStop_Disable
 .text.ADC_DMAConvCplt
                0x08000f76       0x7c ./Drivers/STM32F1xx_HAL_Driver/Src/stm32f1xx_hal_adc.o
                0x08000f76                ADC_DMAConvCplt
 .text.ADC_DMAHalfConvCplt
                0x08000ff2       0x1c ./Drivers/STM32F1xx_HAL_Driver/Src/stm32f1xx_hal_adc.o
                0x08000ff2                ADC_DMAHalfConvCplt
 .text.ADC_DMAError
                0x0800100e       0x34 ./Drivers/STM32F1xx_HAL_Driver/Src/stm32f1xx_hal_adc.o
                0x0800100e                ADC_DMAError
 *fill*         0x08001042        0x2 
 .text.__NVIC_SetPriorityGrouping
                0x08001044       0x48 ./Drivers/STM32F1xx_HAL_Driver/Src/stm32f1xx_hal_cortex.o
 .text.__NVIC_GetPriorityGrouping
                0x0800108c       0x1c ./Drivers/STM32F1xx_HAL_Driver/Src/stm32f1xx_hal_cortex.o
 .text.__NVIC_EnableIRQ
                0x080010a8       0x38 ./Drivers/STM32F1xx_HAL_Driver/Src/stm32f1xx_hal_cortex.o
 .text.__NVIC_SetPriority
                0x080010e0       0x54 ./Drivers/STM32F1xx_HAL_Driver/Src/stm32f1xx_hal_cortex.o
 .text.NVIC_EncodePriority
                0x08001134       0x64 ./Drivers/STM32F1xx_HAL_Driver/Src/stm32f1xx_hal_cortex.o
 .text.SysTick_Config
                0x08001198       0x44 ./Drivers/STM32F1xx_HAL_Driver/Src/stm32f1xx_hal_cortex.o
 .text.HAL_NVIC_SetPriorityGrouping
                0x080011dc       0x16 ./Drivers/STM32F1xx_HAL_Driver/Src/stm32f1xx_hal_cortex.o
                0x080011dc                HAL_NVIC_SetPriorityGrouping
 .text.HAL_NVIC_SetPriority
                0x080011f2       0x38 ./Drivers/STM32F1xx_HAL_Driver/Src/stm32f1xx_hal_cortex.o
                0x080011f2                HAL_NVIC_SetPriority
 .text.HAL_NVIC_EnableIRQ
                0x0800122a       0x1c ./Drivers/STM32F1xx_HAL_Driver/Src/stm32f1xx_hal_cortex.o
                0x0800122a                HAL_NVIC_EnableIRQ
 .text.HAL_SYSTICK_Config
                0x08001246       0x18 ./Drivers/STM32F1xx_HAL_Driver/Src/stm32f1xx_hal_cortex.o
                0x08001246                HAL_SYSTICK_Config
 *fill*         0x0800125e        0x2 
 .text.HAL_DMA_Init
                0x08001260       0xb4 ./Drivers/STM32F1xx_HAL_Driver/Src/stm32f1xx_hal_dma.o
                0x08001260                HAL_DMA_Init
 .text.HAL_DMA_Start_IT
                0x08001314       0xc0 ./Drivers/STM32F1xx_HAL_Driver/Src/stm32f1xx_hal_dma.o
                0x08001314                HAL_DMA_Start_IT
 .text.HAL_DMA_IRQHandler
                0x080013d4      0x20c ./Drivers/STM32F1xx_HAL_Driver/Src/stm32f1xx_hal_dma.o
                0x080013d4                HAL_DMA_IRQHandler
 .text.DMA_SetConfig
                0x080015e0       0x5a ./Drivers/STM32F1xx_HAL_Driver/Src/stm32f1xx_hal_dma.o
 *fill*         0x0800163a        0x2 
 .text.HAL_GPIO_Init
                0x0800163c      0x308 ./Drivers/STM32F1xx_HAL_Driver/Src/stm32f1xx_hal_gpio.o
                0x0800163c                HAL_GPIO_Init
 .text.HAL_GPIO_ReadPin
                0x08001944       0x2e ./Drivers/STM32F1xx_HAL_Driver/Src/stm32f1xx_hal_gpio.o
                0x08001944                HAL_GPIO_ReadPin
 .text.HAL_GPIO_WritePin
                0x08001972       0x30 ./Drivers/STM32F1xx_HAL_Driver/Src/stm32f1xx_hal_gpio.o
                0x08001972                HAL_GPIO_WritePin
 *fill*         0x080019a2        0x2 
 .text.HAL_GPIO_EXTI_IRQHandler
                0x080019a4       0x30 ./Drivers/STM32F1xx_HAL_Driver/Src/stm32f1xx_hal_gpio.o
                0x080019a4                HAL_GPIO_EXTI_IRQHandler
 .text.HAL_GPIO_EXTI_Callback
                0x080019d4       0x14 ./Drivers/STM32F1xx_HAL_Driver/Src/stm32f1xx_hal_gpio.o
                0x080019d4                HAL_GPIO_EXTI_Callback
 .text.HAL_I2C_Init
                0x080019e8      0x288 ./Drivers/STM32F1xx_HAL_Driver/Src/stm32f1xx_hal_i2c.o
                0x080019e8                HAL_I2C_Init
 .text.HAL_I2C_Mem_Write
                0x08001c70      0x1f4 ./Drivers/STM32F1xx_HAL_Driver/Src/stm32f1xx_hal_i2c.o
                0x08001c70                HAL_I2C_Mem_Write
 .text.HAL_I2C_Mem_Read
                0x08001e64      0x4e8 ./Drivers/STM32F1xx_HAL_Driver/Src/stm32f1xx_hal_i2c.o
                0x08001e64                HAL_I2C_Mem_Read
 .text.I2C_RequestMemoryWrite
                0x0800234c      0x12c ./Drivers/STM32F1xx_HAL_Driver/Src/stm32f1xx_hal_i2c.o
 .text.I2C_RequestMemoryRead
                0x08002478      0x1d0 ./Drivers/STM32F1xx_HAL_Driver/Src/stm32f1xx_hal_i2c.o
 .text.I2C_WaitOnFlagUntilTimeout
                0x08002648       0xf4 ./Drivers/STM32F1xx_HAL_Driver/Src/stm32f1xx_hal_i2c.o
 .text.I2C_WaitOnMasterAddressFlagUntilTimeout
                0x0800273c      0x140 ./Drivers/STM32F1xx_HAL_Driver/Src/stm32f1xx_hal_i2c.o
 .text.I2C_WaitOnTXEFlagUntilTimeout
                0x0800287c       0x90 ./Drivers/STM32F1xx_HAL_Driver/Src/stm32f1xx_hal_i2c.o
 .text.I2C_WaitOnBTFFlagUntilTimeout
                0x0800290c       0x90 ./Drivers/STM32F1xx_HAL_Driver/Src/stm32f1xx_hal_i2c.o
 .text.I2C_WaitOnRXNEFlagUntilTimeout
                0x0800299c       0xba ./Drivers/STM32F1xx_HAL_Driver/Src/stm32f1xx_hal_i2c.o
 .text.I2C_IsAcknowledgeFailed
                0x08002a56       0x5c ./Drivers/STM32F1xx_HAL_Driver/Src/stm32f1xx_hal_i2c.o
 *fill*         0x08002ab2        0x2 
 .text.HAL_PWR_EnterSLEEPMode
                0x08002ab4       0x38 ./Drivers/STM32F1xx_HAL_Driver/Src/stm32f1xx_hal_pwr.o
                0x08002ab4                HAL_PWR_EnterSLEEPMode
 .text.HAL_RCC_OscConfig
                0x08002aec      0x504 ./Drivers/STM32F1xx_HAL_Driver/Src/stm32f1xx_hal_rcc.o
                0x08002aec                HAL_RCC_OscConfig
 .text.HAL_RCC_ClockConfig
                0x08002ff0      0x1d4 ./Drivers/STM32F1xx_HAL_Driver/Src/stm32f1xx_hal_rcc.o
                0x08002ff0                HAL_RCC_ClockConfig
 .text.HAL_RCC_GetSysClockFreq
                0x080031c4       0xa8 ./Drivers/STM32F1xx_HAL_Driver/Src/stm32f1xx_hal_rcc.o
                0x080031c4                HAL_RCC_GetSysClockFreq
 .text.HAL_RCC_GetHCLKFreq
                0x0800326c       0x14 ./Drivers/STM32F1xx_HAL_Driver/Src/stm32f1xx_hal_rcc.o
                0x0800326c                HAL_RCC_GetHCLKFreq
 .text.HAL_RCC_GetPCLK1Freq
                0x08003280       0x28 ./Drivers/STM32F1xx_HAL_Driver/Src/stm32f1xx_hal_rcc.o
                0x08003280                HAL_RCC_GetPCLK1Freq
 .text.HAL_RCC_GetPCLK2Freq
                0x080032a8       0x28 ./Drivers/STM32F1xx_HAL_Driver/Src/stm32f1xx_hal_rcc.o
                0x080032a8                HAL_RCC_GetPCLK2Freq
 .text.RCC_Delay
                0x080032d0       0x3c ./Drivers/STM32F1xx_HAL_Driver/Src/stm32f1xx_hal_rcc.o
 .text.HAL_RCCEx_PeriphCLKConfig
                0x0800330c      0x16c ./Drivers/STM32F1xx_HAL_Driver/Src/stm32f1xx_hal_rcc_ex.o
                0x0800330c                HAL_RCCEx_PeriphCLKConfig
 .text.HAL_UART_Init
                0x08003478       0xa0 ./Drivers/STM32F1xx_HAL_Driver/Src/stm32f1xx_hal_uart.o
                0x08003478                HAL_UART_Init
 .text.HAL_UART_Transmit_IT
                0x08003518       0x6a ./Drivers/STM32F1xx_HAL_Driver/Src/stm32f1xx_hal_uart.o
                0x08003518                HAL_UART_Transmit_IT
 .text.HAL_UART_Receive_IT
                0x08003582       0x4a ./Drivers/STM32F1xx_HAL_Driver/Src/stm32f1xx_hal_uart.o
                0x08003582                HAL_UART_Receive_IT
 .text.UART_Start_Receive_IT
                0x080035cc       0x72 ./Drivers/STM32F1xx_HAL_Driver/Src/stm32f1xx_hal_uart.o
                0x080035cc                UART_Start_Receive_IT
 *fill*         0x0800363e        0x2 
 .text.UART_SetConfig
                0x08003640      0x11c ./Drivers/STM32F1xx_HAL_Driver/Src/stm32f1xx_hal_uart.o
 .text.app_init
                0x0800375c       0x58 ./app/src/app.o
                0x0800375c                app_init
 .text.app_update
                0x080037b4       0xa0 ./app/src/app.o
                0x080037b4                app_update
 .text.lcd_enable_pulse
                0x08003854       0x2c ./app/src/display.o
 .text.lcd_send_nibble
                0x08003880       0x70 ./app/src/display.o
 .text.lcd_send_cmd
                0x080038f0       0x44 ./app/src/display.o
                0x080038f0                lcd_send_cmd
 .text.lcd_send_data
                0x08003934       0x44 ./app/src/display.o
                0x08003934                lcd_send_data
 .text.lcd_init
                0x08003978       0x94 ./app/src/display.o
                0x08003978                lcd_init
 .text.lcd_send_string
                0x08003a0c       0x2a ./app/src/display.o
                0x08003a0c                lcd_send_string
 .text.lcd_set_cursor
                0x08003a36       0x3e ./app/src/display.o
                0x08003a36                lcd_set_cursor
 .text.lcd_clear
                0x08003a74       0x14 ./app/src/display.o
                0x08003a74                lcd_clear
 .text.eeprom_read_settings
                0x08003a88       0x84 ./app/src/eeprom.o
                0x08003a88                eeprom_read_settings
 .text.eeprom_write_settings
                0x08003b0c       0x94 ./app/src/eeprom.o
                0x08003b0c                eeprom_write_settings
 .text.calculate_checksum
                0x08003ba0       0x3e ./app/src/eeprom.o
 *fill*         0x08003bde        0x2 
 .text.logger_init
                0x08003be0       0x3c ./app/src/logger.o
                0x08003be0                logger_init
 .text.logger_update
                0x08003c1c       0x44 ./app/src/logger.o
                0x08003c1c                logger_update
 .text.process_bt_command
                0x08003c60       0x84 ./app/src/logger.o
 .text.send_telemetry
                0x08003ce4       0x80 ./app/src/logger.o
 .text.task_actuator_init
                0x08003d64       0x88 ./app/src/task_actuator.o
                0x08003d64                task_actuator_init
 .text.task_actuator_update
                0x08003dec      0x148 ./app/src/task_actuator.o
                0x08003dec                task_actuator_update
 .text.put_actuator_sector
                0x08003f34       0x2c ./app/src/task_actuator_interface.o
                0x08003f34                put_actuator_sector
 .text.put_actuator_status_led
                0x08003f60       0x2c ./app/src/task_actuator_interface.o
                0x08003f60                put_actuator_status_led
 .text.put_actuator_buzzer
                0x08003f8c       0x20 ./app/src/task_actuator_interface.o
                0x08003f8c                put_actuator_buzzer
 .text.get_actuator_sector_state
                0x08003fac       0x2c ./app/src/task_actuator_interface.o
                0x08003fac                get_actuator_sector_state
 .text.task_display_init
                0x08003fd8       0x68 ./app/src/task_display.o
                0x08003fd8                task_display_init
 .text.task_display_update
                0x08004040      0x140 ./app/src/task_display.o
                0x08004040                task_display_update
 .text.init_and_load_eeprom
                0x08004180       0x52 ./app/src/task_display.o
 *fill*         0x080041d2        0x2 
 .text.render_normal_mode
                0x080041d4       0xd4 ./app/src/task_display.o
 .text.handle_setup_navigation
                0x080042a8       0xb0 ./app/src/task_display.o
 .text.render_setup_mode
                0x08004358       0x74 ./app/src/task_display.o
 .text.render_falla_mode
                0x080043cc       0x4c ./app/src/task_display.o
 .text.task_sensor_init
                0x08004418       0xd0 ./app/src/task_sensor.o
                0x08004418                task_sensor_init
 .text.task_sensor_update
                0x080044e8       0x28 ./app/src/task_sensor.o
                0x080044e8                task_sensor_update
 .text.task_sensor_adc_cplt_callback
                0x08004510        0xc ./app/src/task_sensor.o
                0x08004510                task_sensor_adc_cplt_callback
 .text.HAL_ADC_ConvCpltCallback
                0x0800451c       0x24 ./app/src/task_sensor.o
                0x0800451c                HAL_ADC_ConvCpltCallback
 .text.process_adc_data
                0x08004540      0x120 ./app/src/task_sensor.o
 .text.button_debounce_update
                0x08004660      0x178 ./app/src/task_sensor.o
 .text.update_dip_switches
                0x080047d8       0x78 ./app/src/task_sensor.o
 .text.get_sensor_wind_speed
                0x08004850       0x14 ./app/src/task_sensor_interface.o
                0x08004850                get_sensor_wind_speed
 .text.get_sensor_wind_dir
                0x08004864       0x14 ./app/src/task_sensor_interface.o
                0x08004864                get_sensor_wind_dir
 .text.get_sensor_light
                0x08004878       0x14 ./app/src/task_sensor_interface.o
                0x08004878                get_sensor_light
 .text.get_sensor_adc_error
                0x0800488c       0x18 ./app/src/task_sensor_interface.o
                0x0800488c                get_sensor_adc_error
 .text.get_sensor_btn_enter_pressed
                0x080048a4       0x24 ./app/src/task_sensor_interface.o
                0x080048a4                get_sensor_btn_enter_pressed
 .text.get_sensor_btn_up_pressed
                0x080048c8       0x24 ./app/src/task_sensor_interface.o
                0x080048c8                get_sensor_btn_up_pressed
 .text.get_sensor_btn_down_pressed
                0x080048ec       0x24 ./app/src/task_sensor_interface.o
                0x080048ec                get_sensor_btn_down_pressed
 .text.task_system_init
                0x08004910       0x2c ./app/src/task_system.o
                0x08004910                task_system_init
 .text.task_system_update
                0x0800493c      0x158 ./app/src/task_system.o
                0x0800493c                task_system_update
 .text.evaluate_irrigation_logic
                0x08004a94      0x114 ./app/src/task_system.o
 .text.suspend_irrigation
                0x08004ba8       0x28 ./app/src/task_system.o
 .text.init_event_task_system
                0x08004bd0       0x20 ./app/src/task_system_interface.o
                0x08004bd0                init_event_task_system
 .text.put_event_task_system
                0x08004bf0       0x28 ./app/src/task_system_interface.o
                0x08004bf0                put_event_task_system
 .text.get_event_task_system
                0x08004c18       0x20 ./app/src/task_system_interface.o
                0x08004c18                get_event_task_system
 .text.any_event_task_system
                0x08004c38       0x14 ./app/src/task_system_interface.o
                0x08004c38                any_event_task_system
 .text.get_sys_wind_critical_th
                0x08004c4c       0x14 ./app/src/task_system_interface.o
                0x08004c4c                get_sys_wind_critical_th
 .text.get_sys_wind_moderate_th
                0x08004c60       0x14 ./app/src/task_system_interface.o
                0x08004c60                get_sys_wind_moderate_th
 .text.is_night_irrigation_inhibited
                0x08004c74       0x14 ./app/src/task_system_interface.o
                0x08004c74                is_night_irrigation_inhibited
 .text.get_system_mode
                0x08004c88       0x14 ./app/src/task_system_interface.o
                0x08004c88                get_system_mode
 .text.set_sys_wind_critical_th
                0x08004c9c       0x1c ./app/src/task_system_interface.o
                0x08004c9c                set_sys_wind_critical_th
 .text.set_sys_wind_moderate_th
                0x08004cb8       0x1c ./app/src/task_system_interface.o
                0x08004cb8                set_sys_wind_moderate_th
 .text.sprintf  0x08004cd4       0x44 C:/ST/STM32CubeIDE_1.19.0/STM32CubeIDE/plugins/com.st.stm32cube.ide.mcu.externaltools.gnu-tools-for-stm32.13.3.rel1.win32_1.0.0.202411081344/tools/bin/../lib/gcc/arm-none-eabi/13.3.1/../../../../arm-none-eabi/lib/thumb/v7-m/nofp\libc_nano.a(libc_a-sprintf.o)
                0x08004cd4                siprintf
                0x08004cd4                sprintf
 .text.sscanf   0x08004d18       0x58 C:/ST/STM32CubeIDE_1.19.0/STM32CubeIDE/plugins/com.st.stm32cube.ide.mcu.externaltools.gnu-tools-for-stm32.13.3.rel1.win32_1.0.0.202411081344/tools/bin/../lib/gcc/arm-none-eabi/13.3.1/../../../../arm-none-eabi/lib/thumb/v7-m/nofp\libc_nano.a(libc_a-sscanf.o)
                0x08004d18                siscanf
                0x08004d18                sscanf
 .text.__seofread
                0x08004d70        0x4 C:/ST/STM32CubeIDE_1.19.0/STM32CubeIDE/plugins/com.st.stm32cube.ide.mcu.externaltools.gnu-tools-for-stm32.13.3.rel1.win32_1.0.0.202411081344/tools/bin/../lib/gcc/arm-none-eabi/13.3.1/../../../../arm-none-eabi/lib/thumb/v7-m/nofp\libc_nano.a(libc_a-stdio.o)
                0x08004d70                __seofread
 .text.memset   0x08004d74       0x10 C:/ST/STM32CubeIDE_1.19.0/STM32CubeIDE/plugins/com.st.stm32cube.ide.mcu.externaltools.gnu-tools-for-stm32.13.3.rel1.win32_1.0.0.202411081344/tools/bin/../lib/gcc/arm-none-eabi/13.3.1/../../../../arm-none-eabi/lib/thumb/v7-m/nofp\libc_nano.a(libc_a-memset.o)
                0x08004d74                memset
 .text.strncmp  0x08004d84       0x24 C:/ST/STM32CubeIDE_1.19.0/STM32CubeIDE/plugins/com.st.stm32cube.ide.mcu.externaltools.gnu-tools-for-stm32.13.3.rel1.win32_1.0.0.202411081344/tools/bin/../lib/gcc/arm-none-eabi/13.3.1/../../../../arm-none-eabi/lib/thumb/v7-m/nofp\libc_nano.a(libc_a-strncmp.o)
                0x08004d84                strncmp
 .text.__errno  0x08004da8        0xc C:/ST/STM32CubeIDE_1.19.0/STM32CubeIDE/plugins/com.st.stm32cube.ide.mcu.externaltools.gnu-tools-for-stm32.13.3.rel1.win32_1.0.0.202411081344/tools/bin/../lib/gcc/arm-none-eabi/13.3.1/../../../../arm-none-eabi/lib/thumb/v7-m/nofp\libc_nano.a(libc_a-errno.o)
                0x08004da8                __errno
 .text.__libc_init_array
                0x08004db4       0x48 C:/ST/STM32CubeIDE_1.19.0/STM32CubeIDE/plugins/com.st.stm32cube.ide.mcu.externaltools.gnu-tools-for-stm32.13.3.rel1.win32_1.0.0.202411081344/tools/bin/../lib/gcc/arm-none-eabi/13.3.1/../../../../arm-none-eabi/lib/thumb/v7-m/nofp\libc_nano.a(libc_a-init.o)
                0x08004db4                __libc_init_array
 .text.__retarget_lock_acquire_recursive
                0x08004dfc        0x2 C:/ST/STM32CubeIDE_1.19.0/STM32CubeIDE/plugins/com.st.stm32cube.ide.mcu.externaltools.gnu-tools-for-stm32.13.3.rel1.win32_1.0.0.202411081344/tools/bin/../lib/gcc/arm-none-eabi/13.3.1/../../../../arm-none-eabi/lib/thumb/v7-m/nofp\libc_nano.a(libc_a-lock.o)
                0x08004dfc                __retarget_lock_acquire_recursive
 .text.__retarget_lock_release_recursive
                0x08004dfe        0x2 C:/ST/STM32CubeIDE_1.19.0/STM32CubeIDE/plugins/com.st.stm32cube.ide.mcu.externaltools.gnu-tools-for-stm32.13.3.rel1.win32_1.0.0.202411081344/tools/bin/../lib/gcc/arm-none-eabi/13.3.1/../../../../arm-none-eabi/lib/thumb/v7-m/nofp\libc_nano.a(libc_a-lock.o)
                0x08004dfe                __retarget_lock_release_recursive
 .text._free_r  0x08004e00       0x90 C:/ST/STM32CubeIDE_1.19.0/STM32CubeIDE/plugins/com.st.stm32cube.ide.mcu.externaltools.gnu-tools-for-stm32.13.3.rel1.win32_1.0.0.202411081344/tools/bin/../lib/gcc/arm-none-eabi/13.3.1/../../../../arm-none-eabi/lib/thumb/v7-m/nofp\libc_nano.a(libc_a-freer.o)
                0x08004e00                _free_r
 .text.sbrk_aligned
                0x08004e90       0x44 C:/ST/STM32CubeIDE_1.19.0/STM32CubeIDE/plugins/com.st.stm32cube.ide.mcu.externaltools.gnu-tools-for-stm32.13.3.rel1.win32_1.0.0.202411081344/tools/bin/../lib/gcc/arm-none-eabi/13.3.1/../../../../arm-none-eabi/lib/thumb/v7-m/nofp\libc_nano.a(libc_a-mallocr.o)
 .text._malloc_r
                0x08004ed4      0x100 C:/ST/STM32CubeIDE_1.19.0/STM32CubeIDE/plugins/com.st.stm32cube.ide.mcu.externaltools.gnu-tools-for-stm32.13.3.rel1.win32_1.0.0.202411081344/tools/bin/../lib/gcc/arm-none-eabi/13.3.1/../../../../arm-none-eabi/lib/thumb/v7-m/nofp\libc_nano.a(libc_a-mallocr.o)
                0x08004ed4                _malloc_r
 .text.__malloc_lock
                0x08004fd4        0xc C:/ST/STM32CubeIDE_1.19.0/STM32CubeIDE/plugins/com.st.stm32cube.ide.mcu.externaltools.gnu-tools-for-stm32.13.3.rel1.win32_1.0.0.202411081344/tools/bin/../lib/gcc/arm-none-eabi/13.3.1/../../../../arm-none-eabi/lib/thumb/v7-m/nofp\libc_nano.a(libc_a-mlock.o)
                0x08004fd4                __malloc_lock
 .text.__malloc_unlock
                0x08004fe0        0xc C:/ST/STM32CubeIDE_1.19.0/STM32CubeIDE/plugins/com.st.stm32cube.ide.mcu.externaltools.gnu-tools-for-stm32.13.3.rel1.win32_1.0.0.202411081344/tools/bin/../lib/gcc/arm-none-eabi/13.3.1/../../../../arm-none-eabi/lib/thumb/v7-m/nofp\libc_nano.a(libc_a-mlock.o)
                0x08004fe0                __malloc_unlock
 .text.__ssputs_r
                0x08004fec       0xb6 C:/ST/STM32CubeIDE_1.19.0/STM32CubeIDE/plugins/com.st.stm32cube.ide.mcu.externaltools.gnu-tools-for-stm32.13.3.rel1.win32_1.0.0.202411081344/tools/bin/../lib/gcc/arm-none-eabi/13.3.1/../../../../arm-none-eabi/lib/thumb/v7-m/nofp\libc_nano.a(libc_a-nano-svfprintf.o)
                0x08004fec                __ssputs_r
 *fill*         0x080050a2        0x2 
 .text._svfprintf_r
                0x080050a4      0x1f8 C:/ST/STM32CubeIDE_1.19.0/STM32CubeIDE/plugins/com.st.stm32cube.ide.mcu.externaltools.gnu-tools-for-stm32.13.3.rel1.win32_1.0.0.202411081344/tools/bin/../lib/gcc/arm-none-eabi/13.3.1/../../../../arm-none-eabi/lib/thumb/v7-m/nofp\libc_nano.a(libc_a-nano-svfprintf.o)
                0x080050a4                _svfiprintf_r
                0x080050a4                _svfprintf_r
 .text._sungetc_r
                0x0800529c       0x7a C:/ST/STM32CubeIDE_1.19.0/STM32CubeIDE/plugins/com.st.stm32cube.ide.mcu.externaltools.gnu-tools-for-stm32.13.3.rel1.win32_1.0.0.202411081344/tools/bin/../lib/gcc/arm-none-eabi/13.3.1/../../../../arm-none-eabi/lib/thumb/v7-m/nofp\libc_nano.a(libc_a-nano-svfscanf.o)
                0x0800529c                _sungetc_r
 .text.__ssrefill_r
                0x08005316       0x3a C:/ST/STM32CubeIDE_1.19.0/STM32CubeIDE/plugins/com.st.stm32cube.ide.mcu.externaltools.gnu-tools-for-stm32.13.3.rel1.win32_1.0.0.202411081344/tools/bin/../lib/gcc/arm-none-eabi/13.3.1/../../../../arm-none-eabi/lib/thumb/v7-m/nofp\libc_nano.a(libc_a-nano-svfscanf.o)
                0x08005316                __ssrefill_r
 .text.__ssvfscanf_r
                0x08005350      0x2e8 C:/ST/STM32CubeIDE_1.19.0/STM32CubeIDE/plugins/com.st.stm32cube.ide.mcu.externaltools.gnu-tools-for-stm32.13.3.rel1.win32_1.0.0.202411081344/tools/bin/../lib/gcc/arm-none-eabi/13.3.1/../../../../arm-none-eabi/lib/thumb/v7-m/nofp\libc_nano.a(libc_a-nano-svfscanf.o)
                0x08005350                __ssvfiscanf_r
                0x08005350                __ssvfscanf_r
 .text._printf_common
                0x08005638       0xe4 C:/ST/STM32CubeIDE_1.19.0/STM32CubeIDE/plugins/com.st.stm32cube.ide.mcu.externaltools.gnu-tools-for-stm32.13.3.rel1.win32_1.0.0.202411081344/tools/bin/../lib/gcc/arm-none-eabi/13.3.1/../../../../arm-none-eabi/lib/thumb/v7-m/nofp\libc_nano.a(libc_a-nano-vfprintf_i.o)
                0x08005638                _printf_common
 .text._printf_i
                0x0800571c      0x23c C:/ST/STM32CubeIDE_1.19.0/STM32CubeIDE/plugins/com.st.stm32cube.ide.mcu.externaltools.gnu-tools-for-stm32.13.3.rel1.win32_1.0.0.202411081344/tools/bin/../lib/gcc/arm-none-eabi/13.3.1/../../../../arm-none-eabi/lib/thumb/v7-m/nofp\libc_nano.a(libc_a-nano-vfprintf_i.o)
                0x0800571c                _printf_i
 .text._scanf_chars
                0x08005958       0xb4 C:/ST/STM32CubeIDE_1.19.0/STM32CubeIDE/plugins/com.st.stm32cube.ide.mcu.externaltools.gnu-tools-for-stm32.13.3.rel1.win32_1.0.0.202411081344/tools/bin/../lib/gcc/arm-none-eabi/13.3.1/../../../../arm-none-eabi/lib/thumb/v7-m/nofp\libc_nano.a(libc_a-nano-vfscanf_i.o)
                0x08005958                _scanf_chars
 .text._scanf_i
                0x08005a0c      0x1e4 C:/ST/STM32CubeIDE_1.19.0/STM32CubeIDE/plugins/com.st.stm32cube.ide.mcu.externaltools.gnu-tools-for-stm32.13.3.rel1.win32_1.0.0.202411081344/tools/bin/../lib/gcc/arm-none-eabi/13.3.1/../../../../arm-none-eabi/lib/thumb/v7-m/nofp\libc_nano.a(libc_a-nano-vfscanf_i.o)
                0x08005a0c                _scanf_i
 .text.__sccl   0x08005bf0       0x72 C:/ST/STM32CubeIDE_1.19.0/STM32CubeIDE/plugins/com.st.stm32cube.ide.mcu.externaltools.gnu-tools-for-stm32.13.3.rel1.win32_1.0.0.202411081344/tools/bin/../lib/gcc/arm-none-eabi/13.3.1/../../../../arm-none-eabi/lib/thumb/v7-m/nofp\libc_nano.a(libc_a-sccl.o)
                0x08005bf0                __sccl
 .text.__submore
                0x08005c62       0x70 C:/ST/STM32CubeIDE_1.19.0/STM32CubeIDE/plugins/com.st.stm32cube.ide.mcu.externaltools.gnu-tools-for-stm32.13.3.rel1.win32_1.0.0.202411081344/tools/bin/../lib/gcc/arm-none-eabi/13.3.1/../../../../arm-none-eabi/lib/thumb/v7-m/nofp\libc_nano.a(libc_a-ungetc.o)
                0x08005c62                __submore
 .text.memmove  0x08005cd2       0x34 C:/ST/STM32CubeIDE_1.19.0/STM32CubeIDE/plugins/com.st.stm32cube.ide.mcu.externaltools.gnu-tools-for-stm32.13.3.rel1.win32_1.0.0.202411081344/tools/bin/../lib/gcc/arm-none-eabi/13.3.1/../../../../arm-none-eabi/lib/thumb/v7-m/nofp\libc_nano.a(libc_a-memmove.o)
                0x08005cd2                memmove
 *fill*         0x08005d06        0x2 
 .text._sbrk_r  0x08005d08       0x20 C:/ST/STM32CubeIDE_1.19.0/STM32CubeIDE/plugins/com.st.stm32cube.ide.mcu.externaltools.gnu-tools-for-stm32.13.3.rel1.win32_1.0.0.202411081344/tools/bin/../lib/gcc/arm-none-eabi/13.3.1/../../../../arm-none-eabi/lib/thumb/v7-m/nofp\libc_nano.a(libc_a-sbrkr.o)
                0x08005d08                _sbrk_r
 .text.memchr   0x08005d28       0x1c C:/ST/STM32CubeIDE_1.19.0/STM32CubeIDE/plugins/com.st.stm32cube.ide.mcu.externaltools.gnu-tools-for-stm32.13.3.rel1.win32_1.0.0.202411081344/tools/bin/../lib/gcc/arm-none-eabi/13.3.1/../../../../arm-none-eabi/lib/thumb/v7-m/nofp\libc_nano.a(libc_a-memchr-stub.o)
                0x08005d28                memchr
 .text.memcpy   0x08005d44       0x1c C:/ST/STM32CubeIDE_1.19.0/STM32CubeIDE/plugins/com.st.stm32cube.ide.mcu.externaltools.gnu-tools-for-stm32.13.3.rel1.win32_1.0.0.202411081344/tools/bin/../lib/gcc/arm-none-eabi/13.3.1/../../../../arm-none-eabi/lib/thumb/v7-m/nofp\libc_nano.a(libc_a-memcpy-stub.o)
                0x08005d44                memcpy
 .text._realloc_r
                0x08005d60       0x5c C:/ST/STM32CubeIDE_1.19.0/STM32CubeIDE/plugins/com.st.stm32cube.ide.mcu.externaltools.gnu-tools-for-stm32.13.3.rel1.win32_1.0.0.202411081344/tools/bin/../lib/gcc/arm-none-eabi/13.3.1/../../../../arm-none-eabi/lib/thumb/v7-m/nofp\libc_nano.a(libc_a-reallocr.o)
                0x08005d60                _realloc_r
 .text._strtol_l.isra.0
                0x08005dbc       0xf4 C:/ST/STM32CubeIDE_1.19.0/STM32CubeIDE/plugins/com.st.stm32cube.ide.mcu.externaltools.gnu-tools-for-stm32.13.3.rel1.win32_1.0.0.202411081344/tools/bin/../lib/gcc/arm-none-eabi/13.3.1/../../../../arm-none-eabi/lib/thumb/v7-m/nofp\libc_nano.a(libc_a-strtol.o)
 .text._strtol_r
                0x08005eb0        0x4 C:/ST/STM32CubeIDE_1.19.0/STM32CubeIDE/plugins/com.st.stm32cube.ide.mcu.externaltools.gnu-tools-for-stm32.13.3.rel1.win32_1.0.0.202411081344/tools/bin/../lib/gcc/arm-none-eabi/13.3.1/../../../../arm-none-eabi/lib/thumb/v7-m/nofp\libc_nano.a(libc_a-strtol.o)
                0x08005eb0                _strtol_r
 .text._strtoul_l.isra.0
                0x08005eb4       0xdc C:/ST/STM32CubeIDE_1.19.0/STM32CubeIDE/plugins/com.st.stm32cube.ide.mcu.externaltools.gnu-tools-for-stm32.13.3.rel1.win32_1.0.0.202411081344/tools/bin/../lib/gcc/arm-none-eabi/13.3.1/../../../../arm-none-eabi/lib/thumb/v7-m/nofp\libc_nano.a(libc_a-strtoul.o)
 .text._strtoul_r
                0x08005f90        0x4 C:/ST/STM32CubeIDE_1.19.0/STM32CubeIDE/plugins/com.st.stm32cube.ide.mcu.externaltools.gnu-tools-for-stm32.13.3.rel1.win32_1.0.0.202411081344/tools/bin/../lib/gcc/arm-none-eabi/13.3.1/../../../../arm-none-eabi/lib/thumb/v7-m/nofp\libc_nano.a(libc_a-strtoul.o)
                0x08005f90                _strtoul_r
 .text._malloc_usable_size_r
                0x08005f94       0x10 C:/ST/STM32CubeIDE_1.19.0/STM32CubeIDE/plugins/com.st.stm32cube.ide.mcu.externaltools.gnu-tools-for-stm32.13.3.rel1.win32_1.0.0.202411081344/tools/bin/../lib/gcc/arm-none-eabi/13.3.1/../../../../arm-none-eabi/lib/thumb/v7-m/nofp\libc_nano.a(libc_a-msizer.o)
                0x08005f94                _malloc_usable_size_r
 *(.glue_7)
 .glue_7        0x08005fa4        0x0 linker stubs
 *(.glue_7t)
 .glue_7t       0x08005fa4        0x0 linker stubs
 *(.eh_frame)
 .eh_frame      0x08005fa4        0x0 C:/ST/STM32CubeIDE_1.19.0/STM32CubeIDE/plugins/com.st.stm32cube.ide.mcu.externaltools.gnu-tools-for-stm32.13.3.rel1.win32_1.0.0.202411081344/tools/bin/../lib/gcc/arm-none-eabi/13.3.1/thumb/v7-m/nofp/crtbegin.o
 *(.init)
 .init          0x08005fa4        0x4 C:/ST/STM32CubeIDE_1.19.0/STM32CubeIDE/plugins/com.st.stm32cube.ide.mcu.externaltools.gnu-tools-for-stm32.13.3.rel1.win32_1.0.0.202411081344/tools/bin/../lib/gcc/arm-none-eabi/13.3.1/thumb/v7-m/nofp/crti.o
                0x08005fa4                _init
 .init          0x08005fa8        0x8 C:/ST/STM32CubeIDE_1.19.0/STM32CubeIDE/plugins/com.st.stm32cube.ide.mcu.externaltools.gnu-tools-for-stm32.13.3.rel1.win32_1.0.0.202411081344/tools/bin/../lib/gcc/arm-none-eabi/13.3.1/thumb/v7-m/nofp/crtn.o
 *(.fini)
 .fini          0x08005fb0        0x4 C:/ST/STM32CubeIDE_1.19.0/STM32CubeIDE/plugins/com.st.stm32cube.ide.mcu.externaltools.gnu-tools-for-stm32.13.3.rel1.win32_1.0.0.202411081344/tools/bin/../lib/gcc/arm-none-eabi/13.3.1/thumb/v7-m/nofp/crti.o
                0x08005fb0                _fini
 .fini          0x08005fb4        0x8 C:/ST/STM32CubeIDE_1.19.0/STM32CubeIDE/plugins/com.st.stm32cube.ide.mcu.externaltools.gnu-tools-for-stm32.13.3.rel1.win32_1.0.0.202411081344/tools/bin/../lib/gcc/arm-none-eabi/13.3.1/thumb/v7-m/nofp/crtn.o
                0x08005fbc                        . = ALIGN (0x4)
                0x08005fbc                        _etext = .

.vfp11_veneer   0x08005fbc        0x0
 .vfp11_veneer  0x08005fbc        0x0 linker stubs

.v4_bx          0x08005fbc        0x0
 .v4_bx         0x08005fbc        0x0 linker stubs

.iplt           0x08005fbc        0x0
 .iplt          0x08005fbc        0x0 C:/ST/STM32CubeIDE_1.19.0/STM32CubeIDE/plugins/com.st.stm32cube.ide.mcu.externaltools.gnu-tools-for-stm32.13.3.rel1.win32_1.0.0.202411081344/tools/bin/../lib/gcc/arm-none-eabi/13.3.1/thumb/v7-m/nofp/crtbegin.o

.rodata         0x08005fbc      0x31c
                0x08005fbc                        . = ALIGN (0x4)
 *(.rodata)
 .rodata        0x08005fbc       0x5f ./app/src/logger.o
 *fill*         0x0800601b        0x1 
 .rodata        0x0800601c       0xf5 ./app/src/task_display.o
 *fill*         0x08006111        0x3 
 .rodata        0x08006114        0xc C:/ST/STM32CubeIDE_1.19.0/STM32CubeIDE/plugins/com.st.stm32cube.ide.mcu.externaltools.gnu-tools-for-stm32.13.3.rel1.win32_1.0.0.202411081344/tools/bin/../lib/gcc/arm-none-eabi/13.3.1/../../../../arm-none-eabi/lib/thumb/v7-m/nofp\libc_nano.a(libc_a-nano-vfscanf_i.o)
 *(.rodata*)
 .rodata.AHBPrescTable
                0x08006120       0x10 ./Core/Src/system_stm32f1xx.o
                0x08006120                AHBPrescTable
 .rodata.APBPrescTable
                0x08006130        0x8 ./Core/Src/system_stm32f1xx.o
                0x08006130                APBPrescTable
 .rodata.aPLLMULFactorTable.1
                0x08006138       0x10 ./Drivers/STM32F1xx_HAL_Driver/Src/stm32f1xx_hal_rcc.o
 .rodata.aPredivFactorTable.0
                0x08006148        0x2 ./Drivers/STM32F1xx_HAL_Driver/Src/stm32f1xx_hal_rcc.o
 *fill*         0x0800614a        0x2 
 .rodata.task_cfg_list
                0x0800614c       0x3c ./app/src/app.o
                0x0800614c                task_cfg_list
 .rodata._svfprintf_r.str1.1
                0x08006188       0x4e C:/ST/STM32CubeIDE_1.19.0/STM32CubeIDE/plugins/com.st.stm32cube.ide.mcu.externaltools.gnu-tools-for-stm32.13.3.rel1.win32_1.0.0.202411081344/tools/bin/../lib/gcc/arm-none-eabi/13.3.1/../../../../arm-none-eabi/lib/thumb/v7-m/nofp\libc_nano.a(libc_a-nano-svfprintf.o)
                                 0x11 (size before relaxing)
 .rodata.__ssvfscanf_r.str1.1
                0x080061d6        0x4 C:/ST/STM32CubeIDE_1.19.0/STM32CubeIDE/plugins/com.st.stm32cube.ide.mcu.externaltools.gnu-tools-for-stm32.13.3.rel1.win32_1.0.0.202411081344/tools/bin/../lib/gcc/arm-none-eabi/13.3.1/../../../../arm-none-eabi/lib/thumb/v7-m/nofp\libc_nano.a(libc_a-nano-svfscanf.o)
 .rodata._printf_i.str1.1
                0x080061d6       0x22 C:/ST/STM32CubeIDE_1.19.0/STM32CubeIDE/plugins/com.st.stm32cube.ide.mcu.externaltools.gnu-tools-for-stm32.13.3.rel1.win32_1.0.0.202411081344/tools/bin/../lib/gcc/arm-none-eabi/13.3.1/../../../../arm-none-eabi/lib/thumb/v7-m/nofp\libc_nano.a(libc_a-nano-vfprintf_i.o)
 .rodata._scanf_i.str1.1
                0x080061d6       0x12 C:/ST/STM32CubeIDE_1.19.0/STM32CubeIDE/plugins/com.st.stm32cube.ide.mcu.externaltools.gnu-tools-for-stm32.13.3.rel1.win32_1.0.0.202411081344/tools/bin/../lib/gcc/arm-none-eabi/13.3.1/../../../../arm-none-eabi/lib/thumb/v7-m/nofp\libc_nano.a(libc_a-nano-vfscanf_i.o)
 .rodata.str1.1
                0x080061d6        0x9 C:/ST/STM32CubeIDE_1.19.0/STM32CubeIDE/plugins/com.st.stm32cube.ide.mcu.externaltools.gnu-tools-for-stm32.13.3.rel1.win32_1.0.0.202411081344/tools/bin/../lib/gcc/arm-none-eabi/13.3.1/../../../../arm-none-eabi/lib/thumb/v7-m/nofp\libc_nano.a(libc_a-nano-vfscanf_i.o)
 .rodata._ctype_
                0x080061d6      0x101 C:/ST/STM32CubeIDE_1.19.0/STM32CubeIDE/plugins/com.st.stm32cube.ide.mcu.externaltools.gnu-tools-for-stm32.13.3.rel1.win32_1.0.0.202411081344/tools/bin/../lib/gcc/arm-none-eabi/13.3.1/../../../../arm-none-eabi/lib/thumb/v7-m/nofp\libc_nano.a(libc_a-ctype_.o)
                0x080061d6                _ctype_
                0x080062d8                        . = ALIGN (0x4)
 *fill*         0x080062d7        0x1 

.ARM.extab
 *(.ARM.extab* .gnu.linkonce.armextab.*)

.ARM            0x080062d8        0x8
                0x080062d8                        __exidx_start = .
 *(.ARM.exidx*)
 .ARM.exidx     0x080062d8        0x8 C:/ST/STM32CubeIDE_1.19.0/STM32CubeIDE/plugins/com.st.stm32cube.ide.mcu.externaltools.gnu-tools-for-stm32.13.3.rel1.win32_1.0.0.202411081344/tools/bin/../lib/gcc/arm-none-eabi/13.3.1/../../../../arm-none-eabi/lib/thumb/v7-m/nofp\libc_nano.a(libc_a-strlen.o)
                0x080062e0                        __exidx_end = .

.rel.dyn        0x080062e0        0x0
 .rel.iplt      0x080062e0        0x0 C:/ST/STM32CubeIDE_1.19.0/STM32CubeIDE/plugins/com.st.stm32cube.ide.mcu.externaltools.gnu-tools-for-stm32.13.3.rel1.win32_1.0.0.202411081344/tools/bin/../lib/gcc/arm-none-eabi/13.3.1/thumb/v7-m/nofp/crtbegin.o

.preinit_array  0x080062e0        0x0
                0x080062e0                        PROVIDE (__preinit_array_start = .)
 *(.preinit_array*)
                0x080062e0                        PROVIDE (__preinit_array_end = .)

.init_array     0x080062e0        0x4
                0x080062e0                        PROVIDE (__init_array_start = .)
 *(SORT_BY_NAME(.init_array.*))
 *(.init_array*)
 .init_array    0x080062e0        0x4 C:/ST/STM32CubeIDE_1.19.0/STM32CubeIDE/plugins/com.st.stm32cube.ide.mcu.externaltools.gnu-tools-for-stm32.13.3.rel1.win32_1.0.0.202411081344/tools/bin/../lib/gcc/arm-none-eabi/13.3.1/thumb/v7-m/nofp/crtbegin.o
                0x080062e4                        PROVIDE (__init_array_end = .)

.fini_array     0x080062e4        0x4
                [!provide]                        PROVIDE (__fini_array_start = .)
 *(SORT_BY_NAME(.fini_array.*))
 *(.fini_array*)
 .fini_array    0x080062e4        0x4 C:/ST/STM32CubeIDE_1.19.0/STM32CubeIDE/plugins/com.st.stm32cube.ide.mcu.externaltools.gnu-tools-for-stm32.13.3.rel1.win32_1.0.0.202411081344/tools/bin/../lib/gcc/arm-none-eabi/13.3.1/thumb/v7-m/nofp/crtbegin.o
                [!provide]                        PROVIDE (__fini_array_end = .)
                0x080062e8                        _sidata = LOADADDR (.data)

.data           0x20000000       0x70 load address 0x080062e8
                0x20000000                        . = ALIGN (0x4)
                0x20000000                        _sdata = .
 *(.data)
 *(.data*)
 .data.SystemCoreClock
                0x20000000        0x4 ./Core/Src/system_stm32f1xx.o
                0x20000000                SystemCoreClock
 .data.uwTickPrio
                0x20000004        0x4 ./Drivers/STM32F1xx_HAL_Driver/Src/stm32f1xx_hal.o
                0x20000004                uwTickPrio
 .data.uwTickFreq
                0x20000008        0x1 ./Drivers/STM32F1xx_HAL_Driver/Src/stm32f1xx_hal.o
                0x20000008                uwTickFreq
 *fill*         0x20000009        0x3 
 .data.local_mod_th
                0x2000000c        0x4 ./app/src/task_display.o
 .data.local_crit_th
                0x20000010        0x4 ./app/src/task_display.o
 .data.wind_critical_th
                0x20000014        0x4 ./app/src/task_system_interface.o
 .data.wind_moderate_th
                0x20000018        0x4 ./app/src/task_system_interface.o
 .data.night_irrigation_inhibited
                0x2000001c        0x1 ./app/src/task_system_interface.o
 *fill*         0x2000001d        0x3 
 .data._impure_ptr
                0x20000020        0x4 C:/ST/STM32CubeIDE_1.19.0/STM32CubeIDE/plugins/com.st.stm32cube.ide.mcu.externaltools.gnu-tools-for-stm32.13.3.rel1.win32_1.0.0.202411081344/tools/bin/../lib/gcc/arm-none-eabi/13.3.1/../../../../arm-none-eabi/lib/thumb/v7-m/nofp\libc_nano.a(libc_a-impure.o)
                0x20000020                _impure_ptr
 .data._impure_data
                0x20000024       0x4c C:/ST/STM32CubeIDE_1.19.0/STM32CubeIDE/plugins/com.st.stm32cube.ide.mcu.externaltools.gnu-tools-for-stm32.13.3.rel1.win32_1.0.0.202411081344/tools/bin/../lib/gcc/arm-none-eabi/13.3.1/../../../../arm-none-eabi/lib/thumb/v7-m/nofp\libc_nano.a(libc_a-impure.o)
                0x20000024                _impure_data
 *(.RamFunc)
 *(.RamFunc*)
                0x20000070                        . = ALIGN (0x4)
                0x20000070                        _edata = .

.igot.plt       0x20000070        0x0 load address 0x08006358
 .igot.plt      0x20000070        0x0 C:/ST/STM32CubeIDE_1.19.0/STM32CubeIDE/plugins/com.st.stm32cube.ide.mcu.externaltools.gnu-tools-for-stm32.13.3.rel1.win32_1.0.0.202411081344/tools/bin/../lib/gcc/arm-none-eabi/13.3.1/thumb/v7-m/nofp/crtbegin.o
                0x20000070                        . = ALIGN (0x4)

.bss            0x20000070      0x388 load address 0x08006358
                0x20000070                        _sbss = .
                0x20000070                        __bss_start__ = _sbss
 *(.bss)
 .bss           0x20000070       0x1c C:/ST/STM32CubeIDE_1.19.0/STM32CubeIDE/plugins/com.st.stm32cube.ide.mcu.externaltools.gnu-tools-for-stm32.13.3.rel1.win32_1.0.0.202411081344/tools/bin/../lib/gcc/arm-none-eabi/13.3.1/thumb/v7-m/nofp/crtbegin.o
 *(.bss*)
 .bss.hadc1     0x2000008c       0x30 ./Core/Src/main.o
                0x2000008c                hadc1
 .bss.hdma_adc1
                0x200000bc       0x44 ./Core/Src/main.o
                0x200000bc                hdma_adc1
 .bss.hi2c1     0x20000100       0x54 ./Core/Src/main.o
                0x20000100                hi2c1
 .bss.huart2    0x20000154       0x48 ./Core/Src/main.o
                0x20000154                huart2
 .bss.heap_end.0
                0x2000019c        0x4 ./Core/Src/syscalls.o
 .bss.uwTick    0x200001a0        0x4 ./Drivers/STM32F1xx_HAL_Driver/Src/stm32f1xx_hal.o
                0x200001a0                uwTick
 .bss.g_app_tick_cnt
                0x200001a4        0x4 ./app/src/app.o
                0x200001a4                g_app_tick_cnt
 .bss.rx_char   0x200001a8        0x1 ./app/src/logger.o
 *fill*         0x200001a9        0x3 
 .bss.rx_buffer
                0x200001ac       0x20 ./app/src/logger.o
 .bss.rx_index  0x200001cc        0x1 ./app/src/logger.o
 .bss.msg_received
                0x200001cd        0x1 ./app/src/logger.o
 *fill*         0x200001ce        0x2 
 .bss.tx_buffer
                0x200001d0       0x40 ./app/src/logger.o
 .bss.telemetry_tick_stamp
                0x20000210        0x4 ./app/src/logger.o
 .bss.blink_tick_stamp
                0x20000214        0x4 ./app/src/task_actuator.o
 .bss.blink_state
                0x20000218        0x1 ./app/src/task_actuator.o
 *fill*         0x20000219        0x3 
 .bss.actuator_sectors
                0x2000021c        0x4 ./app/src/task_actuator_interface.o
                0x2000021c                actuator_sectors
 .bss.actuator_status_leds
                0x20000220        0x3 ./app/src/task_actuator_interface.o
                0x20000220                actuator_status_leds
 .bss.actuator_buzzer
                0x20000223        0x1 ./app/src/task_actuator_interface.o
                0x20000223                actuator_buzzer
 .bss.prev_sys_state
                0x20000224        0x1 ./app/src/task_display.o
 *fill*         0x20000225        0x3 
 .bss.last_update_tick
                0x20000228        0x4 ./app/src/task_display.o
 .bss.current_menu
                0x2000022c        0x1 ./app/src/task_display.o
 .bss.menu_dirty
                0x2000022d        0x1 ./app/src/task_display.o
 *fill*         0x2000022e        0x2 
 .bss.adc_raw_buffer
                0x20000230        0x6 ./app/src/task_sensor.o
 *fill*         0x20000236        0x2 
 .bss.wind_filter_buffer
                0x20000238       0x20 ./app/src/task_sensor.o
 .bss.wind_filter_index
                0x20000258        0x4 ./app/src/task_sensor.o
 .bss.wind_filter_sum
                0x2000025c        0x4 ./app/src/task_sensor.o
 .bss.filter_initialized
                0x20000260        0x1 ./app/src/task_sensor.o
 *fill*         0x20000261        0x3 
 .bss.buttons   0x20000264       0x30 ./app/src/task_sensor.o
 .bss.sensor_wind_speed
                0x20000294        0x4 ./app/src/task_sensor_interface.o
                0x20000294                sensor_wind_speed
 .bss.sensor_wind_dir
                0x20000298        0x4 ./app/src/task_sensor_interface.o
                0x20000298                sensor_wind_dir
 .bss.sensor_light
                0x2000029c        0x4 ./app/src/task_sensor_interface.o
                0x2000029c                sensor_light
 .bss.sensor_adc_error
                0x200002a0        0x1 ./app/src/task_sensor_interface.o
                0x200002a0                sensor_adc_error
 .bss.sensor_dip_switches
                0x200002a1        0x1 ./app/src/task_sensor_interface.o
                0x200002a1                sensor_dip_switches
 .bss.flag_btn_enter
                0x200002a2        0x1 ./app/src/task_sensor_interface.o
                0x200002a2                flag_btn_enter
 .bss.flag_btn_up
                0x200002a3        0x1 ./app/src/task_sensor_interface.o
                0x200002a3                flag_btn_up
 .bss.flag_btn_down
                0x200002a4        0x1 ./app/src/task_sensor_interface.o
                0x200002a4                flag_btn_down
 *fill*         0x200002a5        0x3 
 .bss.task_system_dta
                0x200002a8        0x3 ./app/src/task_system.o
 .bss.current_sys_state
                0x200002ab        0x1 ./app/src/task_system.o
                0x200002ab                current_sys_state
 .bss.task_system_event
                0x200002ac        0x1 ./app/src/task_system_interface.o
 .bss.b_task_system_event
                0x200002ad        0x1 ./app/src/task_system_interface.o
 *fill*         0x200002ae        0x2 
 .bss.__sf      0x200002b0      0x138 C:/ST/STM32CubeIDE_1.19.0/STM32CubeIDE/plugins/com.st.stm32cube.ide.mcu.externaltools.gnu-tools-for-stm32.13.3.rel1.win32_1.0.0.202411081344/tools/bin/../lib/gcc/arm-none-eabi/13.3.1/../../../../arm-none-eabi/lib/thumb/v7-m/nofp\libc_nano.a(libc_a-findfp.o)
                0x200002b0                __sf
 .bss.errno     0x200003e8        0x4 C:/ST/STM32CubeIDE_1.19.0/STM32CubeIDE/plugins/com.st.stm32cube.ide.mcu.externaltools.gnu-tools-for-stm32.13.3.rel1.win32_1.0.0.202411081344/tools/bin/../lib/gcc/arm-none-eabi/13.3.1/../../../../arm-none-eabi/lib/thumb/v7-m/nofp\libc_nano.a(libc_a-reent.o)
                0x200003e8                errno
 .bss.__lock___malloc_recursive_mutex
                0x200003ec        0x1 C:/ST/STM32CubeIDE_1.19.0/STM32CubeIDE/plugins/com.st.stm32cube.ide.mcu.externaltools.gnu-tools-for-stm32.13.3.rel1.win32_1.0.0.202411081344/tools/bin/../lib/gcc/arm-none-eabi/13.3.1/../../../../arm-none-eabi/lib/thumb/v7-m/nofp\libc_nano.a(libc_a-lock.o)
                0x200003ec                __lock___malloc_recursive_mutex
 *fill*         0x200003ed        0x3 
 .bss.__malloc_sbrk_start
                0x200003f0        0x4 C:/ST/STM32CubeIDE_1.19.0/STM32CubeIDE/plugins/com.st.stm32cube.ide.mcu.externaltools.gnu-tools-for-stm32.13.3.rel1.win32_1.0.0.202411081344/tools/bin/../lib/gcc/arm-none-eabi/13.3.1/../../../../arm-none-eabi/lib/thumb/v7-m/nofp\libc_nano.a(libc_a-mallocr.o)
                0x200003f0                __malloc_sbrk_start
 .bss.__malloc_free_list
                0x200003f4        0x4 C:/ST/STM32CubeIDE_1.19.0/STM32CubeIDE/plugins/com.st.stm32cube.ide.mcu.externaltools.gnu-tools-for-stm32.13.3.rel1.win32_1.0.0.202411081344/tools/bin/../lib/gcc/arm-none-eabi/13.3.1/../../../../arm-none-eabi/lib/thumb/v7-m/nofp\libc_nano.a(libc_a-mallocr.o)
                0x200003f4                __malloc_free_list
 *(COMMON)
                0x200003f8                        . = ALIGN (0x4)
                0x200003f8                        _ebss = .
                0x200003f8                        __bss_end__ = _ebss

._user_heap_stack
                0x200003f8      0x600 load address 0x08006358
                0x200003f8                        . = ALIGN (0x8)
                [!provide]                        PROVIDE (end = .)
                0x200003f8                        PROVIDE (_end = .)
                0x200005f8                        . = (. + _Min_Heap_Size)
 *fill*         0x200003f8      0x200 
                0x200009f8                        . = (. + _Min_Stack_Size)
 *fill*         0x200005f8      0x400 
                0x200009f8                        . = ALIGN (0x8)

/DISCARD/
 libc.a(*)
 libm.a(*)
 libgcc.a(*)

.ARM.attributes
                0x00000000       0x29
 *(.ARM.attributes)
 .ARM.attributes
                0x00000000       0x1d C:/ST/STM32CubeIDE_1.19.0/STM32CubeIDE/plugins/com.st.stm32cube.ide.mcu.externaltools.gnu-tools-for-stm32.13.3.rel1.win32_1.0.0.202411081344/tools/bin/../lib/gcc/arm-none-eabi/13.3.1/thumb/v7-m/nofp/crti.o
 .ARM.attributes
                0x0000001d       0x2d C:/ST/STM32CubeIDE_1.19.0/STM32CubeIDE/plugins/com.st.stm32cube.ide.mcu.externaltools.gnu-tools-for-stm32.13.3.rel1.win32_1.0.0.202411081344/tools/bin/../lib/gcc/arm-none-eabi/13.3.1/thumb/v7-m/nofp/crtbegin.o
 .ARM.attributes
                0x0000004a       0x2d ./Core/Src/main.o
 .ARM.attributes
                0x00000077       0x2d ./Core/Src/stm32f1xx_hal_msp.o
 .ARM.attributes
                0x000000a4       0x2d ./Core/Src/stm32f1xx_it.o
 .ARM.attributes
                0x000000d1       0x2d ./Core/Src/syscalls.o
 .ARM.attributes
                0x000000fe       0x2d ./Core/Src/system_stm32f1xx.o
 .ARM.attributes
                0x0000012b       0x21 ./Core/Startup/startup_stm32f103rbtx.o
 .ARM.attributes
                0x0000014c       0x2d ./Drivers/STM32F1xx_HAL_Driver/Src/stm32f1xx_hal.o
 .ARM.attributes
                0x00000179       0x2d ./Drivers/STM32F1xx_HAL_Driver/Src/stm32f1xx_hal_adc.o
 .ARM.attributes
                0x000001a6       0x2d ./Drivers/STM32F1xx_HAL_Driver/Src/stm32f1xx_hal_cortex.o
 .ARM.attributes
                0x000001d3       0x2d ./Drivers/STM32F1xx_HAL_Driver/Src/stm32f1xx_hal_dma.o
 .ARM.attributes
                0x00000200       0x2d ./Drivers/STM32F1xx_HAL_Driver/Src/stm32f1xx_hal_gpio.o
 .ARM.attributes
                0x0000022d       0x2d ./Drivers/STM32F1xx_HAL_Driver/Src/stm32f1xx_hal_i2c.o
 .ARM.attributes
                0x0000025a       0x2d ./Drivers/STM32F1xx_HAL_Driver/Src/stm32f1xx_hal_pwr.o
 .ARM.attributes
                0x00000287       0x2d ./Drivers/STM32F1xx_HAL_Driver/Src/stm32f1xx_hal_rcc.o
 .ARM.attributes
                0x000002b4       0x2d ./Drivers/STM32F1xx_HAL_Driver/Src/stm32f1xx_hal_rcc_ex.o
 .ARM.attributes
                0x000002e1       0x2d ./Drivers/STM32F1xx_HAL_Driver/Src/stm32f1xx_hal_uart.o
 .ARM.attributes
                0x0000030e       0x2d ./app/src/app.o
 .ARM.attributes
                0x0000033b       0x2d ./app/src/display.o
 .ARM.attributes
                0x00000368       0x2d ./app/src/eeprom.o
 .ARM.attributes
                0x00000395       0x2d ./app/src/logger.o
 .ARM.attributes
                0x000003c2       0x2d ./app/src/task_actuator.o
 .ARM.attributes
                0x000003ef       0x2d ./app/src/task_actuator_interface.o
 .ARM.attributes
                0x0000041c       0x2d ./app/src/task_display.o
 .ARM.attributes
                0x00000449       0x2d ./app/src/task_sensor.o
 .ARM.attributes
                0x00000476       0x2d ./app/src/task_sensor_interface.o
 .ARM.attributes
                0x000004a3       0x2d ./app/src/task_system.o
 .ARM.attributes
                0x000004d0       0x2d ./app/src/task_system_interface.o
 .ARM.attributes
                0x000004fd       0x2d C:/ST/STM32CubeIDE_1.19.0/STM32CubeIDE/plugins/com.st.stm32cube.ide.mcu.externaltools.gnu-tools-for-stm32.13.3.rel1.win32_1.0.0.202411081344/tools/bin/../lib/gcc/arm-none-eabi/13.3.1/../../../../arm-none-eabi/lib/thumb/v7-m/nofp\libc_nano.a(libc_a-findfp.o)
 .ARM.attributes
                0x0000052a       0x2d C:/ST/STM32CubeIDE_1.19.0/STM32CubeIDE/plugins/com.st.stm32cube.ide.mcu.externaltools.gnu-tools-for-stm32.13.3.rel1.win32_1.0.0.202411081344/tools/bin/../lib/gcc/arm-none-eabi/13.3.1/../../../../arm-none-eabi/lib/thumb/v7-m/nofp\libc_nano.a(libc_a-sprintf.o)
 .ARM.attributes
                0x00000557       0x2d C:/ST/STM32CubeIDE_1.19.0/STM32CubeIDE/plugins/com.st.stm32cube.ide.mcu.externaltools.gnu-tools-for-stm32.13.3.rel1.win32_1.0.0.202411081344/tools/bin/../lib/gcc/arm-none-eabi/13.3.1/../../../../arm-none-eabi/lib/thumb/v7-m/nofp\libc_nano.a(libc_a-sscanf.o)
 .ARM.attributes
                0x00000584       0x2d C:/ST/STM32CubeIDE_1.19.0/STM32CubeIDE/plugins/com.st.stm32cube.ide.mcu.externaltools.gnu-tools-for-stm32.13.3.rel1.win32_1.0.0.202411081344/tools/bin/../lib/gcc/arm-none-eabi/13.3.1/../../../../arm-none-eabi/lib/thumb/v7-m/nofp\libc_nano.a(libc_a-stdio.o)
 .ARM.attributes
                0x000005b1       0x2d C:/ST/STM32CubeIDE_1.19.0/STM32CubeIDE/plugins/com.st.stm32cube.ide.mcu.externaltools.gnu-tools-for-stm32.13.3.rel1.win32_1.0.0.202411081344/tools/bin/../lib/gcc/arm-none-eabi/13.3.1/../../../../arm-none-eabi/lib/thumb/v7-m/nofp\libc_nano.a(libc_a-memset.o)
 .ARM.attributes
                0x000005de       0x2d C:/ST/STM32CubeIDE_1.19.0/STM32CubeIDE/plugins/com.st.stm32cube.ide.mcu.externaltools.gnu-tools-for-stm32.13.3.rel1.win32_1.0.0.202411081344/tools/bin/../lib/gcc/arm-none-eabi/13.3.1/../../../../arm-none-eabi/lib/thumb/v7-m/nofp\libc_nano.a(libc_a-strncmp.o)
 .ARM.attributes
                0x0000060b       0x2d C:/ST/STM32CubeIDE_1.19.0/STM32CubeIDE/plugins/com.st.stm32cube.ide.mcu.externaltools.gnu-tools-for-stm32.13.3.rel1.win32_1.0.0.202411081344/tools/bin/../lib/gcc/arm-none-eabi/13.3.1/../../../../arm-none-eabi/lib/thumb/v7-m/nofp\libc_nano.a(libc_a-reent.o)
 .ARM.attributes
                0x00000638       0x2d C:/ST/STM32CubeIDE_1.19.0/STM32CubeIDE/plugins/com.st.stm32cube.ide.mcu.externaltools.gnu-tools-for-stm32.13.3.rel1.win32_1.0.0.202411081344/tools/bin/../lib/gcc/arm-none-eabi/13.3.1/../../../../arm-none-eabi/lib/thumb/v7-m/nofp\libc_nano.a(libc_a-impure.o)
 .ARM.attributes
                0x00000665       0x2d C:/ST/STM32CubeIDE_1.19.0/STM32CubeIDE/plugins/com.st.stm32cube.ide.mcu.externaltools.gnu-tools-for-stm32.13.3.rel1.win32_1.0.0.202411081344/tools/bin/../lib/gcc/arm-none-eabi/13.3.1/../../../../arm-none-eabi/lib/thumb/v7-m/nofp\libc_nano.a(libc_a-errno.o)
 .ARM.attributes
                0x00000692       0x2d C:/ST/STM32CubeIDE_1.19.0/STM32CubeIDE/plugins/com.st.stm32cube.ide.mcu.externaltools.gnu-tools-for-stm32.13.3.rel1.win32_1.0.0.202411081344/tools/bin/../lib/gcc/arm-none-eabi/13.3.1/../../../../arm-none-eabi/lib/thumb/v7-m/nofp\libc_nano.a(libc_a-init.o)
 .ARM.attributes
                0x000006bf       0x2d C:/ST/STM32CubeIDE_1.19.0/STM32CubeIDE/plugins/com.st.stm32cube.ide.mcu.externaltools.gnu-tools-for-stm32.13.3.rel1.win32_1.0.0.202411081344/tools/bin/../lib/gcc/arm-none-eabi/13.3.1/../../../../arm-none-eabi/lib/thumb/v7-m/nofp\libc_nano.a(libc_a-lock.o)
 .ARM.attributes
                0x000006ec       0x17 C:/ST/STM32CubeIDE_1.19.0/STM32CubeIDE/plugins/com.st.stm32cube.ide.mcu.externaltools.gnu-tools-for-stm32.13.3.rel1.win32_1.0.0.202411081344/tools/bin/../lib/gcc/arm-none-eabi/13.3.1/../../../../arm-none-eabi/lib/thumb/v7-m/nofp\libc_nano.a(libc_a-strlen.o)
 .ARM.attributes
                0x00000703       0x2d C:/ST/STM32CubeIDE_1.19.0/STM32CubeIDE/plugins/com.st.stm32cube.ide.mcu.externaltools.gnu-tools-for-stm32.13.3.rel1.win32_1.0.0.202411081344/tools/bin/../lib/gcc/arm-none-eabi/13.3.1/../../../../arm-none-eabi/lib/thumb/v7-m/nofp\libc_nano.a(libc_a-freer.o)
 .ARM.attributes
                0x00000730       0x2d C:/ST/STM32CubeIDE_1.19.0/STM32CubeIDE/plugins/com.st.stm32cube.ide.mcu.externaltools.gnu-tools-for-stm32.13.3.rel1.win32_1.0.0.202411081344/tools/bin/../lib/gcc/arm-none-eabi/13.3.1/../../../../arm-none-eabi/lib/thumb/v7-m/nofp\libc_nano.a(libc_a-mallocr.o)
 .ARM.attributes
                0x0000075d       0x2d C:/ST/STM32CubeIDE_1.19.0/STM32CubeIDE/plugins/com.st.stm32cube.ide.mcu.externaltools.gnu-tools-for-stm32.13.3.rel1.win32_1.0.0.202411081344/tools/bin/../lib/gcc/arm-none-eabi/13.3.1/../../../../arm-none-eabi/lib/thumb/v7-m/nofp\libc_nano.a(libc_a-mlock.o)
 .ARM.attributes
                0x0000078a       0x2d C:/ST/STM32CubeIDE_1.19.0/STM32CubeIDE/plugins/com.st.stm32cube.ide.mcu.externaltools.gnu-tools-for-stm32.13.3.rel1.win32_1.0.0.202411081344/tools/bin/../lib/gcc/arm-none-eabi/13.3.1/../../../../arm-none-eabi/lib/thumb/v7-m/nofp\libc_nano.a(libc_a-nano-svfprintf.o)
 .ARM.attributes
                0x000007b7       0x2d C:/ST/STM32CubeIDE_1.19.0/STM32CubeIDE/plugins/com.st.stm32cube.ide.mcu.externaltools.gnu-tools-for-stm32.13.3.rel1.win32_1.0.0.202411081344/tools/bin/../lib/gcc/arm-none-eabi/13.3.1/../../../../arm-none-eabi/lib/thumb/v7-m/nofp\libc_nano.a(libc_a-nano-svfscanf.o)
 .ARM.attributes
                0x000007e4       0x2d C:/ST/STM32CubeIDE_1.19.0/STM32CubeIDE/plugins/com.st.stm32cube.ide.mcu.externaltools.gnu-tools-for-stm32.13.3.rel1.win32_1.0.0.202411081344/tools/bin/../lib/gcc/arm-none-eabi/13.3.1/../../../../arm-none-eabi/lib/thumb/v7-m/nofp\libc_nano.a(libc_a-nano-vfprintf_i.o)
 .ARM.attributes
                0x00000811       0x2d C:/ST/STM32CubeIDE_1.19.0/STM32CubeIDE/plugins/com.st.stm32cube.ide.mcu.externaltools.gnu-tools-for-stm32.13.3.rel1.win32_1.0.0.202411081344/tools/bin/../lib/gcc/arm-none-eabi/13.3.1/../../../../arm-none-eabi/lib/thumb/v7-m/nofp\libc_nano.a(libc_a-nano-vfscanf_i.o)
 .ARM.attributes
                0x0000083e       0x2d C:/ST/STM32CubeIDE_1.19.0/STM32CubeIDE/plugins/com.st.stm32cube.ide.mcu.externaltools.gnu-tools-for-stm32.13.3.rel1.win32_1.0.0.202411081344/tools/bin/../lib/gcc/arm-none-eabi/13.3.1/../../../../arm-none-eabi/lib/thumb/v7-m/nofp\libc_nano.a(libc_a-sccl.o)
 .ARM.attributes
                0x0000086b       0x2d C:/ST/STM32CubeIDE_1.19.0/STM32CubeIDE/plugins/com.st.stm32cube.ide.mcu.externaltools.gnu-tools-for-stm32.13.3.rel1.win32_1.0.0.202411081344/tools/bin/../lib/gcc/arm-none-eabi/13.3.1/../../../../arm-none-eabi/lib/thumb/v7-m/nofp\libc_nano.a(libc_a-ungetc.o)
 .ARM.attributes
                0x00000898       0x2d C:/ST/STM32CubeIDE_1.19.0/STM32CubeIDE/plugins/com.st.stm32cube.ide.mcu.externaltools.gnu-tools-for-stm32.13.3.rel1.win32_1.0.0.202411081344/tools/bin/../lib/gcc/arm-none-eabi/13.3.1/../../../../arm-none-eabi/lib/thumb/v7-m/nofp\libc_nano.a(libc_a-memmove.o)
 .ARM.attributes
                0x000008c5       0x2d C:/ST/STM32CubeIDE_1.19.0/STM32CubeIDE/plugins/com.st.stm32cube.ide.mcu.externaltools.gnu-tools-for-stm32.13.3.rel1.win32_1.0.0.202411081344/tools/bin/../lib/gcc/arm-none-eabi/13.3.1/../../../../arm-none-eabi/lib/thumb/v7-m/nofp\libc_nano.a(libc_a-sbrkr.o)
 .ARM.attributes
                0x000008f2       0x2d C:/ST/STM32CubeIDE_1.19.0/STM32CubeIDE/plugins/com.st.stm32cube.ide.mcu.externaltools.gnu-tools-for-stm32.13.3.rel1.win32_1.0.0.202411081344/tools/bin/../lib/gcc/arm-none-eabi/13.3.1/../../../../arm-none-eabi/lib/thumb/v7-m/nofp\libc_nano.a(libc_a-memchr-stub.o)
 .ARM.attributes
                0x0000091f       0x2d C:/ST/STM32CubeIDE_1.19.0/STM32CubeIDE/plugins/com.st.stm32cube.ide.mcu.externaltools.gnu-tools-for-stm32.13.3.rel1.win32_1.0.0.202411081344/tools/bin/../lib/gcc/arm-none-eabi/13.3.1/../../../../arm-none-eabi/lib/thumb/v7-m/nofp\libc_nano.a(libc_a-memcpy-stub.o)
 .ARM.attributes
                0x0000094c       0x2d C:/ST/STM32CubeIDE_1.19.0/STM32CubeIDE/plugins/com.st.stm32cube.ide.mcu.externaltools.gnu-tools-for-stm32.13.3.rel1.win32_1.0.0.202411081344/tools/bin/../lib/gcc/arm-none-eabi/13.3.1/../../../../arm-none-eabi/lib/thumb/v7-m/nofp\libc_nano.a(libc_a-reallocr.o)
 .ARM.attributes
                0x00000979       0x2d C:/ST/STM32CubeIDE_1.19.0/STM32CubeIDE/plugins/com.st.stm32cube.ide.mcu.externaltools.gnu-tools-for-stm32.13.3.rel1.win32_1.0.0.202411081344/tools/bin/../lib/gcc/arm-none-eabi/13.3.1/../../../../arm-none-eabi/lib/thumb/v7-m/nofp\libc_nano.a(libc_a-strtol.o)
 .ARM.attributes
                0x000009a6       0x2d C:/ST/STM32CubeIDE_1.19.0/STM32CubeIDE/plugins/com.st.stm32cube.ide.mcu.externaltools.gnu-tools-for-stm32.13.3.rel1.win32_1.0.0.202411081344/tools/bin/../lib/gcc/arm-none-eabi/13.3.1/../../../../arm-none-eabi/lib/thumb/v7-m/nofp\libc_nano.a(libc_a-strtoul.o)
 .ARM.attributes
                0x000009d3       0x2d C:/ST/STM32CubeIDE_1.19.0/STM32CubeIDE/plugins/com.st.stm32cube.ide.mcu.externaltools.gnu-tools-for-stm32.13.3.rel1.win32_1.0.0.202411081344/tools/bin/../lib/gcc/arm-none-eabi/13.3.1/../../../../arm-none-eabi/lib/thumb/v7-m/nofp\libc_nano.a(libc_a-ctype_.o)
 .ARM.attributes
                0x00000a00       0x2d C:/ST/STM32CubeIDE_1.19.0/STM32CubeIDE/plugins/com.st.stm32cube.ide.mcu.externaltools.gnu-tools-for-stm32.13.3.rel1.win32_1.0.0.202411081344/tools/bin/../lib/gcc/arm-none-eabi/13.3.1/../../../../arm-none-eabi/lib/thumb/v7-m/nofp\libc_nano.a(libc_a-msizer.o)
 .ARM.attributes
                0x00000a2d       0x1d C:/ST/STM32CubeIDE_1.19.0/STM32CubeIDE/plugins/com.st.stm32cube.ide.mcu.externaltools.gnu-tools-for-stm32.13.3.rel1.win32_1.0.0.202411081344/tools/bin/../lib/gcc/arm-none-eabi/13.3.1/thumb/v7-m/nofp/crtn.o
OUTPUT(Trabajo-FINAL_tdse.elf elf32-littlearm)
LOAD linker stubs
LOAD C:/ST/STM32CubeIDE_1.19.0/STM32CubeIDE/plugins/com.st.stm32cube.ide.mcu.externaltools.gnu-tools-for-stm32.13.3.rel1.win32_1.0.0.202411081344/tools/bin/../lib/gcc/arm-none-eabi/13.3.1/../../../../arm-none-eabi/lib/thumb/v7-m/nofp\libc.a
LOAD C:/ST/STM32CubeIDE_1.19.0/STM32CubeIDE/plugins/com.st.stm32cube.ide.mcu.externaltools.gnu-tools-for-stm32.13.3.rel1.win32_1.0.0.202411081344/tools/bin/../lib/gcc/arm-none-eabi/13.3.1/../../../../arm-none-eabi/lib/thumb/v7-m/nofp\libm.a
LOAD C:/ST/STM32CubeIDE_1.19.0/STM32CubeIDE/plugins/com.st.stm32cube.ide.mcu.externaltools.gnu-tools-for-stm32.13.3.rel1.win32_1.0.0.202411081344/tools/bin/../lib/gcc/arm-none-eabi/13.3.1/thumb/v7-m/nofp\libgcc.a

.debug_info     0x00000000     0xea7b
 .debug_info    0x00000000     0x1155 ./Core/Src/main.o
 .debug_info    0x00001155      0xe26 ./Core/Src/stm32f1xx_hal_msp.o
 .debug_info    0x00001f7b      0x398 ./Core/Src/stm32f1xx_it.o
 .debug_info    0x00002313      0x6ff ./Core/Src/syscalls.o
 .debug_info    0x00002a12      0x222 ./Core/Src/system_stm32f1xx.o
 .debug_info    0x00002c34       0x30 ./Core/Startup/startup_stm32f103rbtx.o
 .debug_info    0x00002c64      0x704 ./Drivers/STM32F1xx_HAL_Driver/Src/stm32f1xx_hal.o
 .debug_info    0x00003368      0xc50 ./Drivers/STM32F1xx_HAL_Driver/Src/stm32f1xx_hal_adc.o
 .debug_info    0x00003fb8      0xa87 ./Drivers/STM32F1xx_HAL_Driver/Src/stm32f1xx_hal_cortex.o
 .debug_info    0x00004a3f      0x6d2 ./Drivers/STM32F1xx_HAL_Driver/Src/stm32f1xx_hal_dma.o
 .debug_info    0x00005111      0x5ab ./Drivers/STM32F1xx_HAL_Driver/Src/stm32f1xx_hal_gpio.o
 .debug_info    0x000056bc     0x2524 ./Drivers/STM32F1xx_HAL_Driver/Src/stm32f1xx_hal_i2c.o
 .debug_info    0x00007be0      0x628 ./Drivers/STM32F1xx_HAL_Driver/Src/stm32f1xx_hal_pwr.o
 .debug_info    0x00008208      0x7d5 ./Drivers/STM32F1xx_HAL_Driver/Src/stm32f1xx_hal_rcc.o
 .debug_info    0x000089dd      0x3c0 ./Drivers/STM32F1xx_HAL_Driver/Src/stm32f1xx_hal_rcc_ex.o
 .debug_info    0x00008d9d     0x2eed ./Drivers/STM32F1xx_HAL_Driver/Src/stm32f1xx_hal_uart.o
 .debug_info    0x0000bc8a      0x24f ./app/src/app.o
 .debug_info    0x0000bed9      0x271 ./app/src/display.o
 .debug_info    0x0000c14a      0x78f ./app/src/eeprom.o
 .debug_info    0x0000c8d9      0x7d4 ./app/src/logger.o
 .debug_info    0x0000d0ad      0x24f ./app/src/task_actuator.o
 .debug_info    0x0000d2fc      0x1c7 ./app/src/task_actuator_interface.o
 .debug_info    0x0000d4c3      0x4ca ./app/src/task_display.o
 .debug_info    0x0000d98d      0x96a ./app/src/task_sensor.o
 .debug_info    0x0000e2f7      0x221 ./app/src/task_sensor_interface.o
 .debug_info    0x0000e518      0x315 ./app/src/task_system.o
 .debug_info    0x0000e82d      0x24e ./app/src/task_system_interface.o

.debug_abbrev   0x00000000     0x30ee
 .debug_abbrev  0x00000000      0x292 ./Core/Src/main.o
 .debug_abbrev  0x00000292      0x216 ./Core/Src/stm32f1xx_hal_msp.o
 .debug_abbrev  0x000004a8      0x183 ./Core/Src/stm32f1xx_it.o
 .debug_abbrev  0x0000062b      0x1cf ./Core/Src/syscalls.o
 .debug_abbrev  0x000007fa      0x13f ./Core/Src/system_stm32f1xx.o
 .debug_abbrev  0x00000939       0x24 ./Core/Startup/startup_stm32f103rbtx.o
 .debug_abbrev  0x0000095d      0x201 ./Drivers/STM32F1xx_HAL_Driver/Src/stm32f1xx_hal.o
 .debug_abbrev  0x00000b5e      0x225 ./Drivers/STM32F1xx_HAL_Driver/Src/stm32f1xx_hal_adc.o
 .debug_abbrev  0x00000d83      0x2f8 ./Drivers/STM32F1xx_HAL_Driver/Src/stm32f1xx_hal_cortex.o
 .debug_abbrev  0x0000107b      0x20b ./Drivers/STM32F1xx_HAL_Driver/Src/stm32f1xx_hal_dma.o
 .debug_abbrev  0x00001286      0x1ca ./Drivers/STM32F1xx_HAL_Driver/Src/stm32f1xx_hal_gpio.o
 .debug_abbrev  0x00001450      0x2a3 ./Drivers/STM32F1xx_HAL_Driver/Src/stm32f1xx_hal_i2c.o
 .debug_abbrev  0x000016f3      0x1f6 ./Drivers/STM32F1xx_HAL_Driver/Src/stm32f1xx_hal_pwr.o
 .debug_abbrev  0x000018e9      0x2b3 ./Drivers/STM32F1xx_HAL_Driver/Src/stm32f1xx_hal_rcc.o
 .debug_abbrev  0x00001b9c      0x188 ./Drivers/STM32F1xx_HAL_Driver/Src/stm32f1xx_hal_rcc_ex.o
 .debug_abbrev  0x00001d24      0x2f8 ./Drivers/STM32F1xx_HAL_Driver/Src/stm32f1xx_hal_uart.o
 .debug_abbrev  0x0000201c      0x14f ./app/src/app.o
 .debug_abbrev  0x0000216b      0x169 ./app/src/display.o
 .debug_abbrev  0x000022d4      0x1e2 ./app/src/eeprom.o
 .debug_abbrev  0x000024b6      0x21b ./app/src/logger.o
 .debug_abbrev  0x000026d1      0x17d ./app/src/task_actuator.o
 .debug_abbrev  0x0000284e       0xd0 ./app/src/task_actuator_interface.o
 .debug_abbrev  0x0000291e      0x200 ./app/src/task_display.o
 .debug_abbrev  0x00002b1e      0x2a4 ./app/src/task_sensor.o
 .debug_abbrev  0x00002dc2       0xa4 ./app/src/task_sensor_interface.o
 .debug_abbrev  0x00002e66      0x175 ./app/src/task_system.o
 .debug_abbrev  0x00002fdb      0x113 ./app/src/task_system_interface.o

.debug_aranges  0x00000000      0xee0
 .debug_aranges
                0x00000000       0x58 ./Core/Src/main.o
 .debug_aranges
                0x00000058       0x50 ./Core/Src/stm32f1xx_hal_msp.o
 .debug_aranges
                0x000000a8       0x70 ./Core/Src/stm32f1xx_it.o
 .debug_aranges
                0x00000118       0xb0 ./Core/Src/syscalls.o
 .debug_aranges
                0x000001c8       0x28 ./Core/Src/system_stm32f1xx.o
 .debug_aranges
                0x000001f0       0x28 ./Core/Startup/startup_stm32f103rbtx.o
 .debug_aranges
                0x00000218       0xe0 ./Drivers/STM32F1xx_HAL_Driver/Src/stm32f1xx_hal.o
 .debug_aranges
                0x000002f8       0xf0 ./Drivers/STM32F1xx_HAL_Driver/Src/stm32f1xx_hal_adc.o
 .debug_aranges
                0x000003e8      0x100 ./Drivers/STM32F1xx_HAL_Driver/Src/stm32f1xx_hal_cortex.o
 .debug_aranges
                0x000004e8       0x80 ./Drivers/STM32F1xx_HAL_Driver/Src/stm32f1xx_hal_dma.o
 .debug_aranges
                0x00000568       0x58 ./Drivers/STM32F1xx_HAL_Driver/Src/stm32f1xx_hal_gpio.o
 .debug_aranges
                0x000005c0      0x2a8 ./Drivers/STM32F1xx_HAL_Driver/Src/stm32f1xx_hal_i2c.o
 .debug_aranges
                0x00000868       0xa8 ./Drivers/STM32F1xx_HAL_Driver/Src/stm32f1xx_hal_pwr.o
 .debug_aranges
                0x00000910       0x90 ./Drivers/STM32F1xx_HAL_Driver/Src/stm32f1xx_hal_rcc.o
 .debug_aranges
                0x000009a0       0x30 ./Drivers/STM32F1xx_HAL_Driver/Src/stm32f1xx_hal_rcc_ex.o
 .debug_aranges
                0x000009d0      0x208 ./Drivers/STM32F1xx_HAL_Driver/Src/stm32f1xx_hal_uart.o
 .debug_aranges
                0x00000bd8       0x30 ./app/src/app.o
 .debug_aranges
                0x00000c08       0x58 ./app/src/display.o
 .debug_aranges
                0x00000c60       0x38 ./app/src/eeprom.o
 .debug_aranges
                0x00000c98       0x48 ./app/src/logger.o
 .debug_aranges
                0x00000ce0       0x28 ./app/src/task_actuator.o
 .debug_aranges
                0x00000d08       0x40 ./app/src/task_actuator_interface.o
 .debug_aranges
                0x00000d48       0x50 ./app/src/task_display.o
 .debug_aranges
                0x00000d98       0x50 ./app/src/task_sensor.o
 .debug_aranges
                0x00000de8       0x58 ./app/src/task_sensor_interface.o
 .debug_aranges
                0x00000e40       0x38 ./app/src/task_system.o
 .debug_aranges
                0x00000e78       0x68 ./app/src/task_system_interface.o

.debug_rnglists
                0x00000000      0xb53
 .debug_rnglists
                0x00000000       0x3f ./Core/Src/main.o
 .debug_rnglists
                0x0000003f       0x38 ./Core/Src/stm32f1xx_hal_msp.o
 .debug_rnglists
                0x00000077       0x4f ./Core/Src/stm32f1xx_it.o
 .debug_rnglists
                0x000000c6       0x7f ./Core/Src/syscalls.o
 .debug_rnglists
                0x00000145       0x1a ./Core/Src/system_stm32f1xx.o
 .debug_rnglists
                0x0000015f       0x19 ./Core/Startup/startup_stm32f103rbtx.o
 .debug_rnglists
                0x00000178       0xa3 ./Drivers/STM32F1xx_HAL_Driver/Src/stm32f1xx_hal.o
 .debug_rnglists
                0x0000021b       0xbc ./Drivers/STM32F1xx_HAL_Driver/Src/stm32f1xx_hal_adc.o
 .debug_rnglists
                0x000002d7       0xbb ./Drivers/STM32F1xx_HAL_Driver/Src/stm32f1xx_hal_cortex.o
 .debug_rnglists
                0x00000392       0x64 ./Drivers/STM32F1xx_HAL_Driver/Src/stm32f1xx_hal_dma.o
 .debug_rnglists
                0x000003f6       0x3f ./Drivers/STM32F1xx_HAL_Driver/Src/stm32f1xx_hal_gpio.o
 .debug_rnglists
                0x00000435      0x23c ./Drivers/STM32F1xx_HAL_Driver/Src/stm32f1xx_hal_i2c.o
 .debug_rnglists
                0x00000671       0x7a ./Drivers/STM32F1xx_HAL_Driver/Src/stm32f1xx_hal_pwr.o
 .debug_rnglists
                0x000006eb       0x6c ./Drivers/STM32F1xx_HAL_Driver/Src/stm32f1xx_hal_rcc.o
 .debug_rnglists
                0x00000757       0x21 ./Drivers/STM32F1xx_HAL_Driver/Src/stm32f1xx_hal_rcc_ex.o
 .debug_rnglists
                0x00000778      0x1bc ./Drivers/STM32F1xx_HAL_Driver/Src/stm32f1xx_hal_uart.o
 .debug_rnglists
                0x00000934       0x20 ./app/src/app.o
 .debug_rnglists
                0x00000954       0x3e ./app/src/display.o
 .debug_rnglists
                0x00000992       0x27 ./app/src/eeprom.o
 .debug_rnglists
                0x000009b9       0x33 ./app/src/logger.o
 .debug_rnglists
                0x000009ec       0x1b ./app/src/task_actuator.o
 .debug_rnglists
                0x00000a07       0x2b ./app/src/task_actuator_interface.o
 .debug_rnglists
                0x00000a32       0x3a ./app/src/task_display.o
 .debug_rnglists
                0x00000a6c       0x3a ./app/src/task_sensor.o
 .debug_rnglists
                0x00000aa6       0x3d ./app/src/task_sensor_interface.o
 .debug_rnglists
                0x00000ae3       0x27 ./app/src/task_system.o
 .debug_rnglists
                0x00000b0a       0x49 ./app/src/task_system_interface.o

.debug_macro    0x00000000    0x1a0bb
 .debug_macro   0x00000000      0x1c5 ./Core/Src/main.o
 .debug_macro   0x000001c5      0xacc ./Core/Src/main.o
 .debug_macro   0x00000c91      0x227 ./Core/Src/main.o
 .debug_macro   0x00000eb8       0x2e ./Core/Src/main.o
 .debug_macro   0x00000ee6       0x22 ./Core/Src/main.o
 .debug_macro   0x00000f08       0x22 ./Core/Src/main.o
 .debug_macro   0x00000f2a       0x8e ./Core/Src/main.o
 .debug_macro   0x00000fb8       0x51 ./Core/Src/main.o
 .debug_macro   0x00001009      0x103 ./Core/Src/main.o
 .debug_macro   0x0000110c       0x6a ./Core/Src/main.o
 .debug_macro   0x00001176      0x1df ./Core/Src/main.o
 .debug_macro   0x00001355       0x1c ./Core/Src/main.o
 .debug_macro   0x00001371       0x22 ./Core/Src/main.o
 .debug_macro   0x00001393       0xbd ./Core/Src/main.o
 .debug_macro   0x00001450      0xd23 ./Core/Src/main.o
 .debug_macro   0x00002173     0xe09e ./Core/Src/main.o
 .debug_macro   0x00010211       0x6d ./Core/Src/main.o
 .debug_macro   0x0001027e     0x34a2 ./Core/Src/main.o
 .debug_macro   0x00013720      0x190 ./Core/Src/main.o
 .debug_macro   0x000138b0       0x5c ./Core/Src/main.o
 .debug_macro   0x0001390c      0x5bc ./Core/Src/main.o
 .debug_macro   0x00013ec8      0x289 ./Core/Src/main.o
 .debug_macro   0x00014151      0x1cb ./Core/Src/main.o
 .debug_macro   0x0001431c      0x114 ./Core/Src/main.o
 .debug_macro   0x00014430      0x1b2 ./Core/Src/main.o
 .debug_macro   0x000145e2       0x27 ./Core/Src/main.o
 .debug_macro   0x00014609      0x136 ./Core/Src/main.o
 .debug_macro   0x0001473f      0x1bc ./Core/Src/main.o
 .debug_macro   0x000148fb       0x34 ./Core/Src/main.o
 .debug_macro   0x0001492f       0x3c ./Core/Src/main.o
 .debug_macro   0x0001496b       0x57 ./Core/Src/main.o
 .debug_macro   0x000149c2      0x46a ./Core/Src/main.o
 .debug_macro   0x00014e2c      0x1b5 ./Core/Src/main.o
 .debug_macro   0x00014fe1       0x87 ./Core/Src/main.o
 .debug_macro   0x00015068      0x240 ./Core/Src/main.o
 .debug_macro   0x000152a8      0x287 ./Core/Src/main.o
 .debug_macro   0x0001552f      0x140 ./Core/Src/main.o
 .debug_macro   0x0001566f      0x28e ./Core/Src/main.o
 .debug_macro   0x000158fd       0x83 ./Core/Src/main.o
 .debug_macro   0x00015980       0x52 ./Core/Src/main.o
 .debug_macro   0x000159d2      0x1bb ./Core/Src/stm32f1xx_hal_msp.o
 .debug_macro   0x00015b8d      0x1c5 ./Core/Src/stm32f1xx_it.o
 .debug_macro   0x00015d52      0x274 ./Core/Src/syscalls.o
 .debug_macro   0x00015fc6       0x5b ./Core/Src/syscalls.o
 .debug_macro   0x00016021       0x24 ./Core/Src/syscalls.o
 .debug_macro   0x00016045       0x94 ./Core/Src/syscalls.o
 .debug_macro   0x000160d9       0x43 ./Core/Src/syscalls.o
 .debug_macro   0x0001611c       0x34 ./Core/Src/syscalls.o
 .debug_macro   0x00016150       0x57 ./Core/Src/syscalls.o
 .debug_macro   0x000161a7      0x370 ./Core/Src/syscalls.o
 .debug_macro   0x00016517       0x16 ./Core/Src/syscalls.o
 .debug_macro   0x0001652d       0x4a ./Core/Src/syscalls.o
 .debug_macro   0x00016577       0x34 ./Core/Src/syscalls.o
 .debug_macro   0x000165ab       0x10 ./Core/Src/syscalls.o
 .debug_macro   0x000165bb       0x58 ./Core/Src/syscalls.o
 .debug_macro   0x00016613       0x8e ./Core/Src/syscalls.o
 .debug_macro   0x000166a1       0x1c ./Core/Src/syscalls.o
 .debug_macro   0x000166bd      0x185 ./Core/Src/syscalls.o
 .debug_macro   0x00016842       0x10 ./Core/Src/syscalls.o
 .debug_macro   0x00016852       0x3c ./Core/Src/syscalls.o
 .debug_macro   0x0001688e       0x10 ./Core/Src/syscalls.o
 .debug_macro   0x0001689e       0x10 ./Core/Src/syscalls.o
 .debug_macro   0x000168ae       0x10 ./Core/Src/syscalls.o
 .debug_macro   0x000168be       0x1c ./Core/Src/syscalls.o
 .debug_macro   0x000168da       0x52 ./Core/Src/syscalls.o
 .debug_macro   0x0001692c       0x22 ./Core/Src/syscalls.o
 .debug_macro   0x0001694e       0x10 ./Core/Src/syscalls.o
 .debug_macro   0x0001695e       0x52 ./Core/Src/syscalls.o
 .debug_macro   0x000169b0       0xcf ./Core/Src/syscalls.o
 .debug_macro   0x00016a7f       0x1c ./Core/Src/syscalls.o
 .debug_macro   0x00016a9b       0x3d ./Core/Src/syscalls.o
 .debug_macro   0x00016ad8       0x35 ./Core/Src/syscalls.o
 .debug_macro   0x00016b0d      0x12c ./Core/Src/syscalls.o
 .debug_macro   0x00016c39       0x16 ./Core/Src/syscalls.o
 .debug_macro   0x00016c4f       0x16 ./Core/Src/syscalls.o
 .debug_macro   0x00016c65       0x29 ./Core/Src/syscalls.o
 .debug_macro   0x00016c8e       0x10 ./Core/Src/syscalls.o
 .debug_macro   0x00016c9e      0x242 ./Core/Src/syscalls.o
 .debug_macro   0x00016ee0       0x1c ./Core/Src/syscalls.o
 .debug_macro   0x00016efc       0x10 ./Core/Src/syscalls.o
 .debug_macro   0x00016f0c       0x10 ./Core/Src/syscalls.o
 .debug_macro   0x00016f1c       0x16 ./Core/Src/syscalls.o
 .debug_macro   0x00016f32      0x146 ./Core/Src/syscalls.o
 .debug_macro   0x00017078      0x18a ./Core/Src/syscalls.o
 .debug_macro   0x00017202       0x16 ./Core/Src/syscalls.o
 .debug_macro   0x00017218       0xce ./Core/Src/syscalls.o
 .debug_macro   0x000172e6      0x1ac ./Core/Src/system_stm32f1xx.o
 .debug_macro   0x00017492      0x1d0 ./Drivers/STM32F1xx_HAL_Driver/Src/stm32f1xx_hal.o
 .debug_macro   0x00017662      0x1c9 ./Drivers/STM32F1xx_HAL_Driver/Src/stm32f1xx_hal_adc.o
 .debug_macro   0x0001782b      0x1ac ./Drivers/STM32F1xx_HAL_Driver/Src/stm32f1xx_hal_cortex.o
 .debug_macro   0x000179d7      0x1ac ./Drivers/STM32F1xx_HAL_Driver/Src/stm32f1xx_hal_dma.o
 .debug_macro   0x00017b83      0x217 ./Drivers/STM32F1xx_HAL_Driver/Src/stm32f1xx_hal_gpio.o
 .debug_macro   0x00017d9a      0x1fa ./Drivers/STM32F1xx_HAL_Driver/Src/stm32f1xx_hal_i2c.o
 .debug_macro   0x00017f94      0x20c ./Drivers/STM32F1xx_HAL_Driver/Src/stm32f1xx_hal_pwr.o
 .debug_macro   0x000181a0      0x1be ./Drivers/STM32F1xx_HAL_Driver/Src/stm32f1xx_hal_rcc.o
 .debug_macro   0x0001835e      0x1ac ./Drivers/STM32F1xx_HAL_Driver/Src/stm32f1xx_hal_rcc_ex.o
 .debug_macro   0x0001850a      0x1ad ./Drivers/STM32F1xx_HAL_Driver/Src/stm32f1xx_hal_uart.o
 .debug_macro   0x000186b7      0x203 ./app/src/app.o
 .debug_macro   0x000188ba       0x22 ./app/src/app.o
 .debug_macro   0x000188dc       0x10 ./app/src/app.o
 .debug_macro   0x000188ec       0x16 ./app/src/app.o
 .debug_macro   0x00018902       0x3a ./app/src/app.o
 .debug_macro   0x0001893c      0x1d7 ./app/src/display.o
 .debug_macro   0x00018b13      0x166 ./app/src/display.o
 .debug_macro   0x00018c79      0x1da ./app/src/eeprom.o
 .debug_macro   0x00018e53      0x2fa ./app/src/logger.o
 .debug_macro   0x0001914d       0x61 ./app/src/logger.o
 .debug_macro   0x000191ae       0x16 ./app/src/logger.o
 .debug_macro   0x000191c4       0x16 ./app/src/logger.o
 .debug_macro   0x000191da       0x16 ./app/src/logger.o
 .debug_macro   0x000191f0       0x20 ./app/src/logger.o
 .debug_macro   0x00019210       0x1c ./app/src/logger.o
 .debug_macro   0x0001922c      0x1fc ./app/src/task_actuator.o
 .debug_macro   0x00019428       0x16 ./app/src/task_actuator.o
 .debug_macro   0x0001943e      0x1d3 ./app/src/task_actuator_interface.o
 .debug_macro   0x00019611      0x2fc ./app/src/task_display.o
 .debug_macro   0x0001990d       0x10 ./app/src/task_display.o
 .debug_macro   0x0001991d      0x207 ./app/src/task_sensor.o
 .debug_macro   0x00019b24      0x1ce ./app/src/task_sensor_interface.o
 .debug_macro   0x00019cf2      0x1ee ./app/src/task_system.o
 .debug_macro   0x00019ee0      0x1db ./app/src/task_system_interface.o

.debug_line     0x00000000    0x14969
 .debug_line    0x00000000      0x8cf ./Core/Src/main.o
 .debug_line    0x000008cf      0x815 ./Core/Src/stm32f1xx_hal_msp.o
 .debug_line    0x000010e4      0x7f2 ./Core/Src/stm32f1xx_it.o
 .debug_line    0x000018d6      0x8d1 ./Core/Src/syscalls.o
 .debug_line    0x000021a7      0x792 ./Core/Src/system_stm32f1xx.o
 .debug_line    0x00002939       0x78 ./Core/Startup/startup_stm32f103rbtx.o
 .debug_line    0x000029b1      0x9c3 ./Drivers/STM32F1xx_HAL_Driver/Src/stm32f1xx_hal.o
 .debug_line    0x00003374      0xfe8 ./Drivers/STM32F1xx_HAL_Driver/Src/stm32f1xx_hal_adc.o
 .debug_line    0x0000435c      0xb8d ./Drivers/STM32F1xx_HAL_Driver/Src/stm32f1xx_hal_cortex.o
 .debug_line    0x00004ee9      0xdcd ./Drivers/STM32F1xx_HAL_Driver/Src/stm32f1xx_hal_dma.o
 .debug_line    0x00005cb6      0xa20 ./Drivers/STM32F1xx_HAL_Driver/Src/stm32f1xx_hal_gpio.o
 .debug_line    0x000066d6     0x3bc0 ./Drivers/STM32F1xx_HAL_Driver/Src/stm32f1xx_hal_i2c.o
 .debug_line    0x0000a296      0x967 ./Drivers/STM32F1xx_HAL_Driver/Src/stm32f1xx_hal_pwr.o
 .debug_line    0x0000abfd      0xe7c ./Drivers/STM32F1xx_HAL_Driver/Src/stm32f1xx_hal_rcc.o
 .debug_line    0x0000ba79      0x92d ./Drivers/STM32F1xx_HAL_Driver/Src/stm32f1xx_hal_rcc_ex.o
 .debug_line    0x0000c3a6     0x24df ./Drivers/STM32F1xx_HAL_Driver/Src/stm32f1xx_hal_uart.o
 .debug_line    0x0000e885      0x816 ./app/src/app.o
 .debug_line    0x0000f09b      0x82b ./app/src/display.o
 .debug_line    0x0000f8c6      0x816 ./app/src/eeprom.o
 .debug_line    0x000100dc      0xa1b ./app/src/logger.o
 .debug_line    0x00010af7      0x811 ./app/src/task_actuator.o
 .debug_line    0x00011308      0x7d1 ./app/src/task_actuator_interface.o
 .debug_line    0x00011ad9      0xb43 ./app/src/task_display.o
 .debug_line    0x0001261c      0x9f9 ./app/src/task_sensor.o
 .debug_line    0x00013015      0x803 ./app/src/task_sensor_interface.o
 .debug_line    0x00013818      0x917 ./app/src/task_system.o
 .debug_line    0x0001412f      0x83a ./app/src/task_system_interface.o

.debug_str      0x00000000    0x8ccc2
 .debug_str     0x00000000    0x8ccc2 ./Core/Src/main.o
                              0x83bff (size before relaxing)
 .debug_str     0x0008ccc2    0x83705 ./Core/Src/stm32f1xx_hal_msp.o
 .debug_str     0x0008ccc2    0x830a0 ./Core/Src/stm32f1xx_it.o
 .debug_str     0x0008ccc2     0x99a7 ./Core/Src/syscalls.o
 .debug_str     0x0008ccc2    0x82d38 ./Core/Src/system_stm32f1xx.o
 .debug_str     0x0008ccc2       0x78 ./Core/Startup/startup_stm32f103rbtx.o
 .debug_str     0x0008ccc2    0x8346b ./Drivers/STM32F1xx_HAL_Driver/Src/stm32f1xx_hal.o
 .debug_str     0x0008ccc2    0x8341c ./Drivers/STM32F1xx_HAL_Driver/Src/stm32f1xx_hal_adc.o
 .debug_str     0x0008ccc2    0x833b7 ./Drivers/STM32F1xx_HAL_Driver/Src/stm32f1xx_hal_cortex.o
 .debug_str     0x0008ccc2    0x830e1 ./Drivers/STM32F1xx_HAL_Driver/Src/stm32f1xx_hal_dma.o
 .debug_str     0x0008ccc2    0x830be ./Drivers/STM32F1xx_HAL_Driver/Src/stm32f1xx_hal_gpio.o
 .debug_str     0x0008ccc2    0x83dff ./Drivers/STM32F1xx_HAL_Driver/Src/stm32f1xx_hal_i2c.o